Archive member included to satisfy reference by file (symbol)

C:\Users\Administrator\STM32Cube\Repository\STM32Cube_FW_L4_V1.18.0\Projects\B-L4S5I-IOT01A\Applications\Project_Main\WiFi_HTTP_Server\STM32CubeIDE\Application\Lib\libarm_cortexM4lf_math.a(arm_q7_to_float.o)
                              ./Application/User/receiving_main.o (arm_q7_to_float)
C:\Users\Administrator\STM32Cube\Repository\STM32Cube_FW_L4_V1.18.0\Projects\B-L4S5I-IOT01A\Applications\Project_Main\WiFi_HTTP_Server\STM32CubeIDE\Application\Lib\libarm_cortexM4lf_math.a(arm_rfft_fast_init_f32.o)
                              ./Application/User/receiving_main.o (arm_rfft_fast_init_f32)
C:\Users\Administrator\STM32Cube\Repository\STM32Cube_FW_L4_V1.18.0\Projects\B-L4S5I-IOT01A\Applications\Project_Main\WiFi_HTTP_Server\STM32CubeIDE\Application\Lib\libarm_cortexM4lf_math.a(arm_rfft_fast_f32.o)
                              ./Application/User/receiving_main.o (arm_rfft_fast_f32)
C:\Users\Administrator\STM32Cube\Repository\STM32Cube_FW_L4_V1.18.0\Projects\B-L4S5I-IOT01A\Applications\Project_Main\WiFi_HTTP_Server\STM32CubeIDE\Application\Lib\libarm_cortexM4lf_math.a(arm_cfft_f32.o)
                              C:\Users\Administrator\STM32Cube\Repository\STM32Cube_FW_L4_V1.18.0\Projects\B-L4S5I-IOT01A\Applications\Project_Main\WiFi_HTTP_Server\STM32CubeIDE\Application\Lib\libarm_cortexM4lf_math.a(arm_rfft_fast_f32.o) (arm_cfft_f32)
C:\Users\Administrator\STM32Cube\Repository\STM32Cube_FW_L4_V1.18.0\Projects\B-L4S5I-IOT01A\Applications\Project_Main\WiFi_HTTP_Server\STM32CubeIDE\Application\Lib\libarm_cortexM4lf_math.a(arm_bitreversal2.o)
                              C:\Users\Administrator\STM32Cube\Repository\STM32Cube_FW_L4_V1.18.0\Projects\B-L4S5I-IOT01A\Applications\Project_Main\WiFi_HTTP_Server\STM32CubeIDE\Application\Lib\libarm_cortexM4lf_math.a(arm_cfft_f32.o) (arm_bitreversal_32)
C:\Users\Administrator\STM32Cube\Repository\STM32Cube_FW_L4_V1.18.0\Projects\B-L4S5I-IOT01A\Applications\Project_Main\WiFi_HTTP_Server\STM32CubeIDE\Application\Lib\libarm_cortexM4lf_math.a(arm_common_tables.o)
                              C:\Users\Administrator\STM32Cube\Repository\STM32Cube_FW_L4_V1.18.0\Projects\B-L4S5I-IOT01A\Applications\Project_Main\WiFi_HTTP_Server\STM32CubeIDE\Application\Lib\libarm_cortexM4lf_math.a(arm_rfft_fast_init_f32.o) (twiddleCoef_rfft_4096)
C:\Users\Administrator\STM32Cube\Repository\STM32Cube_FW_L4_V1.18.0\Projects\B-L4S5I-IOT01A\Applications\Project_Main\WiFi_HTTP_Server\STM32CubeIDE\Application\Lib\libarm_cortexM4lf_math.a(arm_cfft_radix8_f32.o)
                              C:\Users\Administrator\STM32Cube\Repository\STM32Cube_FW_L4_V1.18.0\Projects\B-L4S5I-IOT01A\Applications\Project_Main\WiFi_HTTP_Server\STM32CubeIDE\Application\Lib\libarm_cortexM4lf_math.a(arm_cfft_f32.o) (arm_radix8_butterfly_f32)
C:/ST/STM32CubeIDE_1.13.1/STM32CubeIDE/plugins/com.st.stm32cube.ide.mcu.externaltools.gnu-tools-for-stm32.11.3.rel1.win32_1.1.0.202305231506/tools/bin/../lib/gcc/arm-none-eabi/11.3.1/../../../../arm-none-eabi/lib/thumb/v7e-m+fp/hard\libc_nano.a(libc_a-exit.o)
                              C:/ST/STM32CubeIDE_1.13.1/STM32CubeIDE/plugins/com.st.stm32cube.ide.mcu.externaltools.gnu-tools-for-stm32.11.3.rel1.win32_1.1.0.202305231506/tools/bin/../lib/gcc/arm-none-eabi/11.3.1/../../../../arm-none-eabi/lib/thumb/v7e-m+fp/hard/crt0.o (exit)
C:/ST/STM32CubeIDE_1.13.1/STM32CubeIDE/plugins/com.st.stm32cube.ide.mcu.externaltools.gnu-tools-for-stm32.11.3.rel1.win32_1.1.0.202305231506/tools/bin/../lib/gcc/arm-none-eabi/11.3.1/../../../../arm-none-eabi/lib/thumb/v7e-m+fp/hard\libc_nano.a(libc_a-malloc.o)
                              ./Application/User/flash_l4.o (malloc)
C:/ST/STM32CubeIDE_1.13.1/STM32CubeIDE/plugins/com.st.stm32cube.ide.mcu.externaltools.gnu-tools-for-stm32.11.3.rel1.win32_1.1.0.202305231506/tools/bin/../lib/gcc/arm-none-eabi/11.3.1/../../../../arm-none-eabi/lib/thumb/v7e-m+fp/hard\libc_nano.a(libc_a-mallocr.o)
                              C:/ST/STM32CubeIDE_1.13.1/STM32CubeIDE/plugins/com.st.stm32cube.ide.mcu.externaltools.gnu-tools-for-stm32.11.3.rel1.win32_1.1.0.202305231506/tools/bin/../lib/gcc/arm-none-eabi/11.3.1/../../../../arm-none-eabi/lib/thumb/v7e-m+fp/hard\libc_nano.a(libc_a-malloc.o) (_malloc_r)
C:/ST/STM32CubeIDE_1.13.1/STM32CubeIDE/plugins/com.st.stm32cube.ide.mcu.externaltools.gnu-tools-for-stm32.11.3.rel1.win32_1.1.0.202305231506/tools/bin/../lib/gcc/arm-none-eabi/11.3.1/../../../../arm-none-eabi/lib/thumb/v7e-m+fp/hard\libc_nano.a(libc_a-mlock.o)
                              C:/ST/STM32CubeIDE_1.13.1/STM32CubeIDE/plugins/com.st.stm32cube.ide.mcu.externaltools.gnu-tools-for-stm32.11.3.rel1.win32_1.1.0.202305231506/tools/bin/../lib/gcc/arm-none-eabi/11.3.1/../../../../arm-none-eabi/lib/thumb/v7e-m+fp/hard\libc_nano.a(libc_a-mallocr.o) (__malloc_lock)
[...]
Memory Configuration

Name             Origin             Length             Attributes
RAM              0x0000000020000000 0x0000000000064000 xrw
SRAM2            0x0000000010000000 0x0000000000008000 xrw
ROM              0x0000000008000000 0x0000000000100000 xr
FLASH_UC         0x00000000080ff000 0x0000000000000800 r
*default*        0x0000000000000000 0xffffffffffffffff

Linker script and memory map

LOAD C:/ST/STM32CubeIDE_1.13.1/STM32CubeIDE/plugins/com.st.stm32cube.ide.mcu.externaltools.gnu-tools-for-stm32.11.3.rel1.win32_1.1.0.202305231506/tools/bin/../lib/gcc/arm-none-eabi/11.3.1/thumb/v7e-m+fp/hard/crti.o
LOAD C:/ST/STM32CubeIDE_1.13.1/STM32CubeIDE/plugins/com.st.stm32cube.ide.mcu.externaltools.gnu-tools-for-stm32.11.3.rel1.win32_1.1.0.202305231506/tools/bin/../lib/gcc/arm-none-eabi/11.3.1/thumb/v7e-m+fp/hard/crtbegin.o
LOAD C:/ST/STM32CubeIDE_1.13.1/STM32CubeIDE/plugins/com.st.stm32cube.ide.mcu.externaltools.gnu-tools-for-stm32.11.3.rel1.win32_1.1.0.202305231506/tools/bin/../lib/gcc/arm-none-eabi/11.3.1/../../../../arm-none-eabi/lib/thumb/v7e-m+fp/hard/crt0.o
LOAD ./Application/Startup/startup_stm32l4s5vitx.o
LOAD ./Application/User/flash_l4.o
LOAD ./Application/User/receiving_main.o
LOAD ./Application/User/sending_main.o
LOAD ./Application/User/stm32l4xx_hal_msp.o
LOAD ./Application/User/stm32l4xx_it.o
LOAD ./Application/User/syscalls.o
LOAD ./Application/User/sysmem.o
LOAD ./Application/User/system_stm32l4xx.o
LOAD ./Application/WiFi/es_wifi.o
LOAD ./Application/WiFi/es_wifi_io.o
LOAD ./Application/WiFi/wifi.o
LOAD ./Drivers/BSP/Components/HTS221/hts221.o
LOAD ./Drivers/BSP/stm32l4s5i_iot01.o
LOAD ./Drivers/BSP/stm32l4s5i_iot01_tsensor.o
LOAD ./Drivers/STM32L4xx_HAL_Driver/stm32l4xx_hal.o
LOAD ./Drivers/STM32L4xx_HAL_Driver/stm32l4xx_hal_adc.o
LOAD ./Drivers/STM32L4xx_HAL_Driver/stm32l4xx_hal_adc_ex.o
LOAD ./Drivers/STM32L4xx_HAL_Driver/stm32l4xx_hal_cortex.o
LOAD ./Drivers/STM32L4xx_HAL_Driver/stm32l4xx_hal_dac.o
LOAD ./Drivers/STM32L4xx_HAL_Driver/stm32l4xx_hal_dac_ex.o
LOAD ./Drivers/STM32L4xx_HAL_Driver/stm32l4xx_hal_dfsdm.o
LOAD ./Drivers/STM32L4xx_HAL_Driver/stm32l4xx_hal_dfsdm_ex.o
LOAD ./Drivers/STM32L4xx_HAL_Driver/stm32l4xx_hal_dma.o
LOAD ./Drivers/STM32L4xx_HAL_Driver/stm32l4xx_hal_dma_ex.o
LOAD ./Drivers/STM32L4xx_HAL_Driver/stm32l4xx_hal_flash.o
LOAD ./Drivers/STM32L4xx_HAL_Driver/stm32l4xx_hal_flash_ex.o
LOAD ./Drivers/STM32L4xx_HAL_Driver/stm32l4xx_hal_gpio.o
LOAD ./Drivers/STM32L4xx_HAL_Driver/stm32l4xx_hal_i2c.o
LOAD ./Drivers/STM32L4xx_HAL_Driver/stm32l4xx_hal_i2c_ex.o
LOAD ./Drivers/STM32L4xx_HAL_Driver/stm32l4xx_hal_pwr.o
LOAD ./Drivers/STM32L4xx_HAL_Driver/stm32l4xx_hal_pwr_ex.o
LOAD ./Drivers/STM32L4xx_HAL_Driver/stm32l4xx_hal_rcc.o
LOAD ./Drivers/STM32L4xx_HAL_Driver/stm32l4xx_hal_rcc_ex.o
LOAD ./Drivers/STM32L4xx_HAL_Driver/stm32l4xx_hal_spi.o
LOAD ./Drivers/STM32L4xx_HAL_Driver/stm32l4xx_hal_spi_ex.o
LOAD ./Drivers/STM32L4xx_HAL_Driver/stm32l4xx_hal_tim.o
LOAD ./Drivers/STM32L4xx_HAL_Driver/stm32l4xx_hal_tim_ex.o
LOAD ./Drivers/STM32L4xx_HAL_Driver/stm32l4xx_hal_uart.o
LOAD ./Drivers/STM32L4xx_HAL_Driver/stm32l4xx_hal_uart_ex.o
LOAD C:\Users\Administrator\STM32Cube\Repository\STM32Cube_FW_L4_V1.18.0\Projects\B-L4S5I-IOT01A\Applications\Project_Main\WiFi_HTTP_Server\STM32CubeIDE\Application\Lib\libarm_cortexM4lf_math.a
START GROUP
LOAD C:/ST/STM32CubeIDE_1.13.1/STM32CubeIDE/plugins/com.st.stm32cube.ide.mcu.externaltools.gnu-tools-for-stm32.11.3.rel1.win32_1.1.0.202305231506/tools/bin/../lib/gcc/arm-none-eabi/11.3.1/../../../../arm-none-eabi/lib/thumb/v7e-m+fp/hard\libc_nano.a
LOAD C:/ST/STM32CubeIDE_1.13.1/STM32CubeIDE/plugins/com.st.stm32cube.ide.mcu.externaltools.gnu-tools-for-stm32.11.3.rel1.win32_1.1.0.202305231506/tools/bin/../lib/gcc/arm-none-eabi/11.3.1/../../../../arm-none-eabi/lib/thumb/v7e-m+fp/hard\libm.a
END GROUP
START GROUP
LOAD C:/ST/STM32CubeIDE_1.13.1/STM32CubeIDE/plugins/com.st.stm32cube.ide.mcu.externaltools.gnu-tools-for-stm32.11.3.rel1.win32_1.1.0.202305231506/tools/bin/../lib/gcc/arm-none-eabi/11.3.1/thumb/v7e-m+fp/hard\libgcc.a
LOAD C:/ST/STM32CubeIDE_1.13.1/STM32CubeIDE/plugins/com.st.stm32cube.ide.mcu.externaltools.gnu-tools-for-stm32.11.3.rel1.win32_1.1.0.202305231506/tools/bin/../lib/gcc/arm-none-eabi/11.3.1/../../../../arm-none-eabi/lib/thumb/v7e-m+fp/hard\libc_nano.a
END GROUP
START GROUP
LOAD C:/ST/STM32CubeIDE_1.13.1/STM32CubeIDE/plugins/com.st.stm32cube.ide.mcu.externaltools.gnu-tools-for-stm32.11.3.rel1.win32_1.1.0.202305231506/tools/bin/../lib/gcc/arm-none-eabi/11.3.1/thumb/v7e-m+fp/hard\libgcc.a
LOAD C:/ST/STM32CubeIDE_1.13.1/STM32CubeIDE/plugins/com.st.stm32cube.ide.mcu.externaltools.gnu-tools-for-stm32.11.3.rel1.win32_1.1.0.202305231506/tools/bin/../lib/gcc/arm-none-eabi/11.3.1/../../../../arm-none-eabi/lib/thumb/v7e-m+fp/hard\libc_nano.a
LOAD C:/ST/STM32CubeIDE_1.13.1/STM32CubeIDE/plugins/com.st.stm32cube.ide.mcu.externaltools.gnu-tools-for-stm32.11.3.rel1.win32_1.1.0.202305231506/tools/bin/../lib/gcc/arm-none-eabi/11.3.1/../../../../arm-none-eabi/lib/thumb/v7e-m+fp/hard\libnosys.a
END GROUP
START GROUP
LOAD C:/ST/STM32CubeIDE_1.13.1/STM32CubeIDE/plugins/com.st.stm32cube.ide.mcu.externaltools.gnu-tools-for-stm32.11.3.rel1.win32_1.1.0.202305231506/tools/bin/../lib/gcc/arm-none-eabi/11.3.1/thumb/v7e-m+fp/hard\libgcc.a
LOAD C:/ST/STM32CubeIDE_1.13.1/STM32CubeIDE/plugins/com.st.stm32cube.ide.mcu.externaltools.gnu-tools-for-stm32.11.3.rel1.win32_1.1.0.202305231506/tools/bin/../lib/gcc/arm-none-eabi/11.3.1/../../../../arm-none-eabi/lib/thumb/v7e-m+fp/hard\libc_nano.a
LOAD C:/ST/STM32CubeIDE_1.13.1/STM32CubeIDE/plugins/com.st.stm32cube.ide.mcu.externaltools.gnu-tools-for-stm32.11.3.rel1.win32_1.1.0.202305231506/tools/bin/../lib/gcc/arm-none-eabi/11.3.1/../../../../arm-none-eabi/lib/thumb/v7e-m+fp/hard\libnosys.a
END GROUP
LOAD C:/ST/STM32CubeIDE_1.13.1/STM32CubeIDE/plugins/com.st.stm32cube.ide.mcu.externaltools.gnu-tools-for-stm32.11.3.rel1.win32_1.1.0.202305231506/tools/bin/../lib/gcc/arm-none-eabi/11.3.1/thumb/v7e-m+fp/hard/crtend.o
LOAD C:/ST/STM32CubeIDE_1.13.1/STM32CubeIDE/plugins/com.st.stm32cube.ide.mcu.externaltools.gnu-tools-for-stm32.11.3.rel1.win32_1.1.0.202305231506/tools/bin/../lib/gcc/arm-none-eabi/11.3.1/thumb/v7e-m+fp/hard/crtn.o
                0x0000000020064000                _estack = (ORIGIN (RAM) + LENGTH (RAM))
                0x0000000000010000                _Min_Heap_Size = 0x10000
                0x0000000000007f00                _Min_Stack_Size = 0x7f00

.isr_vector     0x0000000008000000      0x1bc
                0x0000000008000000                . = ALIGN (0x4)
 *(.isr_vector)
 .isr_vector    0x0000000008000000      0x1bc ./Application/Startup/startup_stm32l4s5vitx.o
                0x0000000008000000                g_pfnVectors
                0x00000000080001bc                . = ALIGN (0x4)

UNINIT_FIXED_LOC
 *(UNINIT_FIXED_LOC)

.text           0x00000000080001c0     0xdfa8
                0x00000000080001c0                . = ALIGN (0x4)
 *(.text)
 .text          0x00000000080001c0       0x40 C:/ST/STM32CubeIDE_1.13.1/STM32CubeIDE/plugins/com.st.stm32cube.ide.mcu.externaltools.gnu-tools-for-stm32.11.3.rel1.win32_1.1.0.202305231506/tools/bin/../lib/gcc/arm-none-eabi/11.3.1/thumb/v7e-m+fp/hard/crtbegin.o
 .text          0x0000000008000200       0xa0 C:/ST/STM32CubeIDE_1.13.1/STM32CubeIDE/plugins/com.st.stm32cube.ide.mcu.externaltools.gnu-tools-for-stm32.11.3.rel1.win32_1.1.0.202305231506/tools/bin/../lib/gcc/arm-none-eabi/11.3.1/../../../../arm-none-eabi/lib/thumb/v7e-m+fp/hard\libc_nano.a(libc_a-memchr.o)
                0x0000000008000200                memchr
 .text          0x00000000080002a0       0x10 C:/ST/STM32CubeIDE_1.13.1/STM32CubeIDE/plugins/com.st.stm32cube.ide.mcu.externaltools.gnu-tools-for-stm32.11.3.rel1.win32_1.1.0.202305231506/tools/bin/../lib/gcc/arm-none-eabi/11.3.1/../../../../arm-none-eabi/lib/thumb/v7e-m+fp/hard\libc_nano.a(libc_a-strlen.o)
                0x00000000080002a0                strlen
 .text          0x00000000080002b0      0x378 C:/ST/STM32CubeIDE_1.13.1/STM32CubeIDE/plugins/com.st.stm32cube.ide.mcu.externaltools.gnu-tools-for-stm32.11.3.rel1.win32_1.1.0.202305231506/tools/bin/../lib/gcc/arm-none-eabi/11.3.1/thumb/v7e-m+fp/hard\libgcc.a(_arm_addsubdf3.o)
                0x00000000080002b0                __aeabi_drsub
                0x00000000080002b8                __aeabi_dsub
                0x00000000080002b8                __subdf3
                0x00000000080002bc                __aeabi_dadd
                0x00000000080002bc                __adddf3
                0x0000000008000534                __floatunsidf
                0x0000000008000534                __aeabi_ui2d
                0x0000000008000554                __floatsidf
                0x0000000008000554                __aeabi_i2d
                0x0000000008000578                __aeabi_f2d
                0x0000000008000578                __extendsfdf2
                0x00000000080005bc                __floatundidf
                0x00000000080005bc                __aeabi_ul2d
                0x00000000080005cc                __floatdidf
                0x00000000080005cc                __aeabi_l2d
 .text          0x0000000008000628      0x424 C:/ST/STM32CubeIDE_1.13.1/STM32CubeIDE/plugins/com.st.stm32cube.ide.mcu.externaltools.gnu-tools-for-stm32.11.3.rel1.win32_1.1.0.202305231506/tools/bin/../lib/gcc/arm-none-eabi/11.3.1/thumb/v7e-m+fp/hard\libgcc.a(_arm_muldivdf3.o)
                0x0000000008000628                __aeabi_dmul
                0x0000000008000628                __muldf3
                0x000000000800087c                __divdf3
                0x000000000800087c                __aeabi_ddiv
 .text          0x0000000008000a4c      0x110 C:/ST/STM32CubeIDE_1.13.1/STM32CubeIDE/plugins/com.st.stm32cube.ide.mcu.externaltools.gnu-tools-for-stm32.11.3.rel1.win32_1.1.0.202305231506/tools/bin/../lib/gcc/arm-none-eabi/11.3.1/thumb/v7e-m+fp/hard\libgcc.a(_arm_cmpdf2.o)
                0x0000000008000a4c                __gtdf2
                0x0000000008000a4c                __gedf2
                0x0000000008000a54                __ltdf2
                0x0000000008000a54                __ledf2
                0x0000000008000a5c                __nedf2
                0x0000000008000a5c                __eqdf2
                0x0000000008000a5c                __cmpdf2
                0x0000000008000ad8                __aeabi_cdrcmple
                0x0000000008000ae8                __aeabi_cdcmpeq
                0x0000000008000ae8                __aeabi_cdcmple
                0x0000000008000af8                __aeabi_dcmpeq
                0x0000000008000b0c                __aeabi_dcmplt
                0x0000000008000b20                __aeabi_dcmple
                0x0000000008000b34                __aeabi_dcmpge
                0x0000000008000b48                __aeabi_dcmpgt
 .text          0x0000000008000b5c       0x2c C:/ST/STM32CubeIDE_1.13.1/STM32CubeIDE/plugins/com.st.stm32cube.ide.mcu.externaltools.gnu-tools-for-stm32.11.3.rel1.win32_1.1.0.202305231506/tools/bin/../lib/gcc/arm-none-eabi/11.3.1/thumb/v7e-m+fp/hard\libgcc.a(_arm_unorddf2.o)
                0x0000000008000b5c                __unorddf2
                0x0000000008000b5c                __aeabi_dcmpun
 .text          0x0000000008000b88       0x50 C:/ST/STM32CubeIDE_1.13.1/STM32CubeIDE/plugins/com.st.stm32cube.ide.mcu.externaltools.gnu-tools-for-stm32.11.3.rel1.win32_1.1.0.202305231506/tools/bin/../lib/gcc/arm-none-eabi/11.3.1/thumb/v7e-m+fp/hard\libgcc.a(_arm_fixdfsi.o)
                0x0000000008000b88                __aeabi_d2iz
                0x0000000008000b88                __fixdfsi
 .text          0x0000000008000bd8       0x30 C:/ST/STM32CubeIDE_1.13.1/STM32CubeIDE/plugins/com.st.stm32cube.ide.mcu.externaltools.gnu-tools-for-stm32.11.3.rel1.win32_1.1.0.202305231506/tools/bin/../lib/gcc/arm-none-eabi/11.3.1/thumb/v7e-m+fp/hard\libgcc.a(_aeabi_uldivmod.o)
                0x0000000008000bd8                __aeabi_uldivmod
 .text          0x0000000008000c08      0x2c8 C:/ST/STM32CubeIDE_1.13.1/STM32CubeIDE/plugins/com.st.stm32cube.ide.mcu.externaltools.gnu-tools-for-stm32.11.3.rel1.win32_1.1.0.202305231506/tools/bin/../lib/gcc/arm-none-eabi/11.3.1/thumb/v7e-m+fp/hard\libgcc.a(_udivmoddi4.o)
                0x0000000008000c08                __udivmoddi4
 .text          0x0000000008000ed0        0x4 C:/ST/STM32CubeIDE_1.13.1/STM32CubeIDE/plugins/com.st.stm32cube.ide.mcu.externaltools.gnu-tools-for-stm32.11.3.rel1.win32_1.1.0.202305231506/tools/bin/../lib/gcc/arm-none-eabi/11.3.1/thumb/v7e-m+fp/hard\libgcc.a(_dvmd_tls.o)
                0x0000000008000ed0                __aeabi_idiv0
                0x0000000008000ed0                __aeabi_ldiv0
 *(.text*)
 .text.Reset_Handler
                0x0000000008000ed4       0x50 ./Application/Startup/startup_stm32l4s5vitx.o
                0x0000000008000ed4                Reset_Handler
 .text.Default_Handler
                0x0000000008000f24        0x2 ./Application/Startup/startup_stm32l4s5vitx.o
                0x0000000008000f24                RTC_Alarm_IRQHandler
                0x0000000008000f24                EXTI2_IRQHandler
                0x0000000008000f24                TIM8_TRG_COM_IRQHandler
                0x0000000008000f24                TIM8_CC_IRQHandler
                0x0000000008000f24                TIM1_CC_IRQHandler
                0x0000000008000f24                TSC_IRQHandler
                0x0000000008000f24                TAMP_STAMP_IRQHandler
                0x0000000008000f24                EXTI3_IRQHandler
                0x0000000008000f24                LPTIM2_IRQHandler
                0x0000000008000f24                DFSDM1_FLT1_IRQHandler
                0x0000000008000f24                GFXMMU_IRQHandler
                0x0000000008000f24                I2C3_ER_IRQHandler
                0x0000000008000f24                DFSDM1_FLT2_IRQHandler
                0x0000000008000f24                EXTI0_IRQHandler
                0x0000000008000f24                I2C2_EV_IRQHandler
                0x0000000008000f24                CAN1_RX0_IRQHandler
                0x0000000008000f24                FPU_IRQHandler
                0x0000000008000f24                TIM1_UP_TIM16_IRQHandler
                0x0000000008000f24                LTDC_ER_IRQHandler
                0x0000000008000f24                SPI1_IRQHandler
                0x0000000008000f24                OCTOSPI1_IRQHandler
                0x0000000008000f24                TIM6_DAC_IRQHandler
                0x0000000008000f24                DCMI_IRQHandler
                0x0000000008000f24                TIM8_UP_IRQHandler
                0x0000000008000f24                OCTOSPI2_IRQHandler
                0x0000000008000f24                DMA2_Channel2_IRQHandler
                0x0000000008000f24                DMA1_Channel4_IRQHandler
                0x0000000008000f24                SAI2_IRQHandler
                0x0000000008000f24                ADC1_IRQHandler
                0x0000000008000f24                DFSDM1_FLT3_IRQHandler
                0x0000000008000f24                USART3_IRQHandler
                0x0000000008000f24                DMA1_Channel7_IRQHandler
                0x0000000008000f24                CAN1_RX1_IRQHandler
                0x0000000008000f24                UART5_IRQHandler
                0x0000000008000f24                TIM4_IRQHandler
                0x0000000008000f24                DMA2_Channel1_IRQHandler
                0x0000000008000f24                I2C1_EV_IRQHandler
                0x0000000008000f24                DMAMUX1_OVR_IRQHandler
                0x0000000008000f24                DMA1_Channel6_IRQHandler
                0x0000000008000f24                UART4_IRQHandler
                0x0000000008000f24                DMA2_Channel4_IRQHandler
                0x0000000008000f24                TIM3_IRQHandler
                0x0000000008000f24                RCC_IRQHandler
                0x0000000008000f24                Default_Handler
                0x0000000008000f24                DMA2_Channel7_IRQHandler
                0x0000000008000f24                TIM7_IRQHandler
                0x0000000008000f24                SDMMC1_IRQHandler
                0x0000000008000f24                TIM5_IRQHandler
                0x0000000008000f24                I2C3_EV_IRQHandler
                0x0000000008000f24                EXTI9_5_IRQHandler
                0x0000000008000f24                RTC_WKUP_IRQHandler
                0x0000000008000f24                LTDC_IRQHandler
                0x0000000008000f24                PVD_PVM_IRQHandler
                0x0000000008000f24                SPI2_IRQHandler
                0x0000000008000f24                CAN1_TX_IRQHandler
                0x0000000008000f24                DMA2_Channel5_IRQHandler
                0x0000000008000f24                DMA1_Channel5_IRQHandler
                0x0000000008000f24                EXTI4_IRQHandler
                0x0000000008000f24                RNG_IRQHandler
                0x0000000008000f24                TIM1_TRG_COM_TIM17_IRQHandler
                0x0000000008000f24                DMA1_Channel3_IRQHandler
                0x0000000008000f24                COMP_IRQHandler
                0x0000000008000f24                HASH_CRS_IRQHandler
                0x0000000008000f24                WWDG_IRQHandler
                0x0000000008000f24                I2C4_EV_IRQHandler
                0x0000000008000f24                LPUART1_IRQHandler
                0x0000000008000f24                DMA2_Channel6_IRQHandler
                0x0000000008000f24                DMA2D_IRQHandler
                0x0000000008000f24                AES_IRQHandler
                0x0000000008000f24                USART2_IRQHandler
                0x0000000008000f24                DFSDM1_FLT0_IRQHandler
                0x0000000008000f24                I2C2_ER_IRQHandler
                0x0000000008000f24                TIM8_BRK_IRQHandler
                0x0000000008000f24                CAN1_SCE_IRQHandler
                0x0000000008000f24                FLASH_IRQHandler
                0x0000000008000f24                USART1_IRQHandler
                0x0000000008000f24                OTG_FS_IRQHandler
                0x0000000008000f24                I2C1_ER_IRQHandler
                0x0000000008000f24                FMC_IRQHandler
                0x0000000008000f24                LPTIM1_IRQHandler
                0x0000000008000f24                I2C4_ER_IRQHandler
                0x0000000008000f24                SAI1_IRQHandler
                0x0000000008000f24                DMA2_Channel3_IRQHandler
                0x0000000008000f24                TIM1_BRK_TIM15_IRQHandler
 *fill*         0x0000000008000f26        0x2 
 .text.main     0x0000000008000f28       0xa0 ./Application/User/receiving_main.o
                0x0000000008000f28                main
 .text.wifi_wait_data_from_board
                0x0000000008000fc8      0x12c ./Application/User/receiving_main.o
 .text.wifi_process_received_data
                0x00000000080010f4       0xa0 ./Application/User/receiving_main.o
 .text.send_receive_confirmation
                0x0000000008001194       0x8c ./Application/User/receiving_main.o
 .text.wifi_start
                0x0000000008001220       0x74 ./Application/User/receiving_main.o
 .text.receiveFFTBlock
                0x0000000008001294      0x2d0 ./Application/User/receiving_main.o
 .text.SystemClock_Config
                0x0000000008001564       0x72 ./Application/User/receiving_main.o
 *fill*         0x00000000080015d6        0x2 
 .text.MX_DAC1_Init
                0x00000000080015d8       0x84 ./Application/User/receiving_main.o
 .text.MX_DFSDM1_Init
                0x000000000800165c       0xc8 ./Application/User/receiving_main.o
 .text.MX_TIM2_Init
                0x0000000008001724       0x9c ./Application/User/receiving_main.o
 .text.MX_DMA_Init
                0x00000000080017c0       0x64 ./Application/User/receiving_main.o
 .text.__io_putchar
                0x0000000008001824       0x24 ./Application/User/receiving_main.o
                0x0000000008001824                __io_putchar
 .text.__io_getchar
                0x0000000008001848       0x30 ./Application/User/receiving_main.o
                0x0000000008001848                __io_getchar
 .text.HAL_GPIO_EXTI_Callback
                0x0000000008001878       0x2c ./Application/User/receiving_main.o
                0x0000000008001878                HAL_GPIO_EXTI_Callback
 .text.SPI3_IRQHandler
                0x00000000080018a4       0x14 ./Application/User/receiving_main.o
                0x00000000080018a4                SPI3_IRQHandler
 .text.Button_ISR
                0x00000000080018b8        0xe ./Application/User/receiving_main.o
 .text.HAL_TIM_PeriodElapsedCallback
                0x00000000080018c6       0x14 ./Application/User/receiving_main.o
                0x00000000080018c6                HAL_TIM_PeriodElapsedCallback
 .text.Error_Handler
                0x00000000080018da        0xa ./Application/User/receiving_main.o
                0x00000000080018da                Error_Handler
 .text.HAL_MspInit
                0x00000000080018e4       0x48 ./Application/User/stm32l4xx_hal_msp.o
                0x00000000080018e4                HAL_MspInit
 .text.HAL_DAC_MspInit
                0x000000000800192c       0xd8 ./Application/User/stm32l4xx_hal_msp.o
                0x000000000800192c                HAL_DAC_MspInit
 .text.HAL_DFSDM_FilterMspInit
                0x0000000008001a04      0x158 ./Application/User/stm32l4xx_hal_msp.o
                0x0000000008001a04                HAL_DFSDM_FilterMspInit
 .text.HAL_DFSDM_ChannelMspInit
                0x0000000008001b5c       0xe0 ./Application/User/stm32l4xx_hal_msp.o
                0x0000000008001b5c                HAL_DFSDM_ChannelMspInit
 .text.HAL_TIM_Base_MspInit
                0x0000000008001c3c       0x48 ./Application/User/stm32l4xx_hal_msp.o
                0x0000000008001c3c                HAL_TIM_Base_MspInit
 .text.NMI_Handler
                0x0000000008001c84        0xe ./Application/User/stm32l4xx_it.o
                0x0000000008001c84                NMI_Handler
 .text.HardFault_Handler
                0x0000000008001c92        0x6 ./Application/User/stm32l4xx_it.o
                0x0000000008001c92                HardFault_Handler
 .text.MemManage_Handler
                0x0000000008001c98        0x6 ./Application/User/stm32l4xx_it.o
                0x0000000008001c98                MemManage_Handler
 .text.BusFault_Handler
                0x0000000008001c9e        0x6 ./Application/User/stm32l4xx_it.o
                0x0000000008001c9e                BusFault_Handler
 .text.UsageFault_Handler
                0x0000000008001ca4        0x6 ./Application/User/stm32l4xx_it.o
                0x0000000008001ca4                UsageFault_Handler
 .text.SVC_Handler
                0x0000000008001caa        0xe ./Application/User/stm32l4xx_it.o
                0x0000000008001caa                SVC_Handler
 .text.DebugMon_Handler
                0x0000000008001cb8        0xe ./Application/User/stm32l4xx_it.o
                0x0000000008001cb8                DebugMon_Handler
 .text.PendSV_Handler
                0x0000000008001cc6        0xe ./Application/User/stm32l4xx_it.o
                0x0000000008001cc6                PendSV_Handler
 .text.SysTick_Handler
                0x0000000008001cd4        0xc ./Application/User/stm32l4xx_it.o
                0x0000000008001cd4                SysTick_Handler
 .text.DMA1_Channel1_IRQHandler
                0x0000000008001ce0       0x14 ./Application/User/stm32l4xx_it.o
                0x0000000008001ce0                DMA1_Channel1_IRQHandler
 .text.DMA1_Channel2_IRQHandler
                0x0000000008001cf4       0x14 ./Application/User/stm32l4xx_it.o
                0x0000000008001cf4                DMA1_Channel2_IRQHandler
 .text.TIM2_IRQHandler
                0x0000000008001d08       0x14 ./Application/User/stm32l4xx_it.o
                0x0000000008001d08                TIM2_IRQHandler
 .text.EXTI1_IRQHandler
                0x0000000008001d1c        0xe ./Application/User/stm32l4xx_it.o
                0x0000000008001d1c                EXTI1_IRQHandler
 .text.EXTI15_10_IRQHandler
                0x0000000008001d2a       0x10 ./Application/User/stm32l4xx_it.o
                0x0000000008001d2a                EXTI15_10_IRQHandler
 .text._getpid  0x0000000008001d3a       0x10 ./Application/User/syscalls.o
                0x0000000008001d3a                _getpid
 .text._kill    0x0000000008001d4a       0x20 ./Application/User/syscalls.o
                0x0000000008001d4a                _kill
 .text._exit    0x0000000008001d6a       0x14 ./Application/User/syscalls.o
                0x0000000008001d6a                _exit
 .text._read    0x0000000008001d7e       0x3a ./Application/User/syscalls.o
                0x0000000008001d7e                _read
 .text._write   0x0000000008001db8       0x38 ./Application/User/syscalls.o
                0x0000000008001db8                _write
 .text._close   0x0000000008001df0       0x18 ./Application/User/syscalls.o
                0x0000000008001df0                _close
 .text._fstat   0x0000000008001e08       0x20 ./Application/User/syscalls.o
                0x0000000008001e08                _fstat
 .text._isatty  0x0000000008001e28       0x16 ./Application/User/syscalls.o
                0x0000000008001e28                _isatty
 .text._lseek   0x0000000008001e3e       0x1a ./Application/User/syscalls.o
                0x0000000008001e3e                _lseek
 .text._sbrk    0x0000000008001e58       0x6c ./Application/User/sysmem.o
                0x0000000008001e58                _sbrk
 .text.SystemInit
                0x0000000008001ec4       0x6c ./Application/User/system_stm32l4xx.o
                0x0000000008001ec4                SystemInit
 .text.Hex2Num  0x0000000008001f30       0x54 ./Application/WiFi/es_wifi.o
 .text.ParseHexNumber
                0x0000000008001f84       0x86 ./Application/WiFi/es_wifi.o
 .text.ParseNumber
                0x000000000800200a       0x88 ./Application/WiFi/es_wifi.o
 .text.ParseMAC
                0x0000000008002092       0x6e ./Application/WiFi/es_wifi.o
 .text.ParseIP  0x0000000008002100       0x6e ./Application/WiFi/es_wifi.o
 *fill*         0x000000000800216e        0x2 
 .text.AT_ParseInfo
                0x0000000008002170      0x11c ./Application/WiFi/es_wifi.o
 .text.AT_ParseConnSettings
                0x000000000800228c      0x17c ./Application/WiFi/es_wifi.o
 .text.AT_ExecuteCommand
                0x0000000008002408       0xe0 ./Application/WiFi/es_wifi.o
 .text.AT_RequestSendData
                0x00000000080024e8      0x100 ./Application/WiFi/es_wifi.o
 .text.AT_RequestReceiveData
                0x00000000080025e8      0x144 ./Application/WiFi/es_wifi.o
 .text.ES_WIFI_Init
                0x000000000800272c       0x68 ./Application/WiFi/es_wifi.o
                0x000000000800272c                ES_WIFI_Init
 .text.ES_WIFI_RegisterBusIO
                0x0000000008002794       0x66 ./Application/WiFi/es_wifi.o
                0x0000000008002794                ES_WIFI_RegisterBusIO
 *fill*         0x00000000080027fa        0x2 
 .text.ES_WIFI_Connect
                0x00000000080027fc       0xf0 ./Application/WiFi/es_wifi.o
                0x00000000080027fc                ES_WIFI_Connect
 .text.ES_WIFI_IsConnected
                0x00000000080028ec       0x60 ./Application/WiFi/es_wifi.o
                0x00000000080028ec                ES_WIFI_IsConnected
 .text.ES_WIFI_GetNetworkSettings
                0x000000000800294c       0x54 ./Application/WiFi/es_wifi.o
                0x000000000800294c                ES_WIFI_GetNetworkSettings
 .text.ES_WIFI_GetMACAddress
                0x00000000080029a0       0x6c ./Application/WiFi/es_wifi.o
                0x00000000080029a0                ES_WIFI_GetMACAddress
 .text.ES_WIFI_StartServerSingleConn
                0x0000000008002a0c      0x158 ./Application/WiFi/es_wifi.o
                0x0000000008002a0c                ES_WIFI_StartServerSingleConn
 .text.ES_WIFI_WaitServerConnection
                0x0000000008002b64      0x1e4 ./Application/WiFi/es_wifi.o
                0x0000000008002b64                ES_WIFI_WaitServerConnection
 .text.ES_WIFI_CloseServerConnection
                0x0000000008002d48       0x78 ./Application/WiFi/es_wifi.o
                0x0000000008002d48                ES_WIFI_CloseServerConnection
 .text.ES_WIFI_SendData
                0x0000000008002dc0      0x10c ./Application/WiFi/es_wifi.o
                0x0000000008002dc0                ES_WIFI_SendData
 .text.ES_WIFI_ReceiveData
                0x0000000008002ecc      0x114 ./Application/WiFi/es_wifi.o
                0x0000000008002ecc                ES_WIFI_ReceiveData
 .text.SPI_WIFI_MspInit
                0x0000000008002fe0      0x178 ./Application/WiFi/es_wifi_io.o
                0x0000000008002fe0                SPI_WIFI_MspInit
 .text.SPI_WIFI_Init
                0x0000000008003158       0xbc ./Application/WiFi/es_wifi_io.o
                0x0000000008003158                SPI_WIFI_Init
 .text.SPI_WIFI_ResetModule
                0x0000000008003214       0xe0 ./Application/WiFi/es_wifi_io.o
                0x0000000008003214                SPI_WIFI_ResetModule
 .text.SPI_WIFI_DeInit
                0x00000000080032f4       0x14 ./Application/WiFi/es_wifi_io.o
                0x00000000080032f4                SPI_WIFI_DeInit
 .text.wait_cmddata_rdy_high
                0x0000000008003308       0x44 ./Application/WiFi/es_wifi_io.o
 .text.wait_cmddata_rdy_rising_event
                0x000000000800334c       0x40 ./Application/WiFi/es_wifi_io.o
 .text.wait_spi_rx_event
                0x000000000800338c       0x40 ./Application/WiFi/es_wifi_io.o
 .text.wait_spi_tx_event
                0x00000000080033cc       0x40 ./Application/WiFi/es_wifi_io.o
 .text.SPI_WIFI_ReceiveData
                0x000000000800340c       0xf4 ./Application/WiFi/es_wifi_io.o
                0x000000000800340c                SPI_WIFI_ReceiveData
 .text.SPI_WIFI_SendData
                0x0000000008003500       0xdc ./Application/WiFi/es_wifi_io.o
                0x0000000008003500                SPI_WIFI_SendData
 .text.SPI_WIFI_Delay
                0x00000000080035dc       0x16 ./Application/WiFi/es_wifi_io.o
                0x00000000080035dc                SPI_WIFI_Delay
 *fill*         0x00000000080035f2        0x2 
 .text.SPI_WIFI_DelayUs
                0x00000000080035f4       0xa4 ./Application/WiFi/es_wifi_io.o
 .text.HAL_SPI_RxCpltCallback
                0x0000000008003698       0x28 ./Application/WiFi/es_wifi_io.o
                0x0000000008003698                HAL_SPI_RxCpltCallback
 .text.HAL_SPI_TxCpltCallback
                0x00000000080036c0       0x28 ./Application/WiFi/es_wifi_io.o
                0x00000000080036c0                HAL_SPI_TxCpltCallback
 .text.SPI_WIFI_ISR
                0x00000000080036e8       0x20 ./Application/WiFi/es_wifi_io.o
                0x00000000080036e8                SPI_WIFI_ISR
 .text.WIFI_Init
                0x0000000008003708       0x58 ./Application/WiFi/wifi.o
                0x0000000008003708                WIFI_Init
 .text.WIFI_Connect
                0x0000000008003760       0x44 ./Application/WiFi/wifi.o
                0x0000000008003760                WIFI_Connect
 .text.WIFI_GetMAC_Address
                0x00000000080037a4       0x40 ./Application/WiFi/wifi.o
                0x00000000080037a4                WIFI_GetMAC_Address
 .text.WIFI_GetIP_Address
                0x00000000080037e4       0x48 ./Application/WiFi/wifi.o
                0x00000000080037e4                WIFI_GetIP_Address
 .text.WIFI_StartServer
                0x000000000800382c       0x60 ./Application/WiFi/wifi.o
                0x000000000800382c                WIFI_StartServer
 .text.WIFI_WaitServerConnection
                0x000000000800388c       0x90 ./Application/WiFi/wifi.o
                0x000000000800388c                WIFI_WaitServerConnection
 .text.WIFI_CloseServerConnection
                0x000000000800391c       0x30 ./Application/WiFi/wifi.o
                0x000000000800391c                WIFI_CloseServerConnection
 .text.WIFI_SendData
                0x000000000800394c       0x44 ./Application/WiFi/wifi.o
                0x000000000800394c                WIFI_SendData
 .text.WIFI_ReceiveData
                0x0000000008003990       0x44 ./Application/WiFi/wifi.o
                0x0000000008003990                WIFI_ReceiveData
 .text.BSP_LED_Init
                0x00000000080039d4       0x60 ./Drivers/BSP/stm32l4s5i_iot01.o
                0x00000000080039d4                BSP_LED_Init
 .text.BSP_PB_Init
                0x0000000008003a34       0xac ./Drivers/BSP/stm32l4s5i_iot01.o
                0x0000000008003a34                BSP_PB_Init
 .text.BSP_COM_Init
                0x0000000008003ae0       0xd8 ./Drivers/BSP/stm32l4s5i_iot01.o
                0x0000000008003ae0                BSP_COM_Init
 .text.HAL_Init
                0x0000000008003bb8       0x30 ./Drivers/STM32L4xx_HAL_Driver/stm32l4xx_hal.o
                0x0000000008003bb8                HAL_Init
 .text.HAL_InitTick
                0x0000000008003be8       0x78 ./Drivers/STM32L4xx_HAL_Driver/stm32l4xx_hal.o
                0x0000000008003be8                HAL_InitTick
 .text.HAL_IncTick
                0x0000000008003c60       0x28 ./Drivers/STM32L4xx_HAL_Driver/stm32l4xx_hal.o
                0x0000000008003c60                HAL_IncTick
 .text.HAL_GetTick
                0x0000000008003c88       0x18 ./Drivers/STM32L4xx_HAL_Driver/stm32l4xx_hal.o
                0x0000000008003c88                HAL_GetTick
 .text.HAL_Delay
                0x0000000008003ca0       0x48 ./Drivers/STM32L4xx_HAL_Driver/stm32l4xx_hal.o
                0x0000000008003ca0                HAL_Delay
 .text.__NVIC_SetPriorityGrouping
                0x0000000008003ce8       0x48 ./Drivers/STM32L4xx_HAL_Driver/stm32l4xx_hal_cortex.o
 .text.__NVIC_GetPriorityGrouping
                0x0000000008003d30       0x1c ./Drivers/STM32L4xx_HAL_Driver/stm32l4xx_hal_cortex.o
 .text.__NVIC_EnableIRQ
                0x0000000008003d4c       0x3c ./Drivers/STM32L4xx_HAL_Driver/stm32l4xx_hal_cortex.o
 .text.__NVIC_SetPriority
                0x0000000008003d88       0x54 ./Drivers/STM32L4xx_HAL_Driver/stm32l4xx_hal_cortex.o
 .text.NVIC_EncodePriority
                0x0000000008003ddc       0x66 ./Drivers/STM32L4xx_HAL_Driver/stm32l4xx_hal_cortex.o
 *fill*         0x0000000008003e42        0x2 
 .text.SysTick_Config
                0x0000000008003e44       0x44 ./Drivers/STM32L4xx_HAL_Driver/stm32l4xx_hal_cortex.o
 .text.HAL_NVIC_SetPriorityGrouping
                0x0000000008003e88       0x16 ./Drivers/STM32L4xx_HAL_Driver/stm32l4xx_hal_cortex.o
                0x0000000008003e88                HAL_NVIC_SetPriorityGrouping
 .text.HAL_NVIC_SetPriority
                0x0000000008003e9e       0x38 ./Drivers/STM32L4xx_HAL_Driver/stm32l4xx_hal_cortex.o
                0x0000000008003e9e                HAL_NVIC_SetPriority
 .text.HAL_NVIC_EnableIRQ
                0x0000000008003ed6       0x1c ./Drivers/STM32L4xx_HAL_Driver/stm32l4xx_hal_cortex.o
                0x0000000008003ed6                HAL_NVIC_EnableIRQ
 .text.HAL_SYSTICK_Config
                0x0000000008003ef2       0x18 ./Drivers/STM32L4xx_HAL_Driver/stm32l4xx_hal_cortex.o
                0x0000000008003ef2                HAL_SYSTICK_Config
 .text.HAL_DAC_Init
                0x0000000008003f0a       0x44 ./Drivers/STM32L4xx_HAL_Driver/stm32l4xx_hal_dac.o
                0x0000000008003f0a                HAL_DAC_Init
 .text.HAL_DAC_Start
                0x0000000008003f4e       0xa4 ./Drivers/STM32L4xx_HAL_Driver/stm32l4xx_hal_dac.o
                0x0000000008003f4e                HAL_DAC_Start
 *fill*         0x0000000008003ff2        0x2 
 .text.HAL_DAC_Start_DMA
                0x0000000008003ff4      0x198 ./Drivers/STM32L4xx_HAL_Driver/stm32l4xx_hal_dac.o
                0x0000000008003ff4                HAL_DAC_Start_DMA
 .text.HAL_DAC_ConvCpltCallbackCh1
                0x000000000800418c       0x14 ./Drivers/STM32L4xx_HAL_Driver/stm32l4xx_hal_dac.o
                0x000000000800418c                HAL_DAC_ConvCpltCallbackCh1
 .text.HAL_DAC_ConvHalfCpltCallbackCh1
                0x00000000080041a0       0x14 ./Drivers/STM32L4xx_HAL_Driver/stm32l4xx_hal_dac.o
                0x00000000080041a0                HAL_DAC_ConvHalfCpltCallbackCh1
 .text.HAL_DAC_ErrorCallbackCh1
                0x00000000080041b4       0x14 ./Drivers/STM32L4xx_HAL_Driver/stm32l4xx_hal_dac.o
                0x00000000080041b4                HAL_DAC_ErrorCallbackCh1
 .text.HAL_DAC_ConfigChannel
                0x00000000080041c8      0x298 ./Drivers/STM32L4xx_HAL_Driver/stm32l4xx_hal_dac.o
                0x00000000080041c8                HAL_DAC_ConfigChannel
 .text.DAC_DMAConvCpltCh1
                0x0000000008004460       0x22 ./Drivers/STM32L4xx_HAL_Driver/stm32l4xx_hal_dac.o
                0x0000000008004460                DAC_DMAConvCpltCh1
 .text.DAC_DMAHalfConvCpltCh1
                0x0000000008004482       0x1c ./Drivers/STM32L4xx_HAL_Driver/stm32l4xx_hal_dac.o
                0x0000000008004482                DAC_DMAHalfConvCpltCh1
 .text.DAC_DMAErrorCh1
                0x000000000800449e       0x2e ./Drivers/STM32L4xx_HAL_Driver/stm32l4xx_hal_dac.o
                0x000000000800449e                DAC_DMAErrorCh1
 .text.HAL_DACEx_ConvCpltCallbackCh2
                0x00000000080044cc       0x14 ./Drivers/STM32L4xx_HAL_Driver/stm32l4xx_hal_dac_ex.o
                0x00000000080044cc                HAL_DACEx_ConvCpltCallbackCh2
 .text.HAL_DACEx_ConvHalfCpltCallbackCh2
                0x00000000080044e0       0x14 ./Drivers/STM32L4xx_HAL_Driver/stm32l4xx_hal_dac_ex.o
                0x00000000080044e0                HAL_DACEx_ConvHalfCpltCallbackCh2
 .text.HAL_DACEx_ErrorCallbackCh2
                0x00000000080044f4       0x14 ./Drivers/STM32L4xx_HAL_Driver/stm32l4xx_hal_dac_ex.o
                0x00000000080044f4                HAL_DACEx_ErrorCallbackCh2
 .text.DAC_DMAConvCpltCh2
                0x0000000008004508       0x22 ./Drivers/STM32L4xx_HAL_Driver/stm32l4xx_hal_dac_ex.o
                0x0000000008004508                DAC_DMAConvCpltCh2
 .text.DAC_DMAHalfConvCpltCh2
                0x000000000800452a       0x1c ./Drivers/STM32L4xx_HAL_Driver/stm32l4xx_hal_dac_ex.o
                0x000000000800452a                DAC_DMAHalfConvCpltCh2
 .text.DAC_DMAErrorCh2
                0x0000000008004546       0x2e ./Drivers/STM32L4xx_HAL_Driver/stm32l4xx_hal_dac_ex.o
                0x0000000008004546                DAC_DMAErrorCh2
 .text.HAL_DFSDM_ChannelInit
                0x0000000008004574      0x180 ./Drivers/STM32L4xx_HAL_Driver/stm32l4xx_hal_dfsdm.o
                0x0000000008004574                HAL_DFSDM_ChannelInit
 .text.HAL_DFSDM_FilterInit
                0x00000000080046f4      0x1b4 ./Drivers/STM32L4xx_HAL_Driver/stm32l4xx_hal_dfsdm.o
                0x00000000080046f4                HAL_DFSDM_FilterInit
 .text.HAL_DFSDM_FilterConfigRegChannel
                0x00000000080048a8       0x8a ./Drivers/STM32L4xx_HAL_Driver/stm32l4xx_hal_dfsdm.o
                0x00000000080048a8                HAL_DFSDM_FilterConfigRegChannel
 *fill*         0x0000000008004932        0x2 
 .text.DFSDM_GetChannelFromInstance
                0x0000000008004934       0x98 ./Drivers/STM32L4xx_HAL_Driver/stm32l4xx_hal_dfsdm.o
 .text.HAL_DMA_Init
                0x00000000080049cc      0x150 ./Drivers/STM32L4xx_HAL_Driver/stm32l4xx_hal_dma.o
                0x00000000080049cc                HAL_DMA_Init
 .text.HAL_DMA_Start_IT
                0x0000000008004b1c       0xf6 ./Drivers/STM32L4xx_HAL_Driver/stm32l4xx_hal_dma.o
                0x0000000008004b1c                HAL_DMA_Start_IT
 .text.HAL_DMA_Abort_IT
                0x0000000008004c12       0xbe ./Drivers/STM32L4xx_HAL_Driver/stm32l4xx_hal_dma.o
                0x0000000008004c12                HAL_DMA_Abort_IT
 .text.HAL_DMA_IRQHandler
                0x0000000008004cd0      0x15e ./Drivers/STM32L4xx_HAL_Driver/stm32l4xx_hal_dma.o
                0x0000000008004cd0                HAL_DMA_IRQHandler
 .text.DMA_SetConfig
                0x0000000008004e2e       0x7c ./Drivers/STM32L4xx_HAL_Driver/stm32l4xx_hal_dma.o
 *fill*         0x0000000008004eaa        0x2 
 .text.DMA_CalcDMAMUXChannelBaseAndMask
                0x0000000008004eac       0x7c ./Drivers/STM32L4xx_HAL_Driver/stm32l4xx_hal_dma.o
 .text.DMA_CalcDMAMUXRequestGenBaseAndMask
                0x0000000008004f28       0x48 ./Drivers/STM32L4xx_HAL_Driver/stm32l4xx_hal_dma.o
 .text.HAL_GPIO_Init
                0x0000000008004f70      0x324 ./Drivers/STM32L4xx_HAL_Driver/stm32l4xx_hal_gpio.o
                0x0000000008004f70                HAL_GPIO_Init
 .text.HAL_GPIO_ReadPin
                0x0000000008005294       0x30 ./Drivers/STM32L4xx_HAL_Driver/stm32l4xx_hal_gpio.o
                0x0000000008005294                HAL_GPIO_ReadPin
 .text.HAL_GPIO_WritePin
                0x00000000080052c4       0x30 ./Drivers/STM32L4xx_HAL_Driver/stm32l4xx_hal_gpio.o
                0x00000000080052c4                HAL_GPIO_WritePin
 .text.HAL_GPIO_EXTI_IRQHandler
                0x00000000080052f4       0x30 ./Drivers/STM32L4xx_HAL_Driver/stm32l4xx_hal_gpio.o
                0x00000000080052f4                HAL_GPIO_EXTI_IRQHandler
 .text.HAL_PWREx_GetVoltageRange
                0x0000000008005324       0x40 ./Drivers/STM32L4xx_HAL_Driver/stm32l4xx_hal_pwr_ex.o
                0x0000000008005324                HAL_PWREx_GetVoltageRange
 .text.HAL_RCC_OscConfig
                0x0000000008005364      0x834 ./Drivers/STM32L4xx_HAL_Driver/stm32l4xx_hal_rcc.o
                0x0000000008005364                HAL_RCC_OscConfig
 .text.HAL_RCC_ClockConfig
                0x0000000008005b98      0x274 ./Drivers/STM32L4xx_HAL_Driver/stm32l4xx_hal_rcc.o
                0x0000000008005b98                HAL_RCC_ClockConfig
 .text.HAL_RCC_GetSysClockFreq
                0x0000000008005e0c      0x118 ./Drivers/STM32L4xx_HAL_Driver/stm32l4xx_hal_rcc.o
                0x0000000008005e0c                HAL_RCC_GetSysClockFreq
 .text.HAL_RCC_GetHCLKFreq
                0x0000000008005f24       0x18 ./Drivers/STM32L4xx_HAL_Driver/stm32l4xx_hal_rcc.o
                0x0000000008005f24                HAL_RCC_GetHCLKFreq
 .text.HAL_RCC_GetPCLK1Freq
                0x0000000008005f3c       0x2c ./Drivers/STM32L4xx_HAL_Driver/stm32l4xx_hal_rcc.o
                0x0000000008005f3c                HAL_RCC_GetPCLK1Freq
 .text.HAL_RCC_GetPCLK2Freq
                0x0000000008005f68       0x2c ./Drivers/STM32L4xx_HAL_Driver/stm32l4xx_hal_rcc.o
                0x0000000008005f68                HAL_RCC_GetPCLK2Freq
 .text.RCC_SetFlashLatencyFromMSIRange
                0x0000000008005f94       0xb4 ./Drivers/STM32L4xx_HAL_Driver/stm32l4xx_hal_rcc.o
 .text.RCC_GetSysClockFreqFromPLLSource
                0x0000000008006048       0xcc ./Drivers/STM32L4xx_HAL_Driver/stm32l4xx_hal_rcc.o
 .text.HAL_RCCEx_PeriphCLKConfig
                0x0000000008006114      0x660 ./Drivers/STM32L4xx_HAL_Driver/stm32l4xx_hal_rcc_ex.o
                0x0000000008006114                HAL_RCCEx_PeriphCLKConfig
 .text.RCCEx_PLLSAI1_Config
                0x0000000008006774      0x1e8 ./Drivers/STM32L4xx_HAL_Driver/stm32l4xx_hal_rcc_ex.o
 .text.RCCEx_PLLSAI2_Config
                0x000000000800695c      0x1e8 ./Drivers/STM32L4xx_HAL_Driver/stm32l4xx_hal_rcc_ex.o
 .text.HAL_SPI_Init
                0x0000000008006b44      0x198 ./Drivers/STM32L4xx_HAL_Driver/stm32l4xx_hal_spi.o
                0x0000000008006b44                HAL_SPI_Init
 .text.HAL_SPI_DeInit
                0x0000000008006cdc       0x50 ./Drivers/STM32L4xx_HAL_Driver/stm32l4xx_hal_spi.o
                0x0000000008006cdc                HAL_SPI_DeInit
 .text.HAL_SPI_MspInit
                0x0000000008006d2c       0x14 ./Drivers/STM32L4xx_HAL_Driver/stm32l4xx_hal_spi.o
                0x0000000008006d2c                HAL_SPI_MspInit
 .text.HAL_SPI_MspDeInit
                0x0000000008006d40       0x14 ./Drivers/STM32L4xx_HAL_Driver/stm32l4xx_hal_spi.o
                0x0000000008006d40                HAL_SPI_MspDeInit
 .text.HAL_SPI_Receive
                0x0000000008006d54      0x3e0 ./Drivers/STM32L4xx_HAL_Driver/stm32l4xx_hal_spi.o
                0x0000000008006d54                HAL_SPI_Receive
 .text.HAL_SPI_TransmitReceive
                0x0000000008007134      0x67c ./Drivers/STM32L4xx_HAL_Driver/stm32l4xx_hal_spi.o
                0x0000000008007134                HAL_SPI_TransmitReceive
 .text.HAL_SPI_Transmit_IT
                0x00000000080077b0      0x140 ./Drivers/STM32L4xx_HAL_Driver/stm32l4xx_hal_spi.o
                0x00000000080077b0                HAL_SPI_Transmit_IT
 .text.HAL_SPI_Receive_IT
                0x00000000080078f0      0x1ac ./Drivers/STM32L4xx_HAL_Driver/stm32l4xx_hal_spi.o
                0x00000000080078f0                HAL_SPI_Receive_IT
 .text.HAL_SPI_TransmitReceive_IT
                0x0000000008007a9c      0x1ac ./Drivers/STM32L4xx_HAL_Driver/stm32l4xx_hal_spi.o
                0x0000000008007a9c                HAL_SPI_TransmitReceive_IT
 .text.HAL_SPI_IRQHandler
                0x0000000008007c48      0x1e8 ./Drivers/STM32L4xx_HAL_Driver/stm32l4xx_hal_spi.o
                0x0000000008007c48                HAL_SPI_IRQHandler
 .text.HAL_SPI_TxRxCpltCallback
                0x0000000008007e30       0x14 ./Drivers/STM32L4xx_HAL_Driver/stm32l4xx_hal_spi.o
                0x0000000008007e30                HAL_SPI_TxRxCpltCallback
 .text.HAL_SPI_ErrorCallback
                0x0000000008007e44       0x14 ./Drivers/STM32L4xx_HAL_Driver/stm32l4xx_hal_spi.o
                0x0000000008007e44                HAL_SPI_ErrorCallback
 .text.SPI_DMAAbortOnError
                0x0000000008007e58       0x2a ./Drivers/STM32L4xx_HAL_Driver/stm32l4xx_hal_spi.o
 *fill*         0x0000000008007e82        0x2 
 .text.SPI_2linesRxISR_8BIT
                0x0000000008007e84       0xe4 ./Drivers/STM32L4xx_HAL_Driver/stm32l4xx_hal_spi.o
 .text.SPI_2linesRxISR_8BITCRC
                0x0000000008007f68       0x58 ./Drivers/STM32L4xx_HAL_Driver/stm32l4xx_hal_spi.o
 .text.SPI_2linesTxISR_8BIT
                0x0000000008007fc0       0xbc ./Drivers/STM32L4xx_HAL_Driver/stm32l4xx_hal_spi.o
 .text.SPI_2linesRxISR_16BIT
                0x000000000800807c       0x7c ./Drivers/STM32L4xx_HAL_Driver/stm32l4xx_hal_spi.o
 .text.SPI_2linesRxISR_16BITCRC
                0x00000000080080f8       0x34 ./Drivers/STM32L4xx_HAL_Driver/stm32l4xx_hal_spi.o
 .text.SPI_2linesTxISR_16BIT
                0x000000000800812c       0x8a ./Drivers/STM32L4xx_HAL_Driver/stm32l4xx_hal_spi.o
 .text.SPI_RxISR_8BITCRC
                0x00000000080081b6       0x3e ./Drivers/STM32L4xx_HAL_Driver/stm32l4xx_hal_spi.o
 .text.SPI_RxISR_8BIT
                0x00000000080081f4       0x8c ./Drivers/STM32L4xx_HAL_Driver/stm32l4xx_hal_spi.o
 .text.SPI_RxISR_16BITCRC
                0x0000000008008280       0x34 ./Drivers/STM32L4xx_HAL_Driver/stm32l4xx_hal_spi.o
 .text.SPI_RxISR_16BIT
                0x00000000080082b4       0x88 ./Drivers/STM32L4xx_HAL_Driver/stm32l4xx_hal_spi.o
 .text.SPI_TxISR_8BIT
                0x000000000800833c       0x60 ./Drivers/STM32L4xx_HAL_Driver/stm32l4xx_hal_spi.o
 .text.SPI_TxISR_16BIT
                0x000000000800839c       0x5e ./Drivers/STM32L4xx_HAL_Driver/stm32l4xx_hal_spi.o
 *fill*         0x00000000080083fa        0x2 
 .text.SPI_WaitFlagStateUntilTimeout
                0x00000000080083fc      0x110 ./Drivers/STM32L4xx_HAL_Driver/stm32l4xx_hal_spi.o
 .text.SPI_WaitFifoStateUntilTimeout
                0x000000000800850c      0x12c ./Drivers/STM32L4xx_HAL_Driver/stm32l4xx_hal_spi.o
 .text.SPI_EndRxTransaction
                0x0000000008008638       0xb0 ./Drivers/STM32L4xx_HAL_Driver/stm32l4xx_hal_spi.o
 .text.SPI_EndRxTxTransaction
                0x00000000080086e8       0x8c ./Drivers/STM32L4xx_HAL_Driver/stm32l4xx_hal_spi.o
 .text.SPI_CloseRxTx_ISR
                0x0000000008008774       0xb8 ./Drivers/STM32L4xx_HAL_Driver/stm32l4xx_hal_spi.o
 .text.SPI_CloseRx_ISR
                0x000000000800882c       0x8c ./Drivers/STM32L4xx_HAL_Driver/stm32l4xx_hal_spi.o
 .text.SPI_CloseTx_ISR
                0x00000000080088b8       0x7e ./Drivers/STM32L4xx_HAL_Driver/stm32l4xx_hal_spi.o
 .text.HAL_TIM_Base_Init
                0x0000000008008936       0xae ./Drivers/STM32L4xx_HAL_Driver/stm32l4xx_hal_tim.o
                0x0000000008008936                HAL_TIM_Base_Init
 .text.HAL_TIM_Base_Start_IT
                0x00000000080089e4       0xe0 ./Drivers/STM32L4xx_HAL_Driver/stm32l4xx_hal_tim.o
                0x00000000080089e4                HAL_TIM_Base_Start_IT
 .text.HAL_TIM_IRQHandler
                0x0000000008008ac4      0x204 ./Drivers/STM32L4xx_HAL_Driver/stm32l4xx_hal_tim.o
                0x0000000008008ac4                HAL_TIM_IRQHandler
 .text.HAL_TIM_ConfigClockSource
                0x0000000008008cc8      0x192 ./Drivers/STM32L4xx_HAL_Driver/stm32l4xx_hal_tim.o
                0x0000000008008cc8                HAL_TIM_ConfigClockSource
 .text.HAL_TIM_OC_DelayElapsedCallback
                0x0000000008008e5a       0x14 ./Drivers/STM32L4xx_HAL_Driver/stm32l4xx_hal_tim.o
                0x0000000008008e5a                HAL_TIM_OC_DelayElapsedCallback
 .text.HAL_TIM_IC_CaptureCallback
                0x0000000008008e6e       0x14 ./Drivers/STM32L4xx_HAL_Driver/stm32l4xx_hal_tim.o
                0x0000000008008e6e                HAL_TIM_IC_CaptureCallback
 .text.HAL_TIM_PWM_PulseFinishedCallback
                0x0000000008008e82       0x14 ./Drivers/STM32L4xx_HAL_Driver/stm32l4xx_hal_tim.o
                0x0000000008008e82                HAL_TIM_PWM_PulseFinishedCallback
 .text.HAL_TIM_TriggerCallback
                0x0000000008008e96       0x14 ./Drivers/STM32L4xx_HAL_Driver/stm32l4xx_hal_tim.o
                0x0000000008008e96                HAL_TIM_TriggerCallback
 *fill*         0x0000000008008eaa        0x2 
 .text.TIM_Base_SetConfig
                0x0000000008008eac      0x134 ./Drivers/STM32L4xx_HAL_Driver/stm32l4xx_hal_tim.o
                0x0000000008008eac                TIM_Base_SetConfig
 .text.TIM_TI1_ConfigInputStage
                0x0000000008008fe0       0x5e ./Drivers/STM32L4xx_HAL_Driver/stm32l4xx_hal_tim.o
 .text.TIM_TI2_ConfigInputStage
                0x000000000800903e       0x60 ./Drivers/STM32L4xx_HAL_Driver/stm32l4xx_hal_tim.o
 .text.TIM_ITRx_SetConfig
                0x000000000800909e       0x36 ./Drivers/STM32L4xx_HAL_Driver/stm32l4xx_hal_tim.o
 .text.TIM_ETR_SetConfig
                0x00000000080090d4       0x40 ./Drivers/STM32L4xx_HAL_Driver/stm32l4xx_hal_tim.o
                0x00000000080090d4                TIM_ETR_SetConfig
 .text.HAL_TIMEx_MasterConfigSynchronization
                0x0000000008009114      0x110 ./Drivers/STM32L4xx_HAL_Driver/stm32l4xx_hal_tim_ex.o
                0x0000000008009114                HAL_TIMEx_MasterConfigSynchronization
 .text.HAL_TIMEx_CommutCallback
                0x0000000008009224       0x14 ./Drivers/STM32L4xx_HAL_Driver/stm32l4xx_hal_tim_ex.o
                0x0000000008009224                HAL_TIMEx_CommutCallback
 .text.HAL_TIMEx_BreakCallback
                0x0000000008009238       0x14 ./Drivers/STM32L4xx_HAL_Driver/stm32l4xx_hal_tim_ex.o
                0x0000000008009238                HAL_TIMEx_BreakCallback
 .text.HAL_TIMEx_Break2Callback
                0x000000000800924c       0x14 ./Drivers/STM32L4xx_HAL_Driver/stm32l4xx_hal_tim_ex.o
                0x000000000800924c                HAL_TIMEx_Break2Callback
 .text.HAL_UART_Init
                0x0000000008009260       0xa0 ./Drivers/STM32L4xx_HAL_Driver/stm32l4xx_hal_uart.o
                0x0000000008009260                HAL_UART_Init
 .text.HAL_UART_MspInit
                0x0000000008009300       0x14 ./Drivers/STM32L4xx_HAL_Driver/stm32l4xx_hal_uart.o
                0x0000000008009300                HAL_UART_MspInit
 .text.HAL_UART_Transmit
                0x0000000008009314      0x11e ./Drivers/STM32L4xx_HAL_Driver/stm32l4xx_hal_uart.o
                0x0000000008009314                HAL_UART_Transmit
 .text.HAL_UART_Receive
                0x0000000008009432      0x192 ./Drivers/STM32L4xx_HAL_Driver/stm32l4xx_hal_uart.o
                0x0000000008009432                HAL_UART_Receive
 .text.UART_SetConfig
                0x00000000080095c4      0x5f8 ./Drivers/STM32L4xx_HAL_Driver/stm32l4xx_hal_uart.o
                0x00000000080095c4                UART_SetConfig
 .text.UART_AdvFeatureConfig
                0x0000000008009bbc      0x144 ./Drivers/STM32L4xx_HAL_Driver/stm32l4xx_hal_uart.o
                0x0000000008009bbc                UART_AdvFeatureConfig
 .text.UART_CheckIdleState
                0x0000000008009d00      0x154 ./Drivers/STM32L4xx_HAL_Driver/stm32l4xx_hal_uart.o
                0x0000000008009d00                UART_CheckIdleState
 .text.UART_WaitOnFlagUntilTimeout
                0x0000000008009e54       0xce ./Drivers/STM32L4xx_HAL_Driver/stm32l4xx_hal_uart.o
                0x0000000008009e54                UART_WaitOnFlagUntilTimeout
 .text.UART_EndRxTransfer
                0x0000000008009f22       0xcc ./Drivers/STM32L4xx_HAL_Driver/stm32l4xx_hal_uart.o
 *fill*         0x0000000008009fee        0x2 
 .text.arm_q7_to_float
                0x0000000008009ff0       0xd0 C:\Users\Administrator\STM32Cube\Repository\STM32Cube_FW_L4_V1.18.0\Projects\B-L4S5I-IOT01A\Applications\Project_Main\WiFi_HTTP_Server\STM32CubeIDE\Application\Lib\libarm_cortexM4lf_math.a(arm_q7_to_float.o)
                0x0000000008009ff0                arm_q7_to_float
 .text.arm_rfft_32_fast_init_f32
                0x000000000800a0c0       0x34 C:\Users\Administrator\STM32Cube\Repository\STM32Cube_FW_L4_V1.18.0\Projects\B-L4S5I-IOT01A\Applications\Project_Main\WiFi_HTTP_Server\STM32CubeIDE\Application\Lib\libarm_cortexM4lf_math.a(arm_rfft_fast_init_f32.o)
                0x000000000800a0c0                arm_rfft_32_fast_init_f32
 .text.arm_rfft_64_fast_init_f32
                0x000000000800a0f4       0x34 C:\Users\Administrator\STM32Cube\Repository\STM32Cube_FW_L4_V1.18.0\Projects\B-L4S5I-IOT01A\Applications\Project_Main\WiFi_HTTP_Server\STM32CubeIDE\Application\Lib\libarm_cortexM4lf_math.a(arm_rfft_fast_init_f32.o)
                0x000000000800a0f4                arm_rfft_64_fast_init_f32
 .text.arm_rfft_256_fast_init_f32
                0x000000000800a128       0x38 C:\Users\Administrator\STM32Cube\Repository\STM32Cube_FW_L4_V1.18.0\Projects\B-L4S5I-IOT01A\Applications\Project_Main\WiFi_HTTP_Server\STM32CubeIDE\Application\Lib\libarm_cortexM4lf_math.a(arm_rfft_fast_init_f32.o)
                0x000000000800a128                arm_rfft_256_fast_init_f32
 .text.arm_rfft_512_fast_init_f32
                0x000000000800a160       0x3c C:\Users\Administrator\STM32Cube\Repository\STM32Cube_FW_L4_V1.18.0\Projects\B-L4S5I-IOT01A\Applications\Project_Main\WiFi_HTTP_Server\STM32CubeIDE\Application\Lib\libarm_cortexM4lf_math.a(arm_rfft_fast_init_f32.o)
                0x000000000800a160                arm_rfft_512_fast_init_f32
 .text.arm_rfft_1024_fast_init_f32
                0x000000000800a19c       0x3c C:\Users\Administrator\STM32Cube\Repository\STM32Cube_FW_L4_V1.18.0\Projects\B-L4S5I-IOT01A\Applications\Project_Main\WiFi_HTTP_Server\STM32CubeIDE\Application\Lib\libarm_cortexM4lf_math.a(arm_rfft_fast_init_f32.o)
                0x000000000800a19c                arm_rfft_1024_fast_init_f32
 .text.arm_rfft_2048_fast_init_f32
                0x000000000800a1d8       0x3c C:\Users\Administrator\STM32Cube\Repository\STM32Cube_FW_L4_V1.18.0\Projects\B-L4S5I-IOT01A\Applications\Project_Main\WiFi_HTTP_Server\STM32CubeIDE\Application\Lib\libarm_cortexM4lf_math.a(arm_rfft_fast_init_f32.o)
                0x000000000800a1d8                arm_rfft_2048_fast_init_f32
 .text.arm_rfft_4096_fast_init_f32
                0x000000000800a214       0x3c C:\Users\Administrator\STM32Cube\Repository\STM32Cube_FW_L4_V1.18.0\Projects\B-L4S5I-IOT01A\Applications\Project_Main\WiFi_HTTP_Server\STM32CubeIDE\Application\Lib\libarm_cortexM4lf_math.a(arm_rfft_fast_init_f32.o)
                0x000000000800a214                arm_rfft_4096_fast_init_f32
 .text.arm_rfft_fast_init_f32
                0x000000000800a250       0x68 C:\Users\Administrator\STM32Cube\Repository\STM32Cube_FW_L4_V1.18.0\Projects\B-L4S5I-IOT01A\Applications\Project_Main\WiFi_HTTP_Server\STM32CubeIDE\Application\Lib\libarm_cortexM4lf_math.a(arm_rfft_fast_init_f32.o)
                0x000000000800a250                arm_rfft_fast_init_f32
 .text.stage_rfft_f32
                0x000000000800a2b8       0xb4 C:\Users\Administrator\STM32Cube\Repository\STM32Cube_FW_L4_V1.18.0\Projects\B-L4S5I-IOT01A\Applications\Project_Main\WiFi_HTTP_Server\STM32CubeIDE\Application\Lib\libarm_cortexM4lf_math.a(arm_rfft_fast_f32.o)
                0x000000000800a2b8                stage_rfft_f32
 .text.merge_rfft_f32
                0x000000000800a36c       0xac C:\Users\Administrator\STM32Cube\Repository\STM32Cube_FW_L4_V1.18.0\Projects\B-L4S5I-IOT01A\Applications\Project_Main\WiFi_HTTP_Server\STM32CubeIDE\Application\Lib\libarm_cortexM4lf_math.a(arm_rfft_fast_f32.o)
                0x000000000800a36c                merge_rfft_f32
 .text.arm_rfft_fast_f32
                0x000000000800a418       0x40 C:\Users\Administrator\STM32Cube\Repository\STM32Cube_FW_L4_V1.18.0\Projects\B-L4S5I-IOT01A\Applications\Project_Main\WiFi_HTTP_Server\STM32CubeIDE\Application\Lib\libarm_cortexM4lf_math.a(arm_rfft_fast_f32.o)
                0x000000000800a418                arm_rfft_fast_f32
 .text.arm_cfft_radix8by2_f32
                0x000000000800a458      0x1a0 C:\Users\Administrator\STM32Cube\Repository\STM32Cube_FW_L4_V1.18.0\Projects\B-L4S5I-IOT01A\Applications\Project_Main\WiFi_HTTP_Server\STM32CubeIDE\Application\Lib\libarm_cortexM4lf_math.a(arm_cfft_f32.o)
                0x000000000800a458                arm_cfft_radix8by2_f32
 .text.arm_cfft_radix8by4_f32
                0x000000000800a5f8      0x4ac C:\Users\Administrator\STM32Cube\Repository\STM32Cube_FW_L4_V1.18.0\Projects\B-L4S5I-IOT01A\Applications\Project_Main\WiFi_HTTP_Server\STM32CubeIDE\Application\Lib\libarm_cortexM4lf_math.a(arm_cfft_f32.o)
                0x000000000800a5f8                arm_cfft_radix8by4_f32
 .text.arm_cfft_f32
                0x000000000800aaa4       0xf0 C:\Users\Administrator\STM32Cube\Repository\STM32Cube_FW_L4_V1.18.0\Projects\B-L4S5I-IOT01A\Applications\Project_Main\WiFi_HTTP_Server\STM32CubeIDE\Application\Lib\libarm_cortexM4lf_math.a(arm_cfft_f32.o)
                0x000000000800aaa4                arm_cfft_f32
 .text.arm_bitreversal_32
                0x000000000800ab94       0x40 C:\Users\Administrator\STM32Cube\Repository\STM32Cube_FW_L4_V1.18.0\Projects\B-L4S5I-IOT01A\Applications\Project_Main\WiFi_HTTP_Server\STM32CubeIDE\Application\Lib\libarm_cortexM4lf_math.a(arm_bitreversal2.o)
                0x000000000800ab94                arm_bitreversal_32
 .text.arm_radix8_butterfly_f32
                0x000000000800abd4      0x580 C:\Users\Administrator\STM32Cube\Repository\STM32Cube_FW_L4_V1.18.0\Projects\B-L4S5I-IOT01A\Applications\Project_Main\WiFi_HTTP_Server\STM32CubeIDE\Application\Lib\libarm_cortexM4lf_math.a(arm_cfft_radix8_f32.o)
                0x000000000800abd4                arm_radix8_butterfly_f32
 .text.malloc   0x000000000800b154       0x10 C:/ST/STM32CubeIDE_1.13.1/STM32CubeIDE/plugins/com.st.stm32cube.ide.mcu.externaltools.gnu-tools-for-stm32.11.3.rel1.win32_1.1.0.202305231506/tools/bin/../lib/gcc/arm-none-eabi/11.3.1/../../../../arm-none-eabi/lib/thumb/v7e-m+fp/hard\libc_nano.a(libc_a-malloc.o)
                0x000000000800b154                malloc
 .text.sbrk_aligned
                0x000000000800b164       0x40 C:/ST/STM32CubeIDE_1.13.1/STM32CubeIDE/plugins/com.st.stm32cube.ide.mcu.externaltools.gnu-tools-for-stm32.11.3.rel1.win32_1.1.0.202305231506/tools/bin/../lib/gcc/arm-none-eabi/11.3.1/../../../../arm-none-eabi/lib/thumb/v7e-m+fp/hard\libc_nano.a(libc_a-mallocr.o)
 .text._malloc_r
                0x000000000800b1a4      0x100 C:/ST/STM32CubeIDE_1.13.1/STM32CubeIDE/plugins/com.st.stm32cube.ide.mcu.externaltools.gnu-tools-for-stm32.11.3.rel1.win32_1.1.0.202305231506/tools/bin/../lib/gcc/arm-none-eabi/11.3.1/../../../../arm-none-eabi/lib/thumb/v7e-m+fp/hard\libc_nano.a(libc_a-mallocr.o)
                0x000000000800b1a4                _malloc_r
 .text.__malloc_lock
                0x000000000800b2a4        0xc C:/ST/STM32CubeIDE_1.13.1/STM32CubeIDE/plugins/com.st.stm32cube.ide.mcu.externaltools.gnu-tools-for-stm32.11.3.rel1.win32_1.1.0.202305231506/tools/bin/../lib/gcc/arm-none-eabi/11.3.1/../../../../arm-none-eabi/lib/thumb/v7e-m+fp/hard\libc_nano.a(libc_a-mlock.o)
                0x000000000800b2a4                __malloc_lock
 .text.__malloc_unlock
                0x000000000800b2b0        0xc C:/ST/STM32CubeIDE_1.13.1/STM32CubeIDE/plugins/com.st.stm32cube.ide.mcu.externaltools.gnu-tools-for-stm32.11.3.rel1.win32_1.1.0.202305231506/tools/bin/../lib/gcc/arm-none-eabi/11.3.1/../../../../arm-none-eabi/lib/thumb/v7e-m+fp/hard\libc_nano.a(libc_a-mlock.o)
                0x000000000800b2b0                __malloc_unlock
 .text.__cvt    0x000000000800b2bc       0xc4 C:/ST/STM32CubeIDE_1.13.1/STM32CubeIDE/plugins/com.st.stm32cube.ide.mcu.externaltools.gnu-tools-for-stm32.11.3.rel1.win32_1.1.0.202305231506/tools/bin/../lib/gcc/arm-none-eabi/11.3.1/../../../../arm-none-eabi/lib/thumb/v7e-m+fp/hard\libc_nano.a(libc_a-nano-vfprintf_float.o)
                0x000000000800b2bc                __cvt
 .text.__exponent
                0x000000000800b380       0x7c C:/ST/STM32CubeIDE_1.13.1/STM32CubeIDE/plugins/com.st.stm32cube.ide.mcu.externaltools.gnu-tools-for-stm32.11.3.rel1.win32_1.1.0.202305231506/tools/bin/../lib/gcc/arm-none-eabi/11.3.1/../../../../arm-none-eabi/lib/thumb/v7e-m+fp/hard\libc_nano.a(libc_a-nano-vfprintf_float.o)
                0x000000000800b380                __exponent
 .text._printf_float
                0x000000000800b3fc      0x46c C:/ST/STM32CubeIDE_1.13.1/STM32CubeIDE/plugins/com.st.stm32cube.ide.mcu.externaltools.gnu-tools-for-stm32.11.3.rel1.win32_1.1.0.202305231506/tools/bin/../lib/gcc/arm-none-eabi/11.3.1/../../../../arm-none-eabi/lib/thumb/v7e-m+fp/hard\libc_nano.a(libc_a-nano-vfprintf_float.o)
                0x000000000800b3fc                _printf_float
 .text._printf_common
                0x000000000800b868       0xda C:/ST/STM32CubeIDE_1.13.1/STM32CubeIDE/plugins/com.st.stm32cube.ide.mcu.externaltools.gnu-tools-for-stm32.11.3.rel1.win32_1.1.0.202305231506/tools/bin/../lib/gcc/arm-none-eabi/11.3.1/../../../../arm-none-eabi/lib/thumb/v7e-m+fp/hard\libc_nano.a(libc_a-nano-vfprintf_i.o)
                0x000000000800b868                _printf_common
 *fill*         0x000000000800b942        0x2 
 .text._printf_i
                0x000000000800b944      0x244 C:/ST/STM32CubeIDE_1.13.1/STM32CubeIDE/plugins/com.st.stm32cube.ide.mcu.externaltools.gnu-tools-for-stm32.11.3.rel1.win32_1.1.0.202305231506/tools/bin/../lib/gcc/arm-none-eabi/11.3.1/../../../../arm-none-eabi/lib/thumb/v7e-m+fp/hard\libc_nano.a(libc_a-nano-vfprintf_i.o)
                0x000000000800b944                _printf_i
 .text.std      0x000000000800bb88       0x48 C:/ST/STM32CubeIDE_1.13.1/STM32CubeIDE/plugins/com.st.stm32cube.ide.mcu.externaltools.gnu-tools-for-stm32.11.3.rel1.win32_1.1.0.202305231506/tools/bin/../lib/gcc/arm-none-eabi/11.3.1/../../../../arm-none-eabi/lib/thumb/v7e-m+fp/hard\libc_nano.a(libc_a-findfp.o)
 .text.stdio_exit_handler
                0x000000000800bbd0       0x18 C:/ST/STM32CubeIDE_1.13.1/STM32CubeIDE/plugins/com.st.stm32cube.ide.mcu.externaltools.gnu-tools-for-stm32.11.3.rel1.win32_1.1.0.202305231506/tools/bin/../lib/gcc/arm-none-eabi/11.3.1/../../../../arm-none-eabi/lib/thumb/v7e-m+fp/hard\libc_nano.a(libc_a-findfp.o)
 .text.cleanup_stdio
                0x000000000800bbe8       0x40 C:/ST/STM32CubeIDE_1.13.1/STM32CubeIDE/plugins/com.st.stm32cube.ide.mcu.externaltools.gnu-tools-for-stm32.11.3.rel1.win32_1.1.0.202305231506/tools/bin/../lib/gcc/arm-none-eabi/11.3.1/../../../../arm-none-eabi/lib/thumb/v7e-m+fp/hard\libc_nano.a(libc_a-findfp.o)
 .text.global_stdio_init.part.0
                0x000000000800bc28       0x3c C:/ST/STM32CubeIDE_1.13.1/STM32CubeIDE/plugins/com.st.stm32cube.ide.mcu.externaltools.gnu-tools-for-stm32.11.3.rel1.win32_1.1.0.202305231506/tools/bin/../lib/gcc/arm-none-eabi/11.3.1/../../../../arm-none-eabi/lib/thumb/v7e-m+fp/hard\libc_nano.a(libc_a-findfp.o)
 .text.__sfp_lock_acquire
                0x000000000800bc64        0xc C:/ST/STM32CubeIDE_1.13.1/STM32CubeIDE/plugins/com.st.stm32cube.ide.mcu.externaltools.gnu-tools-for-stm32.11.3.rel1.win32_1.1.0.202305231506/tools/bin/../lib/gcc/arm-none-eabi/11.3.1/../../../../arm-none-eabi/lib/thumb/v7e-m+fp/hard\libc_nano.a(libc_a-findfp.o)
                0x000000000800bc64                __sfp_lock_acquire
 .text.__sfp_lock_release
                0x000000000800bc70        0xc C:/ST/STM32CubeIDE_1.13.1/STM32CubeIDE/plugins/com.st.stm32cube.ide.mcu.externaltools.gnu-tools-for-stm32.11.3.rel1.win32_1.1.0.202305231506/tools/bin/../lib/gcc/arm-none-eabi/11.3.1/../../../../arm-none-eabi/lib/thumb/v7e-m+fp/hard\libc_nano.a(libc_a-findfp.o)
                0x000000000800bc70                __sfp_lock_release
 .text.__sinit  0x000000000800bc7c       0x30 C:/ST/STM32CubeIDE_1.13.1/STM32CubeIDE/plugins/com.st.stm32cube.ide.mcu.externaltools.gnu-tools-for-stm32.11.3.rel1.win32_1.1.0.202305231506/tools/bin/../lib/gcc/arm-none-eabi/11.3.1/../../../../arm-none-eabi/lib/thumb/v7e-m+fp/hard\libc_nano.a(libc_a-findfp.o)
                0x000000000800bc7c                __sinit
 .text._fwalk_sglue
                0x000000000800bcac       0x3c C:/ST/STM32CubeIDE_1.13.1/STM32CubeIDE/plugins/com.st.stm32cube.ide.mcu.externaltools.gnu-tools-for-stm32.11.3.rel1.win32_1.1.0.202305231506/tools/bin/../lib/gcc/arm-none-eabi/11.3.1/../../../../arm-none-eabi/lib/thumb/v7e-m+fp/hard\libc_nano.a(libc_a-fwalk.o)
                0x000000000800bcac                _fwalk_sglue
 .text.printf   0x000000000800bce8       0x24 C:/ST/STM32CubeIDE_1.13.1/STM32CubeIDE/plugins/com.st.stm32cube.ide.mcu.externaltools.gnu-tools-for-stm32.11.3.rel1.win32_1.1.0.202305231506/tools/bin/../lib/gcc/arm-none-eabi/11.3.1/../../../../arm-none-eabi/lib/thumb/v7e-m+fp/hard\libc_nano.a(libc_a-printf.o)
                0x000000000800bce8                iprintf
                0x000000000800bce8                printf
 .text.putchar  0x000000000800bd0c       0x10 C:/ST/STM32CubeIDE_1.13.1/STM32CubeIDE/plugins/com.st.stm32cube.ide.mcu.externaltools.gnu-tools-for-stm32.11.3.rel1.win32_1.1.0.202305231506/tools/bin/../lib/gcc/arm-none-eabi/11.3.1/../../../../arm-none-eabi/lib/thumb/v7e-m+fp/hard\libc_nano.a(libc_a-putchar.o)
                0x000000000800bd0c                putchar
 .text._puts_r  0x000000000800bd1c       0xa8 C:/ST/STM32CubeIDE_1.13.1/STM32CubeIDE/plugins/com.st.stm32cube.ide.mcu.externaltools.gnu-tools-for-stm32.11.3.rel1.win32_1.1.0.202305231506/tools/bin/../lib/gcc/arm-none-eabi/11.3.1/../../../../arm-none-eabi/lib/thumb/v7e-m+fp/hard\libc_nano.a(libc_a-puts.o)
                0x000000000800bd1c                _puts_r
 .text.puts     0x000000000800bdc4       0x10 C:/ST/STM32CubeIDE_1.13.1/STM32CubeIDE/plugins/com.st.stm32cube.ide.mcu.externaltools.gnu-tools-for-stm32.11.3.rel1.win32_1.1.0.202305231506/tools/bin/../lib/gcc/arm-none-eabi/11.3.1/../../../../arm-none-eabi/lib/thumb/v7e-m+fp/hard\libc_nano.a(libc_a-puts.o)
                0x000000000800bdc4                puts
 .text.sprintf  0x000000000800bdd4       0x40 C:/ST/STM32CubeIDE_1.13.1/STM32CubeIDE/plugins/com.st.stm32cube.ide.mcu.externaltools.gnu-tools-for-stm32.11.3.rel1.win32_1.1.0.202305231506/tools/bin/../lib/gcc/arm-none-eabi/11.3.1/../../../../arm-none-eabi/lib/thumb/v7e-m+fp/hard\libc_nano.a(libc_a-sprintf.o)
                0x000000000800bdd4                siprintf
                0x000000000800bdd4                sprintf
 .text.__sread  0x000000000800be14       0x22 C:/ST/STM32CubeIDE_1.13.1/STM32CubeIDE/plugins/com.st.stm32cube.ide.mcu.externaltools.gnu-tools-for-stm32.11.3.rel1.win32_1.1.0.202305231506/tools/bin/../lib/gcc/arm-none-eabi/11.3.1/../../../../arm-none-eabi/lib/thumb/v7e-m+fp/hard\libc_nano.a(libc_a-stdio.o)
                0x000000000800be14                __sread
 .text.__swrite
                0x000000000800be36       0x38 C:/ST/STM32CubeIDE_1.13.1/STM32CubeIDE/plugins/com.st.stm32cube.ide.mcu.externaltools.gnu-tools-for-stm32.11.3.rel1.win32_1.1.0.202305231506/tools/bin/../lib/gcc/arm-none-eabi/11.3.1/../../../../arm-none-eabi/lib/thumb/v7e-m+fp/hard\libc_nano.a(libc_a-stdio.o)
                0x000000000800be36                __swrite
 .text.__sseek  0x000000000800be6e       0x24 C:/ST/STM32CubeIDE_1.13.1/STM32CubeIDE/plugins/com.st.stm32cube.ide.mcu.externaltools.gnu-tools-for-stm32.11.3.rel1.win32_1.1.0.202305231506/tools/bin/../lib/gcc/arm-none-eabi/11.3.1/../../../../arm-none-eabi/lib/thumb/v7e-m+fp/hard\libc_nano.a(libc_a-stdio.o)
                0x000000000800be6e                __sseek
 .text.__sclose
                0x000000000800be92        0x8 C:/ST/STM32CubeIDE_1.13.1/STM32CubeIDE/plugins/com.st.stm32cube.ide.mcu.externaltools.gnu-tools-for-stm32.11.3.rel1.win32_1.1.0.202305231506/tools/bin/../lib/gcc/arm-none-eabi/11.3.1/../../../../arm-none-eabi/lib/thumb/v7e-m+fp/hard\libc_nano.a(libc_a-stdio.o)
                0x000000000800be92                __sclose
 .text.__swbuf_r
                0x000000000800be9a       0x7a C:/ST/STM32CubeIDE_1.13.1/STM32CubeIDE/plugins/com.st.stm32cube.ide.mcu.externaltools.gnu-tools-for-stm32.11.3.rel1.win32_1.1.0.202305231506/tools/bin/../lib/gcc/arm-none-eabi/11.3.1/../../../../arm-none-eabi/lib/thumb/v7e-m+fp/hard\libc_nano.a(libc_a-wbuf.o)
                0x000000000800be9a                __swbuf_r
 .text.__swsetup_r
                0x000000000800bf14       0xb0 C:/ST/STM32CubeIDE_1.13.1/STM32CubeIDE/plugins/com.st.stm32cube.ide.mcu.externaltools.gnu-tools-for-stm32.11.3.rel1.win32_1.1.0.202305231506/tools/bin/../lib/gcc/arm-none-eabi/11.3.1/../../../../arm-none-eabi/lib/thumb/v7e-m+fp/hard\libc_nano.a(libc_a-wsetup.o)
                0x000000000800bf14                __swsetup_r
 .text.memcmp   0x000000000800bfc4       0x20 C:/ST/STM32CubeIDE_1.13.1/STM32CubeIDE/plugins/com.st.stm32cube.ide.mcu.externaltools.gnu-tools-for-stm32.11.3.rel1.win32_1.1.0.202305231506/tools/bin/../lib/gcc/arm-none-eabi/11.3.1/../../../../arm-none-eabi/lib/thumb/v7e-m+fp/hard\libc_nano.a(libc_a-memcmp.o)
                0x000000000800bfc4                memcmp
 .text.memset   0x000000000800bfe4       0x10 C:/ST/STM32CubeIDE_1.13.1/STM32CubeIDE/plugins/com.st.stm32cube.ide.mcu.externaltools.gnu-tools-for-stm32.11.3.rel1.win32_1.1.0.202305231506/tools/bin/../lib/gcc/arm-none-eabi/11.3.1/../../../../arm-none-eabi/lib/thumb/v7e-m+fp/hard\libc_nano.a(libc_a-memset.o)
                0x000000000800bfe4                memset
 .text.strcat   0x000000000800bff4       0x1e C:/ST/STM32CubeIDE_1.13.1/STM32CubeIDE/plugins/com.st.stm32cube.ide.mcu.externaltools.gnu-tools-for-stm32.11.3.rel1.win32_1.1.0.202305231506/tools/bin/../lib/gcc/arm-none-eabi/11.3.1/../../../../arm-none-eabi/lib/thumb/v7e-m+fp/hard\libc_nano.a(libc_a-strcat.o)
                0x000000000800bff4                strcat
 .text.strncmp  0x000000000800c012       0x24 C:/ST/STM32CubeIDE_1.13.1/STM32CubeIDE/plugins/com.st.stm32cube.ide.mcu.externaltools.gnu-tools-for-stm32.11.3.rel1.win32_1.1.0.202305231506/tools/bin/../lib/gcc/arm-none-eabi/11.3.1/../../../../arm-none-eabi/lib/thumb/v7e-m+fp/hard\libc_nano.a(libc_a-strncmp.o)
                0x000000000800c012                strncmp
 .text.strncpy  0x000000000800c036       0x26 C:/ST/STM32CubeIDE_1.13.1/STM32CubeIDE/plugins/com.st.stm32cube.ide.mcu.externaltools.gnu-tools-for-stm32.11.3.rel1.win32_1.1.0.202305231506/tools/bin/../lib/gcc/arm-none-eabi/11.3.1/../../../../arm-none-eabi/lib/thumb/v7e-m+fp/hard\libc_nano.a(libc_a-strncpy.o)
                0x000000000800c036                strncpy
 .text.strtok   0x000000000800c05c       0x68 C:/ST/STM32CubeIDE_1.13.1/STM32CubeIDE/plugins/com.st.stm32cube.ide.mcu.externaltools.gnu-tools-for-stm32.11.3.rel1.win32_1.1.0.202305231506/tools/bin/../lib/gcc/arm-none-eabi/11.3.1/../../../../arm-none-eabi/lib/thumb/v7e-m+fp/hard\libc_nano.a(libc_a-strtok.o)
                0x000000000800c05c                strtok
 .text.__strtok_r
                0x000000000800c0c4       0x50 C:/ST/STM32CubeIDE_1.13.1/STM32CubeIDE/plugins/com.st.stm32cube.ide.mcu.externaltools.gnu-tools-for-stm32.11.3.rel1.win32_1.1.0.202305231506/tools/bin/../lib/gcc/arm-none-eabi/11.3.1/../../../../arm-none-eabi/lib/thumb/v7e-m+fp/hard\libc_nano.a(libc_a-strtok_r.o)
                0x000000000800c0c4                __strtok_r
 .text.strstr   0x000000000800c114       0x2c C:/ST/STM32CubeIDE_1.13.1/STM32CubeIDE/plugins/com.st.stm32cube.ide.mcu.externaltools.gnu-tools-for-stm32.11.3.rel1.win32_1.1.0.202305231506/tools/bin/../lib/gcc/arm-none-eabi/11.3.1/../../../../arm-none-eabi/lib/thumb/v7e-m+fp/hard\libc_nano.a(libc_a-strstr.o)
                0x000000000800c114                strstr
 .text._localeconv_r
                0x000000000800c140        0x8 C:/ST/STM32CubeIDE_1.13.1/STM32CubeIDE/plugins/com.st.stm32cube.ide.mcu.externaltools.gnu-tools-for-stm32.11.3.rel1.win32_1.1.0.202305231506/tools/bin/../lib/gcc/arm-none-eabi/11.3.1/../../../../arm-none-eabi/lib/thumb/v7e-m+fp/hard\libc_nano.a(libc_a-localeconv.o)
                0x000000000800c140                _localeconv_r
 .text._close_r
                0x000000000800c148       0x20 C:/ST/STM32CubeIDE_1.13.1/STM32CubeIDE/plugins/com.st.stm32cube.ide.mcu.externaltools.gnu-tools-for-stm32.11.3.rel1.win32_1.1.0.202305231506/tools/bin/../lib/gcc/arm-none-eabi/11.3.1/../../../../arm-none-eabi/lib/thumb/v7e-m+fp/hard\libc_nano.a(libc_a-closer.o)
                0x000000000800c148                _close_r
 .text._lseek_r
                0x000000000800c168       0x24 C:/ST/STM32CubeIDE_1.13.1/STM32CubeIDE/plugins/com.st.stm32cube.ide.mcu.externaltools.gnu-tools-for-stm32.11.3.rel1.win32_1.1.0.202305231506/tools/bin/../lib/gcc/arm-none-eabi/11.3.1/../../../../arm-none-eabi/lib/thumb/v7e-m+fp/hard\libc_nano.a(libc_a-lseekr.o)
                0x000000000800c168                _lseek_r
 .text._read_r  0x000000000800c18c       0x24 C:/ST/STM32CubeIDE_1.13.1/STM32CubeIDE/plugins/com.st.stm32cube.ide.mcu.externaltools.gnu-tools-for-stm32.11.3.rel1.win32_1.1.0.202305231506/tools/bin/../lib/gcc/arm-none-eabi/11.3.1/../../../../arm-none-eabi/lib/thumb/v7e-m+fp/hard\libc_nano.a(libc_a-readr.o)
                0x000000000800c18c                _read_r
 .text._sbrk_r  0x000000000800c1b0       0x20 C:/ST/STM32CubeIDE_1.13.1/STM32CubeIDE/plugins/com.st.stm32cube.ide.mcu.externaltools.gnu-tools-for-stm32.11.3.rel1.win32_1.1.0.202305231506/tools/bin/../lib/gcc/arm-none-eabi/11.3.1/../../../../arm-none-eabi/lib/thumb/v7e-m+fp/hard\libc_nano.a(libc_a-sbrkr.o)
                0x000000000800c1b0                _sbrk_r
 .text._write_r
                0x000000000800c1d0       0x24 C:/ST/STM32CubeIDE_1.13.1/STM32CubeIDE/plugins/com.st.stm32cube.ide.mcu.externaltools.gnu-tools-for-stm32.11.3.rel1.win32_1.1.0.202305231506/tools/bin/../lib/gcc/arm-none-eabi/11.3.1/../../../../arm-none-eabi/lib/thumb/v7e-m+fp/hard\libc_nano.a(libc_a-writer.o)
                0x000000000800c1d0                _write_r
 .text.__errno  0x000000000800c1f4        0xc C:/ST/STM32CubeIDE_1.13.1/STM32CubeIDE/plugins/com.st.stm32cube.ide.mcu.externaltools.gnu-tools-for-stm32.11.3.rel1.win32_1.1.0.202305231506/tools/bin/../lib/gcc/arm-none-eabi/11.3.1/../../../../arm-none-eabi/lib/thumb/v7e-m+fp/hard\libc_nano.a(libc_a-errno.o)
                0x000000000800c1f4                __errno
 .text.__libc_init_array
                0x000000000800c200       0x48 C:/ST/STM32CubeIDE_1.13.1/STM32CubeIDE/plugins/com.st.stm32cube.ide.mcu.externaltools.gnu-tools-for-stm32.11.3.rel1.win32_1.1.0.202305231506/tools/bin/../lib/gcc/arm-none-eabi/11.3.1/../../../../arm-none-eabi/lib/thumb/v7e-m+fp/hard\libc_nano.a(libc_a-init.o)
                0x000000000800c200                __libc_init_array
 .text.__retarget_lock_acquire_recursive
                0x000000000800c248        0x2 C:/ST/STM32CubeIDE_1.13.1/STM32CubeIDE/plugins/com.st.stm32cube.ide.mcu.externaltools.gnu-tools-for-stm32.11.3.rel1.win32_1.1.0.202305231506/tools/bin/../lib/gcc/arm-none-eabi/11.3.1/../../../../arm-none-eabi/lib/thumb/v7e-m+fp/hard\libc_nano.a(libc_a-lock.o)
                0x000000000800c248                __retarget_lock_acquire_recursive
 .text.__retarget_lock_release_recursive
                0x000000000800c24a        0x2 C:/ST/STM32CubeIDE_1.13.1/STM32CubeIDE/plugins/com.st.stm32cube.ide.mcu.externaltools.gnu-tools-for-stm32.11.3.rel1.win32_1.1.0.202305231506/tools/bin/../lib/gcc/arm-none-eabi/11.3.1/../../../../arm-none-eabi/lib/thumb/v7e-m+fp/hard\libc_nano.a(libc_a-lock.o)
                0x000000000800c24a                __retarget_lock_release_recursive
 .text.strcpy   0x000000000800c24c       0x10 C:/ST/STM32CubeIDE_1.13.1/STM32CubeIDE/plugins/com.st.stm32cube.ide.mcu.externaltools.gnu-tools-for-stm32.11.3.rel1.win32_1.1.0.202305231506/tools/bin/../lib/gcc/arm-none-eabi/11.3.1/../../../../arm-none-eabi/lib/thumb/v7e-m+fp/hard\libc_nano.a(libc_a-strcpy.o)
                0x000000000800c24c                strcpy
 .text.memcpy   0x000000000800c25c       0x1c C:/ST/STM32CubeIDE_1.13.1/STM32CubeIDE/plugins/com.st.stm32cube.ide.mcu.externaltools.gnu-tools-for-stm32.11.3.rel1.win32_1.1.0.202305231506/tools/bin/../lib/gcc/arm-none-eabi/11.3.1/../../../../arm-none-eabi/lib/thumb/v7e-m+fp/hard\libc_nano.a(libc_a-memcpy-stub.o)
                0x000000000800c25c                memcpy
 .text.__assert_func
                0x000000000800c278       0x3c C:/ST/STM32CubeIDE_1.13.1/STM32CubeIDE/plugins/com.st.stm32cube.ide.mcu.externaltools.gnu-tools-for-stm32.11.3.rel1.win32_1.1.0.202305231506/tools/bin/../lib/gcc/arm-none-eabi/11.3.1/../../../../arm-none-eabi/lib/thumb/v7e-m+fp/hard\libc_nano.a(libc_a-assert.o)
                0x000000000800c278                __assert_func
 .text.quorem   0x000000000800c2b4      0x110 C:/ST/STM32CubeIDE_1.13.1/STM32CubeIDE/plugins/com.st.stm32cube.ide.mcu.externaltools.gnu-tools-for-stm32.11.3.rel1.win32_1.1.0.202305231506/tools/bin/../lib/gcc/arm-none-eabi/11.3.1/../../../../arm-none-eabi/lib/thumb/v7e-m+fp/hard\libc_nano.a(libc_a-dtoa.o)
 *fill*         0x000000000800c3c4        0x4 
 .text._dtoa_r  0x000000000800c3c8      0xbe4 C:/ST/STM32CubeIDE_1.13.1/STM32CubeIDE/plugins/com.st.stm32cube.ide.mcu.externaltools.gnu-tools-for-stm32.11.3.rel1.win32_1.1.0.202305231506/tools/bin/../lib/gcc/arm-none-eabi/11.3.1/../../../../arm-none-eabi/lib/thumb/v7e-m+fp/hard\libc_nano.a(libc_a-dtoa.o)
                0x000000000800c3c8                _dtoa_r
 .text._free_r  0x000000000800cfac       0x98 C:/ST/STM32CubeIDE_1.13.1/STM32CubeIDE/plugins/com.st.stm32cube.ide.mcu.externaltools.gnu-tools-for-stm32.11.3.rel1.win32_1.1.0.202305231506/tools/bin/../lib/gcc/arm-none-eabi/11.3.1/../../../../arm-none-eabi/lib/thumb/v7e-m+fp/hard\libc_nano.a(libc_a-freer.o)
                0x000000000800cfac                _free_r
 .text._Balloc  0x000000000800d044       0x80 C:/ST/STM32CubeIDE_1.13.1/STM32CubeIDE/plugins/com.st.stm32cube.ide.mcu.externaltools.gnu-tools-for-stm32.11.3.rel1.win32_1.1.0.202305231506/tools/bin/../lib/gcc/arm-none-eabi/11.3.1/../../../../arm-none-eabi/lib/thumb/v7e-m+fp/hard\libc_nano.a(libc_a-mprec.o)
                0x000000000800d044                _Balloc
 .text._Bfree   0x000000000800d0c4       0x44 C:/ST/STM32CubeIDE_1.13.1/STM32CubeIDE/plugins/com.st.stm32cube.ide.mcu.externaltools.gnu-tools-for-stm32.11.3.rel1.win32_1.1.0.202305231506/tools/bin/../lib/gcc/arm-none-eabi/11.3.1/../../../../arm-none-eabi/lib/thumb/v7e-m+fp/hard\libc_nano.a(libc_a-mprec.o)
                0x000000000800d0c4                _Bfree
 .text.__multadd
                0x000000000800d108       0x8c C:/ST/STM32CubeIDE_1.13.1/STM32CubeIDE/plugins/com.st.stm32cube.ide.mcu.externaltools.gnu-tools-for-stm32.11.3.rel1.win32_1.1.0.202305231506/tools/bin/../lib/gcc/arm-none-eabi/11.3.1/../../../../arm-none-eabi/lib/thumb/v7e-m+fp/hard\libc_nano.a(libc_a-mprec.o)
                0x000000000800d108                __multadd
 .text.__hi0bits
                0x000000000800d194       0x40 C:/ST/STM32CubeIDE_1.13.1/STM32CubeIDE/plugins/com.st.stm32cube.ide.mcu.externaltools.gnu-tools-for-stm32.11.3.rel1.win32_1.1.0.202305231506/tools/bin/../lib/gcc/arm-none-eabi/11.3.1/../../../../arm-none-eabi/lib/thumb/v7e-m+fp/hard\libc_nano.a(libc_a-mprec.o)
                0x000000000800d194                __hi0bits
 .text.__lo0bits
                0x000000000800d1d4       0x5a C:/ST/STM32CubeIDE_1.13.1/STM32CubeIDE/plugins/com.st.stm32cube.ide.mcu.externaltools.gnu-tools-for-stm32.11.3.rel1.win32_1.1.0.202305231506/tools/bin/../lib/gcc/arm-none-eabi/11.3.1/../../../../arm-none-eabi/lib/thumb/v7e-m+fp/hard\libc_nano.a(libc_a-mprec.o)
                0x000000000800d1d4                __lo0bits
 *fill*         0x000000000800d22e        0x2 
 .text.__i2b    0x000000000800d230       0x2c C:/ST/STM32CubeIDE_1.13.1/STM32CubeIDE/plugins/com.st.stm32cube.ide.mcu.externaltools.gnu-tools-for-stm32.11.3.rel1.win32_1.1.0.202305231506/tools/bin/../lib/gcc/arm-none-eabi/11.3.1/../../../../arm-none-eabi/lib/thumb/v7e-m+fp/hard\libc_nano.a(libc_a-mprec.o)
                0x000000000800d230                __i2b
 .text.__multiply
                0x000000000800d25c      0x154 C:/ST/STM32CubeIDE_1.13.1/STM32CubeIDE/plugins/com.st.stm32cube.ide.mcu.externaltools.gnu-tools-for-stm32.11.3.rel1.win32_1.1.0.202305231506/tools/bin/../lib/gcc/arm-none-eabi/11.3.1/../../../../arm-none-eabi/lib/thumb/v7e-m+fp/hard\libc_nano.a(libc_a-mprec.o)
                0x000000000800d25c                __multiply
 .text.__pow5mult
                0x000000000800d3b0       0xb4 C:/ST/STM32CubeIDE_1.13.1/STM32CubeIDE/plugins/com.st.stm32cube.ide.mcu.externaltools.gnu-tools-for-stm32.11.3.rel1.win32_1.1.0.202305231506/tools/bin/../lib/gcc/arm-none-eabi/11.3.1/../../../../arm-none-eabi/lib/thumb/v7e-m+fp/hard\libc_nano.a(libc_a-mprec.o)
                0x000000000800d3b0                __pow5mult
 .text.__lshift
                0x000000000800d464       0xd8 C:/ST/STM32CubeIDE_1.13.1/STM32CubeIDE/plugins/com.st.stm32cube.ide.mcu.externaltools.gnu-tools-for-stm32.11.3.rel1.win32_1.1.0.202305231506/tools/bin/../lib/gcc/arm-none-eabi/11.3.1/../../../../arm-none-eabi/lib/thumb/v7e-m+fp/hard\libc_nano.a(libc_a-mprec.o)
                0x000000000800d464                __lshift
 .text.__mcmp   0x000000000800d53c       0x38 C:/ST/STM32CubeIDE_1.13.1/STM32CubeIDE/plugins/com.st.stm32cube.ide.mcu.externaltools.gnu-tools-for-stm32.11.3.rel1.win32_1.1.0.202305231506/tools/bin/../lib/gcc/arm-none-eabi/11.3.1/../../../../arm-none-eabi/lib/thumb/v7e-m+fp/hard\libc_nano.a(libc_a-mprec.o)
                0x000000000800d53c                __mcmp
 .text.__mdiff  0x000000000800d574      0x114 C:/ST/STM32CubeIDE_1.13.1/STM32CubeIDE/plugins/com.st.stm32cube.ide.mcu.externaltools.gnu-tools-for-stm32.11.3.rel1.win32_1.1.0.202305231506/tools/bin/../lib/gcc/arm-none-eabi/11.3.1/../../../../arm-none-eabi/lib/thumb/v7e-m+fp/hard\libc_nano.a(libc_a-mprec.o)
                0x000000000800d574                __mdiff
 .text.__d2b    0x000000000800d688       0xb4 C:/ST/STM32CubeIDE_1.13.1/STM32CubeIDE/plugins/com.st.stm32cube.ide.mcu.externaltools.gnu-tools-for-stm32.11.3.rel1.win32_1.1.0.202305231506/tools/bin/../lib/gcc/arm-none-eabi/11.3.1/../../../../arm-none-eabi/lib/thumb/v7e-m+fp/hard\libc_nano.a(libc_a-mprec.o)
                0x000000000800d688                __d2b
 .text.__ssputs_r
                0x000000000800d73c       0xb4 C:/ST/STM32CubeIDE_1.13.1/STM32CubeIDE/plugins/com.st.stm32cube.ide.mcu.externaltools.gnu-tools-for-stm32.11.3.rel1.win32_1.1.0.202305231506/tools/bin/../lib/gcc/arm-none-eabi/11.3.1/../../../../arm-none-eabi/lib/thumb/v7e-m+fp/hard\libc_nano.a(libc_a-nano-svfprintf.o)
                0x000000000800d73c                __ssputs_r
 .text._svfprintf_r
                0x000000000800d7f0      0x1fc C:/ST/STM32CubeIDE_1.13.1/STM32CubeIDE/plugins/com.st.stm32cube.ide.mcu.externaltools.gnu-tools-for-stm32.11.3.rel1.win32_1.1.0.202305231506/tools/bin/../lib/gcc/arm-none-eabi/11.3.1/../../../../arm-none-eabi/lib/thumb/v7e-m+fp/hard\libc_nano.a(libc_a-nano-svfprintf.o)
                0x000000000800d7f0                _svfiprintf_r
                0x000000000800d7f0                _svfprintf_r
 .text.__sfputc_r
                0x000000000800d9ec       0x2e C:/ST/STM32CubeIDE_1.13.1/STM32CubeIDE/plugins/com.st.stm32cube.ide.mcu.externaltools.gnu-tools-for-stm32.11.3.rel1.win32_1.1.0.202305231506/tools/bin/../lib/gcc/arm-none-eabi/11.3.1/../../../../arm-none-eabi/lib/thumb/v7e-m+fp/hard\libc_nano.a(libc_a-nano-vfprintf.o)
 .text.__sfputs_r
                0x000000000800da1a       0x24 C:/ST/STM32CubeIDE_1.13.1/STM32CubeIDE/plugins/com.st.stm32cube.ide.mcu.externaltools.gnu-tools-for-stm32.11.3.rel1.win32_1.1.0.202305231506/tools/bin/../lib/gcc/arm-none-eabi/11.3.1/../../../../arm-none-eabi/lib/thumb/v7e-m+fp/hard\libc_nano.a(libc_a-nano-vfprintf.o)
                0x000000000800da1a                __sfputs_r
 *fill*         0x000000000800da3e        0x2 
 .text._vfprintf_r
                0x000000000800da40      0x234 C:/ST/STM32CubeIDE_1.13.1/STM32CubeIDE/plugins/com.st.stm32cube.ide.mcu.externaltools.gnu-tools-for-stm32.11.3.rel1.win32_1.1.0.202305231506/tools/bin/../lib/gcc/arm-none-eabi/11.3.1/../../../../arm-none-eabi/lib/thumb/v7e-m+fp/hard\libc_nano.a(libc_a-nano-vfprintf.o)
                0x000000000800da40                _vfprintf_r
                0x000000000800da40                _vfiprintf_r
 .text.__sflush_r
                0x000000000800dc74      0x10c C:/ST/STM32CubeIDE_1.13.1/STM32CubeIDE/plugins/com.st.stm32cube.ide.mcu.externaltools.gnu-tools-for-stm32.11.3.rel1.win32_1.1.0.202305231506/tools/bin/../lib/gcc/arm-none-eabi/11.3.1/../../../../arm-none-eabi/lib/thumb/v7e-m+fp/hard\libc_nano.a(libc_a-fflush.o)
                0x000000000800dc74                __sflush_r
 .text._fflush_r
                0x000000000800dd80       0x50 C:/ST/STM32CubeIDE_1.13.1/STM32CubeIDE/plugins/com.st.stm32cube.ide.mcu.externaltools.gnu-tools-for-stm32.11.3.rel1.win32_1.1.0.202305231506/tools/bin/../lib/gcc/arm-none-eabi/11.3.1/../../../../arm-none-eabi/lib/thumb/v7e-m+fp/hard\libc_nano.a(libc_a-fflush.o)
                0x000000000800dd80                _fflush_r
 .text.fprintf  0x000000000800ddd0       0x24 C:/ST/STM32CubeIDE_1.13.1/STM32CubeIDE/plugins/com.st.stm32cube.ide.mcu.externaltools.gnu-tools-for-stm32.11.3.rel1.win32_1.1.0.202305231506/tools/bin/../lib/gcc/arm-none-eabi/11.3.1/../../../../arm-none-eabi/lib/thumb/v7e-m+fp/hard\libc_nano.a(libc_a-fprintf.o)
                0x000000000800ddd0                fiprintf
                0x000000000800ddd0                fprintf
 .text.__swhatbuf_r
                0x000000000800ddf4       0x4c C:/ST/STM32CubeIDE_1.13.1/STM32CubeIDE/plugins/com.st.stm32cube.ide.mcu.externaltools.gnu-tools-for-stm32.11.3.rel1.win32_1.1.0.202305231506/tools/bin/../lib/gcc/arm-none-eabi/11.3.1/../../../../arm-none-eabi/lib/thumb/v7e-m+fp/hard\libc_nano.a(libc_a-makebuf.o)
                0x000000000800ddf4                __swhatbuf_r
 .text.__smakebuf_r
                0x000000000800de40       0x78 C:/ST/STM32CubeIDE_1.13.1/STM32CubeIDE/plugins/com.st.stm32cube.ide.mcu.externaltools.gnu-tools-for-stm32.11.3.rel1.win32_1.1.0.202305231506/tools/bin/../lib/gcc/arm-none-eabi/11.3.1/../../../../arm-none-eabi/lib/thumb/v7e-m+fp/hard\libc_nano.a(libc_a-makebuf.o)
                0x000000000800de40                __smakebuf_r
 .text._putc_r  0x000000000800deb8       0x68 C:/ST/STM32CubeIDE_1.13.1/STM32CubeIDE/plugins/com.st.stm32cube.ide.mcu.externaltools.gnu-tools-for-stm32.11.3.rel1.win32_1.1.0.202305231506/tools/bin/../lib/gcc/arm-none-eabi/11.3.1/../../../../arm-none-eabi/lib/thumb/v7e-m+fp/hard\libc_nano.a(libc_a-putc.o)
                0x000000000800deb8                _putc_r
 .text.memmove  0x000000000800df20       0x34 C:/ST/STM32CubeIDE_1.13.1/STM32CubeIDE/plugins/com.st.stm32cube.ide.mcu.externaltools.gnu-tools-for-stm32.11.3.rel1.win32_1.1.0.202305231506/tools/bin/../lib/gcc/arm-none-eabi/11.3.1/../../../../arm-none-eabi/lib/thumb/v7e-m+fp/hard\libc_nano.a(libc_a-memmove.o)
                0x000000000800df20                memmove
 .text._fstat_r
                0x000000000800df54       0x24 C:/ST/STM32CubeIDE_1.13.1/STM32CubeIDE/plugins/com.st.stm32cube.ide.mcu.externaltools.gnu-tools-for-stm32.11.3.rel1.win32_1.1.0.202305231506/tools/bin/../lib/gcc/arm-none-eabi/11.3.1/../../../../arm-none-eabi/lib/thumb/v7e-m+fp/hard\libc_nano.a(libc_a-fstatr.o)
                0x000000000800df54                _fstat_r
 .text._isatty_r
                0x000000000800df78       0x20 C:/ST/STM32CubeIDE_1.13.1/STM32CubeIDE/plugins/com.st.stm32cube.ide.mcu.externaltools.gnu-tools-for-stm32.11.3.rel1.win32_1.1.0.202305231506/tools/bin/../lib/gcc/arm-none-eabi/11.3.1/../../../../arm-none-eabi/lib/thumb/v7e-m+fp/hard\libc_nano.a(libc_a-isattyr.o)
                0x000000000800df78                _isatty_r
 .text.abort    0x000000000800df98        0xe C:/ST/STM32CubeIDE_1.13.1/STM32CubeIDE/plugins/com.st.stm32cube.ide.mcu.externaltools.gnu-tools-for-stm32.11.3.rel1.win32_1.1.0.202305231506/tools/bin/../lib/gcc/arm-none-eabi/11.3.1/../../../../arm-none-eabi/lib/thumb/v7e-m+fp/hard\libc_nano.a(libc_a-abort.o)
                0x000000000800df98                abort
 .text._calloc_r
                0x000000000800dfa6       0x2c C:/ST/STM32CubeIDE_1.13.1/STM32CubeIDE/plugins/com.st.stm32cube.ide.mcu.externaltools.gnu-tools-for-stm32.11.3.rel1.win32_1.1.0.202305231506/tools/bin/../lib/gcc/arm-none-eabi/11.3.1/../../../../arm-none-eabi/lib/thumb/v7e-m+fp/hard\libc_nano.a(libc_a-callocr.o)
                0x000000000800dfa6                _calloc_r
 .text.__ascii_mbtowc
                0x000000000800dfd2       0x24 C:/ST/STM32CubeIDE_1.13.1/STM32CubeIDE/plugins/com.st.stm32cube.ide.mcu.externaltools.gnu-tools-for-stm32.11.3.rel1.win32_1.1.0.202305231506/tools/bin/../lib/gcc/arm-none-eabi/11.3.1/../../../../arm-none-eabi/lib/thumb/v7e-m+fp/hard\libc_nano.a(libc_a-mbtowc_r.o)
                0x000000000800dfd2                __ascii_mbtowc
 .text._realloc_r
                0x000000000800dff6       0x5e C:/ST/STM32CubeIDE_1.13.1/STM32CubeIDE/plugins/com.st.stm32cube.ide.mcu.externaltools.gnu-tools-for-stm32.11.3.rel1.win32_1.1.0.202305231506/tools/bin/../lib/gcc/arm-none-eabi/11.3.1/../../../../arm-none-eabi/lib/thumb/v7e-m+fp/hard\libc_nano.a(libc_a-reallocr.o)
                0x000000000800dff6                _realloc_r
 .text.__ascii_wctomb
                0x000000000800e054       0x1a C:/ST/STM32CubeIDE_1.13.1/STM32CubeIDE/plugins/com.st.stm32cube.ide.mcu.externaltools.gnu-tools-for-stm32.11.3.rel1.win32_1.1.0.202305231506/tools/bin/../lib/gcc/arm-none-eabi/11.3.1/../../../../arm-none-eabi/lib/thumb/v7e-m+fp/hard\libc_nano.a(libc_a-wctomb_r.o)
                0x000000000800e054                __ascii_wctomb
 .text._raise_r
                0x000000000800e06e       0x50 C:/ST/STM32CubeIDE_1.13.1/STM32CubeIDE/plugins/com.st.stm32cube.ide.mcu.externaltools.gnu-tools-for-stm32.11.3.rel1.win32_1.1.0.202305231506/tools/bin/../lib/gcc/arm-none-eabi/11.3.1/../../../../arm-none-eabi/lib/thumb/v7e-m+fp/hard\libc_nano.a(libc_a-signal.o)
                0x000000000800e06e                _raise_r
 *fill*         0x000000000800e0be        0x2 
 .text.raise    0x000000000800e0c0       0x10 C:/ST/STM32CubeIDE_1.13.1/STM32CubeIDE/plugins/com.st.stm32cube.ide.mcu.externaltools.gnu-tools-for-stm32.11.3.rel1.win32_1.1.0.202305231506/tools/bin/../lib/gcc/arm-none-eabi/11.3.1/../../../../arm-none-eabi/lib/thumb/v7e-m+fp/hard\libc_nano.a(libc_a-signal.o)
                0x000000000800e0c0                raise
 .text._kill_r  0x000000000800e0d0       0x24 C:/ST/STM32CubeIDE_1.13.1/STM32CubeIDE/plugins/com.st.stm32cube.ide.mcu.externaltools.gnu-tools-for-stm32.11.3.rel1.win32_1.1.0.202305231506/tools/bin/../lib/gcc/arm-none-eabi/11.3.1/../../../../arm-none-eabi/lib/thumb/v7e-m+fp/hard\libc_nano.a(libc_a-signalr.o)
                0x000000000800e0d0                _kill_r
 .text._getpid_r
                0x000000000800e0f4        0x4 C:/ST/STM32CubeIDE_1.13.1/STM32CubeIDE/plugins/com.st.stm32cube.ide.mcu.externaltools.gnu-tools-for-stm32.11.3.rel1.win32_1.1.0.202305231506/tools/bin/../lib/gcc/arm-none-eabi/11.3.1/../../../../arm-none-eabi/lib/thumb/v7e-m+fp/hard\libc_nano.a(libc_a-signalr.o)
                0x000000000800e0f4                _getpid_r
 .text._malloc_usable_size_r
                0x000000000800e0f8       0x10 C:/ST/STM32CubeIDE_1.13.1/STM32CubeIDE/plugins/com.st.stm32cube.ide.mcu.externaltools.gnu-tools-for-stm32.11.3.rel1.win32_1.1.0.202305231506/tools/bin/../lib/gcc/arm-none-eabi/11.3.1/../../../../arm-none-eabi/lib/thumb/v7e-m+fp/hard\libc_nano.a(libc_a-msizer.o)
                0x000000000800e0f8                _malloc_usable_size_r
 .text.roundf   0x000000000800e108       0x48 C:/ST/STM32CubeIDE_1.13.1/STM32CubeIDE/plugins/com.st.stm32cube.ide.mcu.externaltools.gnu-tools-for-stm32.11.3.rel1.win32_1.1.0.202305231506/tools/bin/../lib/gcc/arm-none-eabi/11.3.1/../../../../arm-none-eabi/lib/thumb/v7e-m+fp/hard\libm.a(libm_a-sf_round.o)
                0x000000000800e108                roundf
 *(.glue_7)
 .glue_7        0x000000000800e150        0x0 linker stubs
 *(.glue_7t)
 .glue_7t       0x000000000800e150        0x0 linker stubs
 *(.eh_frame)
 .eh_frame      0x000000000800e150        0x0 C:/ST/STM32CubeIDE_1.13.1/STM32CubeIDE/plugins/com.st.stm32cube.ide.mcu.externaltools.gnu-tools-for-stm32.11.3.rel1.win32_1.1.0.202305231506/tools/bin/../lib/gcc/arm-none-eabi/11.3.1/thumb/v7e-m+fp/hard/crtbegin.o
 *(.init)