Archive member included to satisfy reference by file (symbol)

C:\Users\Administrator\STM32Cube\Repository\STM32Cube_FW_L4_V1.18.0\Projects\B-L4S5I-IOT01A\Applications\Project_Main\WiFi_HTTP_Server\STM32CubeIDE\Application\Lib\libarm_cortexM4lf_math.a(arm_rfft_fast_init_f32.o)
                              ./Application/User/sending_main.o (arm_rfft_fast_init_f32)
C:\Users\Administrator\STM32Cube\Repository\STM32Cube_FW_L4_V1.18.0\Projects\B-L4S5I-IOT01A\Applications\Project_Main\WiFi_HTTP_Server\STM32CubeIDE\Application\Lib\libarm_cortexM4lf_math.a(arm_rfft_fast_f32.o)
                              ./Application/User/sending_main.o (arm_rfft_fast_f32)
C:\Users\Administrator\STM32Cube\Repository\STM32Cube_FW_L4_V1.18.0\Projects\B-L4S5I-IOT01A\Applications\Project_Main\WiFi_HTTP_Server\STM32CubeIDE\Application\Lib\libarm_cortexM4lf_math.a(arm_cfft_f32.o)
                              C:\Users\Administrator\STM32Cube\Repository\STM32Cube_FW_L4_V1.18.0\Projects\B-L4S5I-IOT01A\Applications\Project_Main\WiFi_HTTP_Server\STM32CubeIDE\Application\Lib\libarm_cortexM4lf_math.a(arm_rfft_fast_f32.o) (arm_cfft_f32)
C:\Users\Administrator\STM32Cube\Repository\STM32Cube_FW_L4_V1.18.0\Projects\B-L4S5I-IOT01A\Applications\Project_Main\WiFi_HTTP_Server\STM32CubeIDE\Application\Lib\libarm_cortexM4lf_math.a(arm_bitreversal2.o)
                              C:\Users\Administrator\STM32Cube\Repository\STM32Cube_FW_L4_V1.18.0\Projects\B-L4S5I-IOT01A\Applications\Project_Main\WiFi_HTTP_Server\STM32CubeIDE\Application\Lib\libarm_cortexM4lf_math.a(arm_cfft_f32.o) (arm_bitreversal_32)
C:\Users\Administrator\STM32Cube\Repository\STM32Cube_FW_L4_V1.18.0\Projects\B-L4S5I-IOT01A\Applications\Project_Main\WiFi_HTTP_Server\STM32CubeIDE\Application\Lib\libarm_cortexM4lf_math.a(arm_common_tables.o)
                              C:\Users\Administrator\STM32Cube\Repository\STM32Cube_FW_L4_V1.18.0\Projects\B-L4S5I-IOT01A\Applications\Project_Main\WiFi_HTTP_Server\STM32CubeIDE\Application\Lib\libarm_cortexM4lf_math.a(arm_rfft_fast_init_f32.o) (twiddleCoef_rfft_4096)
C:\Users\Administrator\STM32Cube\Repository\STM32Cube_FW_L4_V1.18.0\Projects\B-L4S5I-IOT01A\Applications\Project_Main\WiFi_HTTP_Server\STM32CubeIDE\Application\Lib\libarm_cortexM4lf_math.a(arm_cfft_radix8_f32.o)
                              C:\Users\Administrator\STM32Cube\Repository\STM32Cube_FW_L4_V1.18.0\Projects\B-L4S5I-IOT01A\Applications\Project_Main\WiFi_HTTP_Server\STM32CubeIDE\Application\Lib\libarm_cortexM4lf_math.a(arm_cfft_f32.o) (arm_radix8_butterfly_f32)
C:/ST/STM32CubeIDE_1.13.1/STM32CubeIDE/plugins/com.st.stm32cube.ide.mcu.externaltools.gnu-tools-for-stm32.11.3.rel1.win32_1.1.0.202305231506/tools/bin/../lib/gcc/arm-none-eabi/11.3.1/../../../../arm-none-eabi/lib/thumb/v7e-m+fp/hard\libc_nano.a(libc_a-exit.o)
                              C:/ST/STM32CubeIDE_1.13.1/STM32CubeIDE/plugins/com.st.stm32cube.ide.mcu.externaltools.gnu-tools-for-stm32.11.3.rel1.win32_1.1.0.202305231506/tools/bin/../lib/gcc/arm-none-eabi/11.3.1/../../../../arm-none-eabi/lib/thumb/v7e-m+fp/hard/crt0.o (exit)
C:/ST/STM32CubeIDE_1.13.1/STM32CubeIDE/plugins/com.st.stm32cube.ide.mcu.externaltools.gnu-tools-for-stm32.11.3.rel1.win32_1.1.0.202305231506/tools/bin/../lib/gcc/arm-none-eabi/11.3.1/../../../../arm-none-eabi/lib/thumb/v7e-m+fp/hard\libc_nano.a(libc_a-malloc.o)
                              ./Application/User/flash_l4.o (malloc)
C:/ST/STM32CubeIDE_1.13.1/STM32CubeIDE/plugins/com.st.stm32cube.ide.mcu.externaltools.gnu-tools-for-stm32.11.3.rel1.win32_1.1.0.202305231506/tools/bin/../lib/gcc/arm-none-eabi/11.3.1/../../../../arm-none-eabi/lib/thumb/v7e-m+fp/hard\libc_nano.a(libc_a-mallocr.o)
                              C:/ST/STM32CubeIDE_1.13.1/STM32CubeIDE/plugins/com.st.stm32cube.ide.mcu.externaltools.gnu-tools-for-stm32.11.3.rel1.win32_1.1.0.202305231506/tools/bin/../lib/gcc/arm-none-eabi/11.3.1/../../../../arm-none-eabi/lib/thumb/v7e-m+fp/hard\libc_nano.a(libc_a-malloc.o) (_malloc_r)
C:/ST/STM32CubeIDE_1.13.1/STM32CubeIDE/plugins/com.st.stm32cube.ide.mcu.externaltools.gnu-tools-for-stm32.11.3.rel1.win32_1.1.0.202305231506/tools/bin/../lib/gcc/arm-none-eabi/11.3.1/../../../../arm-none-eabi/lib/thumb/v7e-m+fp/hard\libc_nano.a(libc_a-mlock.o)
                              C:/ST/STM32CubeIDE_1.13.1/STM32CubeIDE/plugins/com.st.stm32cube.ide.mcu.externaltools.gnu-tools-for-stm32.11.3.rel1.win32_1.1.0.202305231506/tools/bin/../lib/gcc/arm-none-eabi/11.3.1/../../../../arm-none-eabi/lib/thumb/v7e-m+fp/hard\libc_nano.a(libc_a-mallocr.o) (__malloc_lock)
C:/ST/STM32CubeIDE_1.13.1/STM32CubeIDE/plugins/com.st.stm32cube.ide.mcu.externaltools.gnu-tools-for-stm32.11.3.rel1.win32_1.1.0.202305231506/tools/bin/../lib/gcc/arm-none-eabi/11.3.1/../../../../arm-none-eabi/lib/thumb/v7e-m+fp/hard\libc_nano.a(libc_a-nano-vfprintf_float.o)
                              (_printf_float)
[...]
Memory Configuration

Name             Origin             Length             Attributes
RAM              0x0000000020000000 0x000000000007d000 xrw
SRAM2            0x0000000010000000 0x0000000000008000 xrw
ROM              0x0000000008000000 0x0000000000100000 xr
FLASH_UC         0x00000000080ff000 0x0000000000000800 r
*default*        0x0000000000000000 0xffffffffffffffff

Linker script and memory map

LOAD C:/ST/STM32CubeIDE_1.13.1/STM32CubeIDE/plugins/com.st.stm32cube.ide.mcu.externaltools.gnu-tools-for-stm32.11.3.rel1.win32_1.1.0.202305231506/tools/bin/../lib/gcc/arm-none-eabi/11.3.1/thumb/v7e-m+fp/hard/crti.o
LOAD C:/ST/STM32CubeIDE_1.13.1/STM32CubeIDE/plugins/com.st.stm32cube.ide.mcu.externaltools.gnu-tools-for-stm32.11.3.rel1.win32_1.1.0.202305231506/tools/bin/../lib/gcc/arm-none-eabi/11.3.1/thumb/v7e-m+fp/hard/crtbegin.o
LOAD C:/ST/STM32CubeIDE_1.13.1/STM32CubeIDE/plugins/com.st.stm32cube.ide.mcu.externaltools.gnu-tools-for-stm32.11.3.rel1.win32_1.1.0.202305231506/tools/bin/../lib/gcc/arm-none-eabi/11.3.1/../../../../arm-none-eabi/lib/thumb/v7e-m+fp/hard/crt0.o
LOAD ./Application/Startup/startup_stm32l4s5vitx.o
LOAD ./Application/User/flash_l4.o
LOAD ./Application/User/receiving_main.o
LOAD ./Application/User/sending_main.o
LOAD ./Application/User/stm32l4xx_hal_msp.o
LOAD ./Application/User/stm32l4xx_it.o
LOAD ./Application/User/syscalls.o
LOAD ./Application/User/sysmem.o
LOAD ./Application/User/system_stm32l4xx.o
LOAD ./Application/WiFi/es_wifi.o
LOAD ./Application/WiFi/es_wifi_io.o
LOAD ./Application/WiFi/wifi.o
LOAD ./Drivers/BSP/Components/HTS221/hts221.o
LOAD ./Drivers/BSP/stm32l4s5i_iot01.o
LOAD ./Drivers/BSP/stm32l4s5i_iot01_tsensor.o
LOAD ./Drivers/STM32L4xx_HAL_Driver/stm32l4xx_hal.o
LOAD ./Drivers/STM32L4xx_HAL_Driver/stm32l4xx_hal_adc.o
LOAD ./Drivers/STM32L4xx_HAL_Driver/stm32l4xx_hal_adc_ex.o
LOAD ./Drivers/STM32L4xx_HAL_Driver/stm32l4xx_hal_cortex.o
LOAD ./Drivers/STM32L4xx_HAL_Driver/stm32l4xx_hal_dac.o
LOAD ./Drivers/STM32L4xx_HAL_Driver/stm32l4xx_hal_dac_ex.o
LOAD ./Drivers/STM32L4xx_HAL_Driver/stm32l4xx_hal_dfsdm.o
LOAD ./Drivers/STM32L4xx_HAL_Driver/stm32l4xx_hal_dfsdm_ex.o
LOAD ./Drivers/STM32L4xx_HAL_Driver/stm32l4xx_hal_dma.o
LOAD ./Drivers/STM32L4xx_HAL_Driver/stm32l4xx_hal_dma_ex.o
LOAD ./Drivers/STM32L4xx_HAL_Driver/stm32l4xx_hal_flash.o
LOAD ./Drivers/STM32L4xx_HAL_Driver/stm32l4xx_hal_flash_ex.o
LOAD ./Drivers/STM32L4xx_HAL_Driver/stm32l4xx_hal_gpio.o
LOAD ./Drivers/STM32L4xx_HAL_Driver/stm32l4xx_hal_i2c.o
LOAD ./Drivers/STM32L4xx_HAL_Driver/stm32l4xx_hal_i2c_ex.o
LOAD ./Drivers/STM32L4xx_HAL_Driver/stm32l4xx_hal_pwr.o
LOAD ./Drivers/STM32L4xx_HAL_Driver/stm32l4xx_hal_pwr_ex.o
LOAD ./Drivers/STM32L4xx_HAL_Driver/stm32l4xx_hal_rcc.o
LOAD ./Drivers/STM32L4xx_HAL_Driver/stm32l4xx_hal_rcc_ex.o
LOAD ./Drivers/STM32L4xx_HAL_Driver/stm32l4xx_hal_spi.o
LOAD ./Drivers/STM32L4xx_HAL_Driver/stm32l4xx_hal_spi_ex.o
LOAD ./Drivers/STM32L4xx_HAL_Driver/stm32l4xx_hal_tim.o
LOAD ./Drivers/STM32L4xx_HAL_Driver/stm32l4xx_hal_tim_ex.o
LOAD ./Drivers/STM32L4xx_HAL_Driver/stm32l4xx_hal_uart.o
LOAD ./Drivers/STM32L4xx_HAL_Driver/stm32l4xx_hal_uart_ex.o
LOAD C:\Users\Administrator\STM32Cube\Repository\STM32Cube_FW_L4_V1.18.0\Projects\B-L4S5I-IOT01A\Applications\Project_Main\WiFi_HTTP_Server\STM32CubeIDE\Application\Lib\libarm_cortexM4lf_math.a
START GROUP
LOAD C:/ST/STM32CubeIDE_1.13.1/STM32CubeIDE/plugins/com.st.stm32cube.ide.mcu.externaltools.gnu-tools-for-stm32.11.3.rel1.win32_1.1.0.202305231506/tools/bin/../lib/gcc/arm-none-eabi/11.3.1/../../../../arm-none-eabi/lib/thumb/v7e-m+fp/hard\libc_nano.a
LOAD C:/ST/STM32CubeIDE_1.13.1/STM32CubeIDE/plugins/com.st.stm32cube.ide.mcu.externaltools.gnu-tools-for-stm32.11.3.rel1.win32_1.1.0.202305231506/tools/bin/../lib/gcc/arm-none-eabi/11.3.1/../../../../arm-none-eabi/lib/thumb/v7e-m+fp/hard\libm.a
END GROUP
START GROUP
LOAD C:/ST/STM32CubeIDE_1.13.1/STM32CubeIDE/plugins/com.st.stm32cube.ide.mcu.externaltools.gnu-tools-for-stm32.11.3.rel1.win32_1.1.0.202305231506/tools/bin/../lib/gcc/arm-none-eabi/11.3.1/thumb/v7e-m+fp/hard\libgcc.a
LOAD C:/ST/STM32CubeIDE_1.13.1/STM32CubeIDE/plugins/com.st.stm32cube.ide.mcu.externaltools.gnu-tools-for-stm32.11.3.rel1.win32_1.1.0.202305231506/tools/bin/../lib/gcc/arm-none-eabi/11.3.1/../../../../arm-none-eabi/lib/thumb/v7e-m+fp/hard\libc_nano.a
END GROUP
START GROUP
LOAD C:/ST/STM32CubeIDE_1.13.1/STM32CubeIDE/plugins/com.st.stm32cube.ide.mcu.externaltools.gnu-tools-for-stm32.11.3.rel1.win32_1.1.0.202305231506/tools/bin/../lib/gcc/arm-none-eabi/11.3.1/thumb/v7e-m+fp/hard\libgcc.a
LOAD C:/ST/STM32CubeIDE_1.13.1/STM32CubeIDE/plugins/com.st.stm32cube.ide.mcu.externaltools.gnu-tools-for-stm32.11.3.rel1.win32_1.1.0.202305231506/tools/bin/../lib/gcc/arm-none-eabi/11.3.1/../../../../arm-none-eabi/lib/thumb/v7e-m+fp/hard\libc_nano.a
LOAD C:/ST/STM32CubeIDE_1.13.1/STM32CubeIDE/plugins/com.st.stm32cube.ide.mcu.externaltools.gnu-tools-for-stm32.11.3.rel1.win32_1.1.0.202305231506/tools/bin/../lib/gcc/arm-none-eabi/11.3.1/../../../../arm-none-eabi/lib/thumb/v7e-m+fp/hard\libnosys.a
END GROUP
START GROUP
LOAD C:/ST/STM32CubeIDE_1.13.1/STM32CubeIDE/plugins/com.st.stm32cube.ide.mcu.externaltools.gnu-tools-for-stm32.11.3.rel1.win32_1.1.0.202305231506/tools/bin/../lib/gcc/arm-none-eabi/11.3.1/thumb/v7e-m+fp/hard\libgcc.a
LOAD C:/ST/STM32CubeIDE_1.13.1/STM32CubeIDE/plugins/com.st.stm32cube.ide.mcu.externaltools.gnu-tools-for-stm32.11.3.rel1.win32_1.1.0.202305231506/tools/bin/../lib/gcc/arm-none-eabi/11.3.1/../../../../arm-none-eabi/lib/thumb/v7e-m+fp/hard\libc_nano.a
LOAD C:/ST/STM32CubeIDE_1.13.1/STM32CubeIDE/plugins/com.st.stm32cube.ide.mcu.externaltools.gnu-tools-for-stm32.11.3.rel1.win32_1.1.0.202305231506/tools/bin/../lib/gcc/arm-none-eabi/11.3.1/../../../../arm-none-eabi/lib/thumb/v7e-m+fp/hard\libnosys.a
END GROUP
LOAD C:/ST/STM32CubeIDE_1.13.1/STM32CubeIDE/plugins/com.st.stm32cube.ide.mcu.externaltools.gnu-tools-for-stm32.11.3.rel1.win32_1.1.0.202305231506/tools/bin/../lib/gcc/arm-none-eabi/11.3.1/thumb/v7e-m+fp/hard/crtend.o
LOAD C:/ST/STM32CubeIDE_1.13.1/STM32CubeIDE/plugins/com.st.stm32cube.ide.mcu.externaltools.gnu-tools-for-stm32.11.3.rel1.win32_1.1.0.202305231506/tools/bin/../lib/gcc/arm-none-eabi/11.3.1/thumb/v7e-m+fp/hard/crtn.o
                0x000000002007d000                _estack = (ORIGIN (RAM) + LENGTH (RAM))
                0x0000000000010000                _Min_Heap_Size = 0x10000
                0x0000000000007f00                _Min_Stack_Size = 0x7f00

.isr_vector     0x0000000008000000      0x1bc
                0x0000000008000000                . = ALIGN (0x4)
 *(.isr_vector)
 .isr_vector    0x0000000008000000      0x1bc ./Application/Startup/startup_stm32l4s5vitx.o
                0x0000000008000000                g_pfnVectors
                0x00000000080001bc                . = ALIGN (0x4)

UNINIT_FIXED_LOC
 *(UNINIT_FIXED_LOC)

.text           0x00000000080001c0     0xa66c
                0x00000000080001c0                . = ALIGN (0x4)
 *(.text)
 .text          0x00000000080001c0       0x40 C:/ST/STM32CubeIDE_1.13.1/STM32CubeIDE/plugins/com.st.stm32cube.ide.mcu.externaltools.gnu-tools-for-stm32.11.3.rel1.win32_1.1.0.202305231506/tools/bin/../lib/gcc/arm-none-eabi/11.3.1/thumb/v7e-m+fp/hard/crtbegin.o
 .text          0x0000000008000200       0xa0 C:/ST/STM32CubeIDE_1.13.1/STM32CubeIDE/plugins/com.st.stm32cube.ide.mcu.externaltools.gnu-tools-for-stm32.11.3.rel1.win32_1.1.0.202305231506/tools/bin/../lib/gcc/arm-none-eabi/11.3.1/../../../../arm-none-eabi/lib/thumb/v7e-m+fp/hard\libc_nano.a(libc_a-memchr.o)
                0x0000000008000200                memchr
 .text          0x00000000080002a0       0x10 C:/ST/STM32CubeIDE_1.13.1/STM32CubeIDE/plugins/com.st.stm32cube.ide.mcu.externaltools.gnu-tools-for-stm32.11.3.rel1.win32_1.1.0.202305231506/tools/bin/../lib/gcc/arm-none-eabi/11.3.1/../../../../arm-none-eabi/lib/thumb/v7e-m+fp/hard\libc_nano.a(libc_a-strlen.o)
                0x00000000080002a0                strlen
 .text          0x00000000080002b0      0x378 C:/ST/STM32CubeIDE_1.13.1/STM32CubeIDE/plugins/com.st.stm32cube.ide.mcu.externaltools.gnu-tools-for-stm32.11.3.rel1.win32_1.1.0.202305231506/tools/bin/../lib/gcc/arm-none-eabi/11.3.1/thumb/v7e-m+fp/hard\libgcc.a(_arm_addsubdf3.o)
                0x00000000080002b0                __aeabi_drsub
                0x00000000080002b8                __aeabi_dsub
                0x00000000080002b8                __subdf3
                0x00000000080002bc                __aeabi_dadd
                0x00000000080002bc                __adddf3
                0x0000000008000534                __floatunsidf
                0x0000000008000534                __aeabi_ui2d
                0x0000000008000554                __floatsidf
                0x0000000008000554                __aeabi_i2d
                0x0000000008000578                __aeabi_f2d
                0x0000000008000578                __extendsfdf2
                0x00000000080005bc                __floatundidf
                0x00000000080005bc                __aeabi_ul2d
                0x00000000080005cc                __floatdidf
                0x00000000080005cc                __aeabi_l2d
 .text          0x0000000008000628      0x424 C:/ST/STM32CubeIDE_1.13.1/STM32CubeIDE/plugins/com.st.stm32cube.ide.mcu.externaltools.gnu-tools-for-stm32.11.3.rel1.win32_1.1.0.202305231506/tools/bin/../lib/gcc/arm-none-eabi/11.3.1/thumb/v7e-m+fp/hard\libgcc.a(_arm_muldivdf3.o)
                0x0000000008000628                __aeabi_dmul
                0x0000000008000628                __muldf3
                0x000000000800087c                __divdf3
                0x000000000800087c                __aeabi_ddiv
 .text          0x0000000008000a4c      0x110 C:/ST/STM32CubeIDE_1.13.1/STM32CubeIDE/plugins/com.st.stm32cube.ide.mcu.externaltools.gnu-tools-for-stm32.11.3.rel1.win32_1.1.0.202305231506/tools/bin/../lib/gcc/arm-none-eabi/11.3.1/thumb/v7e-m+fp/hard\libgcc.a(_arm_cmpdf2.o)
                0x0000000008000a4c                __gtdf2
                0x0000000008000a4c                __gedf2
                0x0000000008000a54                __ltdf2
                0x0000000008000a54                __ledf2
                0x0000000008000a5c                __nedf2
                0x0000000008000a5c                __eqdf2
                0x0000000008000a5c                __cmpdf2
                0x0000000008000ad8                __aeabi_cdrcmple
                0x0000000008000ae8                __aeabi_cdcmpeq
                0x0000000008000ae8                __aeabi_cdcmple
                0x0000000008000af8                __aeabi_dcmpeq
                0x0000000008000b0c                __aeabi_dcmplt
                0x0000000008000b20                __aeabi_dcmple
                0x0000000008000b34                __aeabi_dcmpge
                0x0000000008000b48                __aeabi_dcmpgt
 .text          0x0000000008000b5c       0x2c C:/ST/STM32CubeIDE_1.13.1/STM32CubeIDE/plugins/com.st.stm32cube.ide.mcu.externaltools.gnu-tools-for-stm32.11.3.rel1.win32_1.1.0.202305231506/tools/bin/../lib/gcc/arm-none-eabi/11.3.1/thumb/v7e-m+fp/hard\libgcc.a(_arm_unorddf2.o)
                0x0000000008000b5c                __unorddf2
                0x0000000008000b5c                __aeabi_dcmpun
 .text          0x0000000008000b88       0x50 C:/ST/STM32CubeIDE_1.13.1/STM32CubeIDE/plugins/com.st.stm32cube.ide.mcu.externaltools.gnu-tools-for-stm32.11.3.rel1.win32_1.1.0.202305231506/tools/bin/../lib/gcc/arm-none-eabi/11.3.1/thumb/v7e-m+fp/hard\libgcc.a(_arm_fixdfsi.o)
                0x0000000008000b88                __aeabi_d2iz
                0x0000000008000b88                __fixdfsi
 .text          0x0000000008000bd8       0xa0 C:/ST/STM32CubeIDE_1.13.1/STM32CubeIDE/plugins/com.st.stm32cube.ide.mcu.externaltools.gnu-tools-for-stm32.11.3.rel1.win32_1.1.0.202305231506/tools/bin/../lib/gcc/arm-none-eabi/11.3.1/thumb/v7e-m+fp/hard\libgcc.a(_arm_truncdfsf2.o)
                0x0000000008000bd8                __truncdfsf2
                0x0000000008000bd8                __aeabi_d2f
 .text          0x0000000008000c78       0x30 C:/ST/STM32CubeIDE_1.13.1/STM32CubeIDE/plugins/com.st.stm32cube.ide.mcu.externaltools.gnu-tools-for-stm32.11.3.rel1.win32_1.1.0.202305231506/tools/bin/../lib/gcc/arm-none-eabi/11.3.1/thumb/v7e-m+fp/hard\libgcc.a(_aeabi_uldivmod.o)
                0x0000000008000c78                __aeabi_uldivmod
 .text          0x0000000008000ca8      0x2c8 C:/ST/STM32CubeIDE_1.13.1/STM32CubeIDE/plugins/com.st.stm32cube.ide.mcu.externaltools.gnu-tools-for-stm32.11.3.rel1.win32_1.1.0.202305231506/tools/bin/../lib/gcc/arm-none-eabi/11.3.1/thumb/v7e-m+fp/hard\libgcc.a(_udivmoddi4.o)
                0x0000000008000ca8                __udivmoddi4
 .text          0x0000000008000f70        0x4 C:/ST/STM32CubeIDE_1.13.1/STM32CubeIDE/plugins/com.st.stm32cube.ide.mcu.externaltools.gnu-tools-for-stm32.11.3.rel1.win32_1.1.0.202305231506/tools/bin/../lib/gcc/arm-none-eabi/11.3.1/thumb/v7e-m+fp/hard\libgcc.a(_dvmd_tls.o)
                0x0000000008000f70                __aeabi_idiv0
                0x0000000008000f70                __aeabi_ldiv0
 *(.text*)
 .text.Reset_Handler
                0x0000000008000f74       0x50 ./Application/Startup/startup_stm32l4s5vitx.o
                0x0000000008000f74                Reset_Handler
 .text.Default_Handler
                0x0000000008000fc4        0x2 ./Application/Startup/startup_stm32l4s5vitx.o
                0x0000000008000fc4                RTC_Alarm_IRQHandler
                0x0000000008000fc4                EXTI2_IRQHandler
                0x0000000008000fc4                TIM8_TRG_COM_IRQHandler
                0x0000000008000fc4                TIM8_CC_IRQHandler
                0x0000000008000fc4                TIM1_CC_IRQHandler
                0x0000000008000fc4                TSC_IRQHandler
                0x0000000008000fc4                TAMP_STAMP_IRQHandler
                0x0000000008000fc4                EXTI3_IRQHandler
                0x0000000008000fc4                LPTIM2_IRQHandler
                0x0000000008000fc4                DFSDM1_FLT1_IRQHandler
                0x0000000008000fc4                GFXMMU_IRQHandler
                0x0000000008000fc4                I2C3_ER_IRQHandler
                0x0000000008000fc4                DFSDM1_FLT2_IRQHandler
                0x0000000008000fc4                EXTI0_IRQHandler
                0x0000000008000fc4                I2C2_EV_IRQHandler
                0x0000000008000fc4                CAN1_RX0_IRQHandler
                0x0000000008000fc4                FPU_IRQHandler
                0x0000000008000fc4                TIM1_UP_TIM16_IRQHandler
                0x0000000008000fc4                LTDC_ER_IRQHandler
                0x0000000008000fc4                SPI1_IRQHandler
                0x0000000008000fc4                OCTOSPI1_IRQHandler
                0x0000000008000fc4                TIM6_DAC_IRQHandler
                0x0000000008000fc4                DCMI_IRQHandler
                0x0000000008000fc4                TIM8_UP_IRQHandler
                0x0000000008000fc4                OCTOSPI2_IRQHandler
                0x0000000008000fc4                DMA2_Channel2_IRQHandler
                0x0000000008000fc4                DMA1_Channel4_IRQHandler
                0x0000000008000fc4                SAI2_IRQHandler
                0x0000000008000fc4                ADC1_IRQHandler
                0x0000000008000fc4                DFSDM1_FLT3_IRQHandler
                0x0000000008000fc4                USART3_IRQHandler
                0x0000000008000fc4                DMA1_Channel7_IRQHandler
                0x0000000008000fc4                CAN1_RX1_IRQHandler
                0x0000000008000fc4                UART5_IRQHandler
                0x0000000008000fc4                TIM4_IRQHandler
                0x0000000008000fc4                DMA2_Channel1_IRQHandler
                0x0000000008000fc4                I2C1_EV_IRQHandler
                0x0000000008000fc4                DMAMUX1_OVR_IRQHandler
                0x0000000008000fc4                DMA1_Channel6_IRQHandler
                0x0000000008000fc4                UART4_IRQHandler
                0x0000000008000fc4                DMA2_Channel4_IRQHandler
                0x0000000008000fc4                TIM3_IRQHandler
                0x0000000008000fc4                RCC_IRQHandler
                0x0000000008000fc4                Default_Handler
                0x0000000008000fc4                DMA2_Channel7_IRQHandler
                0x0000000008000fc4                TIM7_IRQHandler
                0x0000000008000fc4                SDMMC1_IRQHandler
                0x0000000008000fc4                TIM5_IRQHandler
                0x0000000008000fc4                I2C3_EV_IRQHandler
                0x0000000008000fc4                EXTI9_5_IRQHandler
                0x0000000008000fc4                RTC_WKUP_IRQHandler
                0x0000000008000fc4                LTDC_IRQHandler
                0x0000000008000fc4                PVD_PVM_IRQHandler
                0x0000000008000fc4                SPI2_IRQHandler
                0x0000000008000fc4                CAN1_TX_IRQHandler
                0x0000000008000fc4                DMA2_Channel5_IRQHandler
                0x0000000008000fc4                DMA1_Channel5_IRQHandler
                0x0000000008000fc4                EXTI4_IRQHandler
                0x0000000008000fc4                RNG_IRQHandler
                0x0000000008000fc4                TIM1_TRG_COM_TIM17_IRQHandler
                0x0000000008000fc4                DMA1_Channel3_IRQHandler
                0x0000000008000fc4                COMP_IRQHandler
                0x0000000008000fc4                HASH_CRS_IRQHandler
                0x0000000008000fc4                WWDG_IRQHandler
                0x0000000008000fc4                I2C4_EV_IRQHandler
                0x0000000008000fc4                LPUART1_IRQHandler
                0x0000000008000fc4                DMA2_Channel6_IRQHandler
                0x0000000008000fc4                DMA2D_IRQHandler
                0x0000000008000fc4                AES_IRQHandler
                0x0000000008000fc4                USART2_IRQHandler
                0x0000000008000fc4                DFSDM1_FLT0_IRQHandler
                0x0000000008000fc4                I2C2_ER_IRQHandler
                0x0000000008000fc4                TIM8_BRK_IRQHandler
                0x0000000008000fc4                CAN1_SCE_IRQHandler
                0x0000000008000fc4                FLASH_IRQHandler
                0x0000000008000fc4                USART1_IRQHandler
                0x0000000008000fc4                OTG_FS_IRQHandler
                0x0000000008000fc4                I2C1_ER_IRQHandler
                0x0000000008000fc4                FMC_IRQHandler
                0x0000000008000fc4                LPTIM1_IRQHandler
                0x0000000008000fc4                I2C4_ER_IRQHandler
                0x0000000008000fc4                SAI1_IRQHandler
                0x0000000008000fc4                DMA2_Channel3_IRQHandler
                0x0000000008000fc4                TIM1_BRK_TIM15_IRQHandler
 *fill*         0x0000000008000fc6        0x2 
 .text.main     0x0000000008000fc8      0x1c0 ./Application/User/sending_main.o
                0x0000000008000fc8                main
 .text.transformBufferToDAC
                0x0000000008001188      0x110 ./Application/User/sending_main.o
                0x0000000008001188                transformBufferToDAC
 .text.computeFFTBlock
                0x0000000008001298      0x284 ./Application/User/sending_main.o
                0x0000000008001298                computeFFTBlock
 .text.receiveFFTBlock
                0x000000000800151c      0x1a8 ./Application/User/sending_main.o
 .text.SystemClock_Config
                0x00000000080016c4       0x72 ./Application/User/sending_main.o
 *fill*         0x0000000008001736        0x2 
 .text.MX_GPIO_Init
                0x0000000008001738       0x68 ./Application/User/sending_main.o
 .text.__io_putchar
                0x00000000080017a0       0x24 ./Application/User/sending_main.o
                0x00000000080017a0                __io_putchar
 .text.MX_DAC1_Init
                0x00000000080017c4       0x84 ./Application/User/sending_main.o
 .text.MX_DFSDM1_Init
                0x0000000008001848       0xc8 ./Application/User/sending_main.o
 .text.MX_TIM2_Init
                0x0000000008001910       0x9c ./Application/User/sending_main.o
 .text.MX_DMA_Init
                0x00000000080019ac       0x64 ./Application/User/sending_main.o
 .text.HAL_GPIO_EXTI_Callback
                0x0000000008001a10       0x34 ./Application/User/sending_main.o
                0x0000000008001a10                HAL_GPIO_EXTI_Callback
 .text.HAL_DFSDM_FilterRegConvCpltCallback
                0x0000000008001a44       0x20 ./Application/User/sending_main.o
                0x0000000008001a44                HAL_DFSDM_FilterRegConvCpltCallback
 .text.HAL_DFSDM_FilterRegConvHalfCpltCallback
                0x0000000008001a64       0x20 ./Application/User/sending_main.o
                0x0000000008001a64                HAL_DFSDM_FilterRegConvHalfCpltCallback
 .text.HAL_DAC_ConvCpltCallbackCh1
                0x0000000008001a84       0x20 ./Application/User/sending_main.o
                0x0000000008001a84                HAL_DAC_ConvCpltCallbackCh1
 .text.SPI3_IRQHandler
                0x0000000008001aa4       0x14 ./Application/User/sending_main.o
                0x0000000008001aa4                SPI3_IRQHandler
 .text.Error_Handler
                0x0000000008001ab8        0xa ./Application/User/sending_main.o
                0x0000000008001ab8                Error_Handler
 *fill*         0x0000000008001ac2        0x2 
 .text.HAL_MspInit
                0x0000000008001ac4       0x48 ./Application/User/stm32l4xx_hal_msp.o
                0x0000000008001ac4                HAL_MspInit
 .text.HAL_DAC_MspInit
                0x0000000008001b0c       0xd8 ./Application/User/stm32l4xx_hal_msp.o
                0x0000000008001b0c                HAL_DAC_MspInit
 .text.HAL_DFSDM_FilterMspInit
                0x0000000008001be4      0x158 ./Application/User/stm32l4xx_hal_msp.o
                0x0000000008001be4                HAL_DFSDM_FilterMspInit
 .text.HAL_DFSDM_ChannelMspInit
                0x0000000008001d3c       0xe0 ./Application/User/stm32l4xx_hal_msp.o
                0x0000000008001d3c                HAL_DFSDM_ChannelMspInit
 .text.HAL_TIM_Base_MspInit
                0x0000000008001e1c       0x48 ./Application/User/stm32l4xx_hal_msp.o
                0x0000000008001e1c                HAL_TIM_Base_MspInit
 .text.NMI_Handler
                0x0000000008001e64        0xe ./Application/User/stm32l4xx_it.o
                0x0000000008001e64                NMI_Handler
 .text.HardFault_Handler
                0x0000000008001e72        0x6 ./Application/User/stm32l4xx_it.o
                0x0000000008001e72                HardFault_Handler
 .text.MemManage_Handler
                0x0000000008001e78        0x6 ./Application/User/stm32l4xx_it.o
                0x0000000008001e78                MemManage_Handler
 .text.BusFault_Handler
                0x0000000008001e7e        0x6 ./Application/User/stm32l4xx_it.o
                0x0000000008001e7e                BusFault_Handler
 .text.UsageFault_Handler
                0x0000000008001e84        0x6 ./Application/User/stm32l4xx_it.o
                0x0000000008001e84                UsageFault_Handler
 .text.SVC_Handler
                0x0000000008001e8a        0xe ./Application/User/stm32l4xx_it.o
                0x0000000008001e8a                SVC_Handler
 .text.DebugMon_Handler
                0x0000000008001e98        0xe ./Application/User/stm32l4xx_it.o
                0x0000000008001e98                DebugMon_Handler
 .text.PendSV_Handler
                0x0000000008001ea6        0xe ./Application/User/stm32l4xx_it.o
                0x0000000008001ea6                PendSV_Handler
 .text.SysTick_Handler
                0x0000000008001eb4        0xc ./Application/User/stm32l4xx_it.o
                0x0000000008001eb4                SysTick_Handler
 .text.DMA1_Channel1_IRQHandler
                0x0000000008001ec0       0x14 ./Application/User/stm32l4xx_it.o
                0x0000000008001ec0                DMA1_Channel1_IRQHandler
 .text.DMA1_Channel2_IRQHandler
                0x0000000008001ed4       0x14 ./Application/User/stm32l4xx_it.o
                0x0000000008001ed4                DMA1_Channel2_IRQHandler
 .text.TIM2_IRQHandler
                0x0000000008001ee8       0x14 ./Application/User/stm32l4xx_it.o
                0x0000000008001ee8                TIM2_IRQHandler
 .text.EXTI1_IRQHandler
                0x0000000008001efc        0xe ./Application/User/stm32l4xx_it.o
                0x0000000008001efc                EXTI1_IRQHandler
 .text.EXTI15_10_IRQHandler
                0x0000000008001f0a       0x10 ./Application/User/stm32l4xx_it.o
                0x0000000008001f0a                EXTI15_10_IRQHandler
 .text._getpid  0x0000000008001f1a       0x10 ./Application/User/syscalls.o
                0x0000000008001f1a                _getpid
 .text._kill    0x0000000008001f2a       0x20 ./Application/User/syscalls.o
                0x0000000008001f2a                _kill
 .text._exit    0x0000000008001f4a       0x14 ./Application/User/syscalls.o
                0x0000000008001f4a                _exit
 .text._read    0x0000000008001f5e       0x3a ./Application/User/syscalls.o
                0x0000000008001f5e                _read
 .text._write   0x0000000008001f98       0x38 ./Application/User/syscalls.o
                0x0000000008001f98                _write
 .text._close   0x0000000008001fd0       0x18 ./Application/User/syscalls.o
                0x0000000008001fd0                _close
 .text._fstat   0x0000000008001fe8       0x20 ./Application/User/syscalls.o
                0x0000000008001fe8                _fstat
 .text._isatty  0x0000000008002008       0x16 ./Application/User/syscalls.o
                0x0000000008002008                _isatty
 .text._lseek   0x000000000800201e       0x1a ./Application/User/syscalls.o
                0x000000000800201e                _lseek
 .text._sbrk    0x0000000008002038       0x6c ./Application/User/sysmem.o
                0x0000000008002038                _sbrk
 .text.SystemInit
                0x00000000080020a4       0x6c ./Application/User/system_stm32l4xx.o
                0x00000000080020a4                SystemInit
 .text.SPI_WIFI_ISR
                0x0000000008002110       0x20 ./Application/WiFi/es_wifi_io.o
                0x0000000008002110                SPI_WIFI_ISR
 .text.BSP_LED_Init
                0x0000000008002130       0x60 ./Drivers/BSP/stm32l4s5i_iot01.o
                0x0000000008002130                BSP_LED_Init
 .text.BSP_COM_Init
                0x0000000008002190       0xd8 ./Drivers/BSP/stm32l4s5i_iot01.o
                0x0000000008002190                BSP_COM_Init
 .text.HAL_Init
                0x0000000008002268       0x30 ./Drivers/STM32L4xx_HAL_Driver/stm32l4xx_hal.o
                0x0000000008002268                HAL_Init
 .text.HAL_InitTick
                0x0000000008002298       0x78 ./Drivers/STM32L4xx_HAL_Driver/stm32l4xx_hal.o
                0x0000000008002298                HAL_InitTick
 .text.HAL_IncTick
                0x0000000008002310       0x28 ./Drivers/STM32L4xx_HAL_Driver/stm32l4xx_hal.o
                0x0000000008002310                HAL_IncTick
 .text.HAL_GetTick
                0x0000000008002338       0x18 ./Drivers/STM32L4xx_HAL_Driver/stm32l4xx_hal.o
                0x0000000008002338                HAL_GetTick
 .text.HAL_Delay
                0x0000000008002350       0x48 ./Drivers/STM32L4xx_HAL_Driver/stm32l4xx_hal.o
                0x0000000008002350                HAL_Delay
 .text.__NVIC_SetPriorityGrouping
                0x0000000008002398       0x48 ./Drivers/STM32L4xx_HAL_Driver/stm32l4xx_hal_cortex.o
 .text.__NVIC_GetPriorityGrouping
                0x00000000080023e0       0x1c ./Drivers/STM32L4xx_HAL_Driver/stm32l4xx_hal_cortex.o
 .text.__NVIC_EnableIRQ
                0x00000000080023fc       0x3c ./Drivers/STM32L4xx_HAL_Driver/stm32l4xx_hal_cortex.o
 .text.__NVIC_SetPriority
                0x0000000008002438       0x54 ./Drivers/STM32L4xx_HAL_Driver/stm32l4xx_hal_cortex.o
 .text.NVIC_EncodePriority
                0x000000000800248c       0x66 ./Drivers/STM32L4xx_HAL_Driver/stm32l4xx_hal_cortex.o
 *fill*         0x00000000080024f2        0x2 
 .text.SysTick_Config
                0x00000000080024f4       0x44 ./Drivers/STM32L4xx_HAL_Driver/stm32l4xx_hal_cortex.o
 .text.HAL_NVIC_SetPriorityGrouping
                0x0000000008002538       0x16 ./Drivers/STM32L4xx_HAL_Driver/stm32l4xx_hal_cortex.o
                0x0000000008002538                HAL_NVIC_SetPriorityGrouping
 .text.HAL_NVIC_SetPriority
                0x000000000800254e       0x38 ./Drivers/STM32L4xx_HAL_Driver/stm32l4xx_hal_cortex.o
                0x000000000800254e                HAL_NVIC_SetPriority
 .text.HAL_NVIC_EnableIRQ
                0x0000000008002586       0x1c ./Drivers/STM32L4xx_HAL_Driver/stm32l4xx_hal_cortex.o
                0x0000000008002586                HAL_NVIC_EnableIRQ
 .text.HAL_SYSTICK_Config
                0x00000000080025a2       0x18 ./Drivers/STM32L4xx_HAL_Driver/stm32l4xx_hal_cortex.o
                0x00000000080025a2                HAL_SYSTICK_Config
 .text.HAL_DAC_Init
                0x00000000080025ba       0x44 ./Drivers/STM32L4xx_HAL_Driver/stm32l4xx_hal_dac.o
                0x00000000080025ba                HAL_DAC_Init
 *fill*         0x00000000080025fe        0x2 
 .text.HAL_DAC_Start_DMA
                0x0000000008002600      0x198 ./Drivers/STM32L4xx_HAL_Driver/stm32l4xx_hal_dac.o
                0x0000000008002600                HAL_DAC_Start_DMA
 .text.HAL_DAC_Stop_DMA
                0x0000000008002798       0x8a ./Drivers/STM32L4xx_HAL_Driver/stm32l4xx_hal_dac.o
                0x0000000008002798                HAL_DAC_Stop_DMA
 .text.HAL_DAC_ConvHalfCpltCallbackCh1
                0x0000000008002822       0x14 ./Drivers/STM32L4xx_HAL_Driver/stm32l4xx_hal_dac.o
                0x0000000008002822                HAL_DAC_ConvHalfCpltCallbackCh1
 .text.HAL_DAC_ErrorCallbackCh1
                0x0000000008002836       0x14 ./Drivers/STM32L4xx_HAL_Driver/stm32l4xx_hal_dac.o
                0x0000000008002836                HAL_DAC_ErrorCallbackCh1
 *fill*         0x000000000800284a        0x2 
 .text.HAL_DAC_ConfigChannel
                0x000000000800284c      0x298 ./Drivers/STM32L4xx_HAL_Driver/stm32l4xx_hal_dac.o
                0x000000000800284c                HAL_DAC_ConfigChannel
 .text.DAC_DMAConvCpltCh1
                0x0000000008002ae4       0x22 ./Drivers/STM32L4xx_HAL_Driver/stm32l4xx_hal_dac.o
                0x0000000008002ae4                DAC_DMAConvCpltCh1
 .text.DAC_DMAHalfConvCpltCh1
                0x0000000008002b06       0x1c ./Drivers/STM32L4xx_HAL_Driver/stm32l4xx_hal_dac.o
                0x0000000008002b06                DAC_DMAHalfConvCpltCh1
 .text.DAC_DMAErrorCh1
                0x0000000008002b22       0x2e ./Drivers/STM32L4xx_HAL_Driver/stm32l4xx_hal_dac.o
                0x0000000008002b22                DAC_DMAErrorCh1
 .text.HAL_DACEx_ConvCpltCallbackCh2
                0x0000000008002b50       0x14 ./Drivers/STM32L4xx_HAL_Driver/stm32l4xx_hal_dac_ex.o
                0x0000000008002b50                HAL_DACEx_ConvCpltCallbackCh2
 .text.HAL_DACEx_ConvHalfCpltCallbackCh2
                0x0000000008002b64       0x14 ./Drivers/STM32L4xx_HAL_Driver/stm32l4xx_hal_dac_ex.o
                0x0000000008002b64                HAL_DACEx_ConvHalfCpltCallbackCh2
 .text.HAL_DACEx_ErrorCallbackCh2
                0x0000000008002b78       0x14 ./Drivers/STM32L4xx_HAL_Driver/stm32l4xx_hal_dac_ex.o
                0x0000000008002b78                HAL_DACEx_ErrorCallbackCh2
 .text.DAC_DMAConvCpltCh2
                0x0000000008002b8c       0x22 ./Drivers/STM32L4xx_HAL_Driver/stm32l4xx_hal_dac_ex.o
                0x0000000008002b8c                DAC_DMAConvCpltCh2
 .text.DAC_DMAHalfConvCpltCh2
                0x0000000008002bae       0x1c ./Drivers/STM32L4xx_HAL_Driver/stm32l4xx_hal_dac_ex.o
                0x0000000008002bae                DAC_DMAHalfConvCpltCh2
 .text.DAC_DMAErrorCh2
                0x0000000008002bca       0x2e ./Drivers/STM32L4xx_HAL_Driver/stm32l4xx_hal_dac_ex.o
                0x0000000008002bca                DAC_DMAErrorCh2
 .text.HAL_DFSDM_ChannelInit
                0x0000000008002bf8      0x180 ./Drivers/STM32L4xx_HAL_Driver/stm32l4xx_hal_dfsdm.o
                0x0000000008002bf8                HAL_DFSDM_ChannelInit
 .text.HAL_DFSDM_FilterInit
                0x0000000008002d78      0x1b4 ./Drivers/STM32L4xx_HAL_Driver/stm32l4xx_hal_dfsdm.o
                0x0000000008002d78                HAL_DFSDM_FilterInit
 .text.HAL_DFSDM_FilterConfigRegChannel
                0x0000000008002f2c       0x8a ./Drivers/STM32L4xx_HAL_Driver/stm32l4xx_hal_dfsdm.o
                0x0000000008002f2c                HAL_DFSDM_FilterConfigRegChannel
 *fill*         0x0000000008002fb6        0x2 
 .text.HAL_DFSDM_FilterRegularStart_DMA
                0x0000000008002fb8      0x104 ./Drivers/STM32L4xx_HAL_Driver/stm32l4xx_hal_dfsdm.o
                0x0000000008002fb8                HAL_DFSDM_FilterRegularStart_DMA
 .text.HAL_DFSDM_FilterRegularStop_DMA
                0x00000000080030bc       0x40 ./Drivers/STM32L4xx_HAL_Driver/stm32l4xx_hal_dfsdm.o
                0x00000000080030bc                HAL_DFSDM_FilterRegularStop_DMA
 .text.HAL_DFSDM_FilterErrorCallback
                0x00000000080030fc       0x14 ./Drivers/STM32L4xx_HAL_Driver/stm32l4xx_hal_dfsdm.o
                0x00000000080030fc                HAL_DFSDM_FilterErrorCallback
 .text.DFSDM_DMARegularHalfConvCplt
                0x0000000008003110       0x1c ./Drivers/STM32L4xx_HAL_Driver/stm32l4xx_hal_dfsdm.o
 .text.DFSDM_DMARegularConvCplt
                0x000000000800312c       0x1c ./Drivers/STM32L4xx_HAL_Driver/stm32l4xx_hal_dfsdm.o
 .text.DFSDM_DMAError
                0x0000000008003148       0x22 ./Drivers/STM32L4xx_HAL_Driver/stm32l4xx_hal_dfsdm.o
 *fill*         0x000000000800316a        0x2 
 .text.DFSDM_GetChannelFromInstance
                0x000000000800316c       0x98 ./Drivers/STM32L4xx_HAL_Driver/stm32l4xx_hal_dfsdm.o
 .text.DFSDM_RegConvStart
                0x0000000008003204       0xac ./Drivers/STM32L4xx_HAL_Driver/stm32l4xx_hal_dfsdm.o
 .text.DFSDM_RegConvStop
                0x00000000080032b0       0x9a ./Drivers/STM32L4xx_HAL_Driver/stm32l4xx_hal_dfsdm.o
 *fill*         0x000000000800334a        0x2 
 .text.HAL_DMA_Init
                0x000000000800334c      0x150 ./Drivers/STM32L4xx_HAL_Driver/stm32l4xx_hal_dma.o
                0x000000000800334c                HAL_DMA_Init
 .text.HAL_DMA_Start_IT
                0x000000000800349c       0xf6 ./Drivers/STM32L4xx_HAL_Driver/stm32l4xx_hal_dma.o
                0x000000000800349c                HAL_DMA_Start_IT
 .text.HAL_DMA_Abort
                0x0000000008003592       0xb8 ./Drivers/STM32L4xx_HAL_Driver/stm32l4xx_hal_dma.o
                0x0000000008003592                HAL_DMA_Abort
 .text.HAL_DMA_Abort_IT
                0x000000000800364a       0xbe ./Drivers/STM32L4xx_HAL_Driver/stm32l4xx_hal_dma.o
                0x000000000800364a                HAL_DMA_Abort_IT
 .text.HAL_DMA_IRQHandler
                0x0000000008003708      0x15e ./Drivers/STM32L4xx_HAL_Driver/stm32l4xx_hal_dma.o
                0x0000000008003708                HAL_DMA_IRQHandler
 .text.DMA_SetConfig
                0x0000000008003866       0x7c ./Drivers/STM32L4xx_HAL_Driver/stm32l4xx_hal_dma.o
 *fill*         0x00000000080038e2        0x2 
 .text.DMA_CalcDMAMUXChannelBaseAndMask
                0x00000000080038e4       0x7c ./Drivers/STM32L4xx_HAL_Driver/stm32l4xx_hal_dma.o
 .text.DMA_CalcDMAMUXRequestGenBaseAndMask
                0x0000000008003960       0x48 ./Drivers/STM32L4xx_HAL_Driver/stm32l4xx_hal_dma.o
 .text.HAL_GPIO_Init
                0x00000000080039a8      0x324 ./Drivers/STM32L4xx_HAL_Driver/stm32l4xx_hal_gpio.o
                0x00000000080039a8                HAL_GPIO_Init
 .text.HAL_GPIO_EXTI_IRQHandler
                0x0000000008003ccc       0x30 ./Drivers/STM32L4xx_HAL_Driver/stm32l4xx_hal_gpio.o
                0x0000000008003ccc                HAL_GPIO_EXTI_IRQHandler
 .text.HAL_PWREx_GetVoltageRange
                0x0000000008003cfc       0x40 ./Drivers/STM32L4xx_HAL_Driver/stm32l4xx_hal_pwr_ex.o
                0x0000000008003cfc                HAL_PWREx_GetVoltageRange
 .text.HAL_RCC_OscConfig
                0x0000000008003d3c      0x834 ./Drivers/STM32L4xx_HAL_Driver/stm32l4xx_hal_rcc.o
                0x0000000008003d3c                HAL_RCC_OscConfig
 .text.HAL_RCC_ClockConfig
                0x0000000008004570      0x274 ./Drivers/STM32L4xx_HAL_Driver/stm32l4xx_hal_rcc.o
                0x0000000008004570                HAL_RCC_ClockConfig
 .text.HAL_RCC_GetSysClockFreq
                0x00000000080047e4      0x118 ./Drivers/STM32L4xx_HAL_Driver/stm32l4xx_hal_rcc.o
                0x00000000080047e4                HAL_RCC_GetSysClockFreq
 .text.HAL_RCC_GetHCLKFreq
                0x00000000080048fc       0x18 ./Drivers/STM32L4xx_HAL_Driver/stm32l4xx_hal_rcc.o
                0x00000000080048fc                HAL_RCC_GetHCLKFreq
 .text.HAL_RCC_GetPCLK1Freq
                0x0000000008004914       0x2c ./Drivers/STM32L4xx_HAL_Driver/stm32l4xx_hal_rcc.o
                0x0000000008004914                HAL_RCC_GetPCLK1Freq
 .text.HAL_RCC_GetPCLK2Freq
                0x0000000008004940       0x2c ./Drivers/STM32L4xx_HAL_Driver/stm32l4xx_hal_rcc.o
                0x0000000008004940                HAL_RCC_GetPCLK2Freq
 .text.RCC_SetFlashLatencyFromMSIRange
                0x000000000800496c       0xb4 ./Drivers/STM32L4xx_HAL_Driver/stm32l4xx_hal_rcc.o
 .text.RCC_GetSysClockFreqFromPLLSource
                0x0000000008004a20       0xcc ./Drivers/STM32L4xx_HAL_Driver/stm32l4xx_hal_rcc.o
 .text.HAL_RCCEx_PeriphCLKConfig
                0x0000000008004aec      0x660 ./Drivers/STM32L4xx_HAL_Driver/stm32l4xx_hal_rcc_ex.o
                0x0000000008004aec                HAL_RCCEx_PeriphCLKConfig
 .text.RCCEx_PLLSAI1_Config
                0x000000000800514c      0x1e8 ./Drivers/STM32L4xx_HAL_Driver/stm32l4xx_hal_rcc_ex.o
 .text.RCCEx_PLLSAI2_Config
                0x0000000008005334      0x1e8 ./Drivers/STM32L4xx_HAL_Driver/stm32l4xx_hal_rcc_ex.o
 .text.HAL_SPI_IRQHandler
                0x000000000800551c      0x1e8 ./Drivers/STM32L4xx_HAL_Driver/stm32l4xx_hal_spi.o
                0x000000000800551c                HAL_SPI_IRQHandler
 .text.HAL_SPI_ErrorCallback
                0x0000000008005704       0x14 ./Drivers/STM32L4xx_HAL_Driver/stm32l4xx_hal_spi.o
                0x0000000008005704                HAL_SPI_ErrorCallback
 .text.SPI_DMAAbortOnError
                0x0000000008005718       0x2a ./Drivers/STM32L4xx_HAL_Driver/stm32l4xx_hal_spi.o
 .text.HAL_TIM_Base_Init
                0x0000000008005742       0xae ./Drivers/STM32L4xx_HAL_Driver/stm32l4xx_hal_tim.o
                0x0000000008005742                HAL_TIM_Base_Init
 .text.HAL_TIM_Base_Start_IT
                0x00000000080057f0       0xe0 ./Drivers/STM32L4xx_HAL_Driver/stm32l4xx_hal_tim.o
                0x00000000080057f0                HAL_TIM_Base_Start_IT
 .text.HAL_TIM_IRQHandler
                0x00000000080058d0      0x204 ./Drivers/STM32L4xx_HAL_Driver/stm32l4xx_hal_tim.o
                0x00000000080058d0                HAL_TIM_IRQHandler
 .text.HAL_TIM_ConfigClockSource
                0x0000000008005ad4      0x192 ./Drivers/STM32L4xx_HAL_Driver/stm32l4xx_hal_tim.o
                0x0000000008005ad4                HAL_TIM_ConfigClockSource
 .text.HAL_TIM_PeriodElapsedCallback
                0x0000000008005c66       0x14 ./Drivers/STM32L4xx_HAL_Driver/stm32l4xx_hal_tim.o
                0x0000000008005c66                HAL_TIM_PeriodElapsedCallback
 .text.HAL_TIM_OC_DelayElapsedCallback
                0x0000000008005c7a       0x14 ./Drivers/STM32L4xx_HAL_Driver/stm32l4xx_hal_tim.o
                0x0000000008005c7a                HAL_TIM_OC_DelayElapsedCallback
 .text.HAL_TIM_IC_CaptureCallback
                0x0000000008005c8e       0x14 ./Drivers/STM32L4xx_HAL_Driver/stm32l4xx_hal_tim.o
                0x0000000008005c8e                HAL_TIM_IC_CaptureCallback
 .text.HAL_TIM_PWM_PulseFinishedCallback
                0x0000000008005ca2       0x14 ./Drivers/STM32L4xx_HAL_Driver/stm32l4xx_hal_tim.o
                0x0000000008005ca2                HAL_TIM_PWM_PulseFinishedCallback
 .text.HAL_TIM_TriggerCallback
                0x0000000008005cb6       0x14 ./Drivers/STM32L4xx_HAL_Driver/stm32l4xx_hal_tim.o
                0x0000000008005cb6                HAL_TIM_TriggerCallback
 *fill*         0x0000000008005cca        0x2 
 .text.TIM_Base_SetConfig
                0x0000000008005ccc      0x134 ./Drivers/STM32L4xx_HAL_Driver/stm32l4xx_hal_tim.o
                0x0000000008005ccc                TIM_Base_SetConfig
 .text.TIM_TI1_ConfigInputStage
                0x0000000008005e00       0x5e ./Drivers/STM32L4xx_HAL_Driver/stm32l4xx_hal_tim.o
 .text.TIM_TI2_ConfigInputStage
                0x0000000008005e5e       0x60 ./Drivers/STM32L4xx_HAL_Driver/stm32l4xx_hal_tim.o
 .text.TIM_ITRx_SetConfig
                0x0000000008005ebe       0x36 ./Drivers/STM32L4xx_HAL_Driver/stm32l4xx_hal_tim.o
 .text.TIM_ETR_SetConfig
                0x0000000008005ef4       0x40 ./Drivers/STM32L4xx_HAL_Driver/stm32l4xx_hal_tim.o
                0x0000000008005ef4                TIM_ETR_SetConfig
 .text.HAL_TIMEx_MasterConfigSynchronization
                0x0000000008005f34      0x110 ./Drivers/STM32L4xx_HAL_Driver/stm32l4xx_hal_tim_ex.o
                0x0000000008005f34                HAL_TIMEx_MasterConfigSynchronization
 .text.HAL_TIMEx_CommutCallback
                0x0000000008006044       0x14 ./Drivers/STM32L4xx_HAL_Driver/stm32l4xx_hal_tim_ex.o
                0x0000000008006044                HAL_TIMEx_CommutCallback
 .text.HAL_TIMEx_BreakCallback
                0x0000000008006058       0x14 ./Drivers/STM32L4xx_HAL_Driver/stm32l4xx_hal_tim_ex.o
                0x0000000008006058                HAL_TIMEx_BreakCallback
 .text.HAL_TIMEx_Break2Callback
                0x000000000800606c       0x14 ./Drivers/STM32L4xx_HAL_Driver/stm32l4xx_hal_tim_ex.o
                0x000000000800606c                HAL_TIMEx_Break2Callback
 .text.HAL_UART_Init
                0x0000000008006080       0xa0 ./Drivers/STM32L4xx_HAL_Driver/stm32l4xx_hal_uart.o
                0x0000000008006080                HAL_UART_Init
 .text.HAL_UART_MspInit
                0x0000000008006120       0x14 ./Drivers/STM32L4xx_HAL_Driver/stm32l4xx_hal_uart.o
                0x0000000008006120                HAL_UART_MspInit
 .text.HAL_UART_Transmit
                0x0000000008006134      0x11e ./Drivers/STM32L4xx_HAL_Driver/stm32l4xx_hal_uart.o
                0x0000000008006134                HAL_UART_Transmit
 *fill*         0x0000000008006252        0x2 
 .text.UART_SetConfig
                0x0000000008006254      0x5f8 ./Drivers/STM32L4xx_HAL_Driver/stm32l4xx_hal_uart.o
                0x0000000008006254                UART_SetConfig
 .text.UART_AdvFeatureConfig
                0x000000000800684c      0x144 ./Drivers/STM32L4xx_HAL_Driver/stm32l4xx_hal_uart.o
                0x000000000800684c                UART_AdvFeatureConfig
 .text.UART_CheckIdleState
                0x0000000008006990      0x154 ./Drivers/STM32L4xx_HAL_Driver/stm32l4xx_hal_uart.o
                0x0000000008006990                UART_CheckIdleState
 .text.UART_WaitOnFlagUntilTimeout
                0x0000000008006ae4       0xce ./Drivers/STM32L4xx_HAL_Driver/stm32l4xx_hal_uart.o
                0x0000000008006ae4                UART_WaitOnFlagUntilTimeout
 .text.UART_EndRxTransfer
                0x0000000008006bb2       0xcc ./Drivers/STM32L4xx_HAL_Driver/stm32l4xx_hal_uart.o
 *fill*         0x0000000008006c7e        0x2 
 .text.arm_rfft_32_fast_init_f32
                0x0000000008006c80       0x34 C:\Users\Administrator\STM32Cube\Repository\STM32Cube_FW_L4_V1.18.0\Projects\B-L4S5I-IOT01A\Applications\Project_Main\WiFi_HTTP_Server\STM32CubeIDE\Application\Lib\libarm_cortexM4lf_math.a(arm_rfft_fast_init_f32.o)
                0x0000000008006c80                arm_rfft_32_fast_init_f32
 .text.arm_rfft_64_fast_init_f32
                0x0000000008006cb4       0x34 C:\Users\Administrator\STM32Cube\Repository\STM32Cube_FW_L4_V1.18.0\Projects\B-L4S5I-IOT01A\Applications\Project_Main\WiFi_HTTP_Server\STM32CubeIDE\Application\Lib\libarm_cortexM4lf_math.a(arm_rfft_fast_init_f32.o)
                0x0000000008006cb4                arm_rfft_64_fast_init_f32
 .text.arm_rfft_256_fast_init_f32
                0x0000000008006ce8       0x38 C:\Users\Administrator\STM32Cube\Repository\STM32Cube_FW_L4_V1.18.0\Projects\B-L4S5I-IOT01A\Applications\Project_Main\WiFi_HTTP_Server\STM32CubeIDE\Application\Lib\libarm_cortexM4lf_math.a(arm_rfft_fast_init_f32.o)
                0x0000000008006ce8                arm_rfft_256_fast_init_f32
 .text.arm_rfft_512_fast_init_f32
                0x0000000008006d20       0x3c C:\Users\Administrator\STM32Cube\Repository\STM32Cube_FW_L4_V1.18.0\Projects\B-L4S5I-IOT01A\Applications\Project_Main\WiFi_HTTP_Server\STM32CubeIDE\Application\Lib\libarm_cortexM4lf_math.a(arm_rfft_fast_init_f32.o)
                0x0000000008006d20                arm_rfft_512_fast_init_f32
 .text.arm_rfft_1024_fast_init_f32
                0x0000000008006d5c       0x3c C:\Users\Administrator\STM32Cube\Repository\STM32Cube_FW_L4_V1.18.0\Projects\B-L4S5I-IOT01A\Applications\Project_Main\WiFi_HTTP_Server\STM32CubeIDE\Application\Lib\libarm_cortexM4lf_math.a(arm_rfft_fast_init_f32.o)
                0x0000000008006d5c                arm_rfft_1024_fast_init_f32
 .text.arm_rfft_2048_fast_init_f32
                0x0000000008006d98       0x3c C:\Users\Administrator\STM32Cube\Repository\STM32Cube_FW_L4_V1.18.0\Projects\B-L4S5I-IOT01A\Applications\Project_Main\WiFi_HTTP_Server\STM32CubeIDE\Application\Lib\libarm_cortexM4lf_math.a(arm_rfft_fast_init_f32.o)
                0x0000000008006d98                arm_rfft_2048_fast_init_f32
 .text.arm_rfft_4096_fast_init_f32
                0x0000000008006dd4       0x3c C:\Users\Administrator\STM32Cube\Repository\STM32Cube_FW_L4_V1.18.0\Projects\B-L4S5I-IOT01A\Applications\Project_Main\WiFi_HTTP_Server\STM32CubeIDE\Application\Lib\libarm_cortexM4lf_math.a(arm_rfft_fast_init_f32.o)
                0x0000000008006dd4                arm_rfft_4096_fast_init_f32
 .text.arm_rfft_fast_init_f32
                0x0000000008006e10       0x68 C:\Users\Administrator\STM32Cube\Repository\STM32Cube_FW_L4_V1.18.0\Projects\B-L4S5I-IOT01A\Applications\Project_Main\WiFi_HTTP_Server\STM32CubeIDE\Application\Lib\libarm_cortexM4lf_math.a(arm_rfft_fast_init_f32.o)
                0x0000000008006e10                arm_rfft_fast_init_f32
 .text.stage_rfft_f32
                0x0000000008006e78       0xb4 C:\Users\Administrator\STM32Cube\Repository\STM32Cube_FW_L4_V1.18.0\Projects\B-L4S5I-IOT01A\Applications\Project_Main\WiFi_HTTP_Server\STM32CubeIDE\Application\Lib\libarm_cortexM4lf_math.a(arm_rfft_fast_f32.o)
                0x0000000008006e78                stage_rfft_f32
 .text.merge_rfft_f32
                0x0000000008006f2c       0xac C:\Users\Administrator\STM32Cube\Repository\STM32Cube_FW_L4_V1.18.0\Projects\B-L4S5I-IOT01A\Applications\Project_Main\WiFi_HTTP_Server\STM32CubeIDE\Application\Lib\libarm_cortexM4lf_math.a(arm_rfft_fast_f32.o)
                0x0000000008006f2c                merge_rfft_f32
 .text.arm_rfft_fast_f32
                0x0000000008006fd8       0x40 C:\Users\Administrator\STM32Cube\Repository\STM32Cube_FW_L4_V1.18.0\Projects\B-L4S5I-IOT01A\Applications\Project_Main\WiFi_HTTP_Server\STM32CubeIDE\Application\Lib\libarm_cortexM4lf_math.a(arm_rfft_fast_f32.o)
                0x0000000008006fd8                arm_rfft_fast_f32
 .text.arm_cfft_radix8by2_f32
                0x0000000008007018      0x1a0 C:\Users\Administrator\STM32Cube\Repository\STM32Cube_FW_L4_V1.18.0\Projects\B-L4S5I-IOT01A\Applications\Project_Main\WiFi_HTTP_Server\STM32CubeIDE\Application\Lib\libarm_cortexM4lf_math.a(arm_cfft_f32.o)
                0x0000000008007018                arm_cfft_radix8by2_f32
 .text.arm_cfft_radix8by4_f32
                0x00000000080071b8      0x4ac C:\Users\Administrator\STM32Cube\Repository\STM32Cube_FW_L4_V1.18.0\Projects\B-L4S5I-IOT01A\Applications\Project_Main\WiFi_HTTP_Server\STM32CubeIDE\Application\Lib\libarm_cortexM4lf_math.a(arm_cfft_f32.o)
                0x00000000080071b8                arm_cfft_radix8by4_f32
 .text.arm_cfft_f32
                0x0000000008007664       0xf0 C:\Users\Administrator\STM32Cube\Repository\STM32Cube_FW_L4_V1.18.0\Projects\B-L4S5I-IOT01A\Applications\Project_Main\WiFi_HTTP_Server\STM32CubeIDE\Application\Lib\libarm_cortexM4lf_math.a(arm_cfft_f32.o)
                0x0000000008007664                arm_cfft_f32
 .text.arm_bitreversal_32
                0x0000000008007754       0x40 C:\Users\Administrator\STM32Cube\Repository\STM32Cube_FW_L4_V1.18.0\Projects\B-L4S5I-IOT01A\Applications\Project_Main\WiFi_HTTP_Server\STM32CubeIDE\Application\Lib\libarm_cortexM4lf_math.a(arm_bitreversal2.o)
                0x0000000008007754                arm_bitreversal_32
 .text.arm_radix8_butterfly_f32
                0x0000000008007794      0x580 C:\Users\Administrator\STM32Cube\Repository\STM32Cube_FW_L4_V1.18.0\Projects\B-L4S5I-IOT01A\Applications\Project_Main\WiFi_HTTP_Server\STM32CubeIDE\Application\Lib\libarm_cortexM4lf_math.a(arm_cfft_radix8_f32.o)
                0x0000000008007794                arm_radix8_butterfly_f32
 .text.malloc   0x0000000008007d14       0x10 C:/ST/STM32CubeIDE_1.13.1/STM32CubeIDE/plugins/com.st.stm32cube.ide.mcu.externaltools.gnu-tools-for-stm32.11.3.rel1.win32_1.1.0.202305231506/tools/bin/../lib/gcc/arm-none-eabi/11.3.1/../../../../arm-none-eabi/lib/thumb/v7e-m+fp/hard\libc_nano.a(libc_a-malloc.o)
                0x0000000008007d14                malloc
 .text.sbrk_aligned
                0x0000000008007d24       0x40 C:/ST/STM32CubeIDE_1.13.1/STM32CubeIDE/plugins/com.st.stm32cube.ide.mcu.externaltools.gnu-tools-for-stm32.11.3.rel1.win32_1.1.0.202305231506/tools/bin/../lib/gcc/arm-none-eabi/11.3.1/../../../../arm-none-eabi/lib/thumb/v7e-m+fp/hard\libc_nano.a(libc_a-mallocr.o)
 .text._malloc_r
                0x0000000008007d64      0x100 C:/ST/STM32CubeIDE_1.13.1/STM32CubeIDE/plugins/com.st.stm32cube.ide.mcu.externaltools.gnu-tools-for-stm32.11.3.rel1.win32_1.1.0.202305231506/tools/bin/../lib/gcc/arm-none-eabi/11.3.1/../../../../arm-none-eabi/lib/thumb/v7e-m+fp/hard\libc_nano.a(libc_a-mallocr.o)
                0x0000000008007d64                _malloc_r
 .text.__malloc_lock
                0x0000000008007e64        0xc C:/ST/STM32CubeIDE_1.13.1/STM32CubeIDE/plugins/com.st.stm32cube.ide.mcu.externaltools.gnu-tools-for-stm32.11.3.rel1.win32_1.1.0.202305231506/tools/bin/../lib/gcc/arm-none-eabi/11.3.1/../../../../arm-none-eabi/lib/thumb/v7e-m+fp/hard\libc_nano.a(libc_a-mlock.o)
                0x0000000008007e64                __malloc_lock
 .text.__malloc_unlock
                0x0000000008007e70        0xc C:/ST/STM32CubeIDE_1.13.1/STM32CubeIDE/plugins/com.st.stm32cube.ide.mcu.externaltools.gnu-tools-for-stm32.11.3.rel1.win32_1.1.0.202305231506/tools/bin/../lib/gcc/arm-none-eabi/11.3.1/../../../../arm-none-eabi/lib/thumb/v7e-m+fp/hard\libc_nano.a(libc_a-mlock.o)
                0x0000000008007e70                __malloc_unlock
 .text.__cvt    0x0000000008007e7c       0xc4 C:/ST/STM32CubeIDE_1.13.1/STM32CubeIDE/plugins/com.st.stm32cube.ide.mcu.externaltools.gnu-tools-for-stm32.11.3.rel1.win32_1.1.0.202305231506/tools/bin/../lib/gcc/arm-none-eabi/11.3.1/../../../../arm-none-eabi/lib/thumb/v7e-m+fp/hard\libc_nano.a(libc_a-nano-vfprintf_float.o)
                0x0000000008007e7c                __cvt
 .text.__exponent
                0x0000000008007f40       0x7c C:/ST/STM32CubeIDE_1.13.1/STM32CubeIDE/plugins/com.st.stm32cube.ide.mcu.externaltools.gnu-tools-for-stm32.11.3.rel1.win32_1.1.0.202305231506/tools/bin/../lib/gcc/arm-none-eabi/11.3.1/../../../../arm-none-eabi/lib/thumb/v7e-m+fp/hard\libc_nano.a(libc_a-nano-vfprintf_float.o)
                0x0000000008007f40                __exponent
 .text._printf_float
                0x0000000008007fbc      0x46c C:/ST/STM32CubeIDE_1.13.1/STM32CubeIDE/plugins/com.st.stm32cube.ide.mcu.externaltools.gnu-tools-for-stm32.11.3.rel1.win32_1.1.0.202305231506/tools/bin/../lib/gcc/arm-none-eabi/11.3.1/../../../../arm-none-eabi/lib/thumb/v7e-m+fp/hard\libc_nano.a(libc_a-nano-vfprintf_float.o)
                0x0000000008007fbc                _printf_float
 .text._printf_common
                0x0000000008008428       0xda C:/ST/STM32CubeIDE_1.13.1/STM32CubeIDE/plugins/com.st.stm32cube.ide.mcu.externaltools.gnu-tools-for-stm32.11.3.rel1.win32_1.1.0.202305231506/tools/bin/../lib/gcc/arm-none-eabi/11.3.1/../../../../arm-none-eabi/lib/thumb/v7e-m+fp/hard\libc_nano.a(libc_a-nano-vfprintf_i.o)
                0x0000000008008428                _printf_common
 *fill*         0x0000000008008502        0x2 
 .text._printf_i
                0x0000000008008504      0x244 C:/ST/STM32CubeIDE_1.13.1/STM32CubeIDE/plugins/com.st.stm32cube.ide.mcu.externaltools.gnu-tools-for-stm32.11.3.rel1.win32_1.1.0.202305231506/tools/bin/../lib/gcc/arm-none-eabi/11.3.1/../../../../arm-none-eabi/lib/thumb/v7e-m+fp/hard\libc_nano.a(libc_a-nano-vfprintf_i.o)
                0x0000000008008504                _printf_i
 .text.std      0x0000000008008748       0x48 C:/ST/STM32CubeIDE_1.13.1/STM32CubeIDE/plugins/com.st.stm32cube.ide.mcu.externaltools.gnu-tools-for-stm32.11.3.rel1.win32_1.1.0.202305231506/tools/bin/../lib/gcc/arm-none-eabi/11.3.1/../../../../arm-none-eabi/lib/thumb/v7e-m+fp/hard\libc_nano.a(libc_a-findfp.o)
 .text.stdio_exit_handler
                0x0000000008008790       0x18 C:/ST/STM32CubeIDE_1.13.1/STM32CubeIDE/plugins/com.st.stm32cube.ide.mcu.externaltools.gnu-tools-for-stm32.11.3.rel1.win32_1.1.0.202305231506/tools/bin/../lib/gcc/arm-none-eabi/11.3.1/../../../../arm-none-eabi/lib/thumb/v7e-m+fp/hard\libc_nano.a(libc_a-findfp.o)
 .text.cleanup_stdio
                0x00000000080087a8       0x40 C:/ST/STM32CubeIDE_1.13.1/STM32CubeIDE/plugins/com.st.stm32cube.ide.mcu.externaltools.gnu-tools-for-stm32.11.3.rel1.win32_1.1.0.202305231506/tools/bin/../lib/gcc/arm-none-eabi/11.3.1/../../../../arm-none-eabi/lib/thumb/v7e-m+fp/hard\libc_nano.a(libc_a-findfp.o)
 .text.global_stdio_init.part.0
                0x00000000080087e8       0x3c C:/ST/STM32CubeIDE_1.13.1/STM32CubeIDE/plugins/com.st.stm32cube.ide.mcu.externaltools.gnu-tools-for-stm32.11.3.rel1.win32_1.1.0.202305231506/tools/bin/../lib/gcc/arm-none-eabi/11.3.1/../../../../arm-none-eabi/lib/thumb/v7e-m+fp/hard\libc_nano.a(libc_a-findfp.o)
 .text.__sfp_lock_acquire
                0x0000000008008824        0xc C:/ST/STM32CubeIDE_1.13.1/STM32CubeIDE/plugins/com.st.stm32cube.ide.mcu.externaltools.gnu-tools-for-stm32.11.3.rel1.win32_1.1.0.202305231506/tools/bin/../lib/gcc/arm-none-eabi/11.3.1/../../../../arm-none-eabi/lib/thumb/v7e-m+fp/hard\libc_nano.a(libc_a-findfp.o)
                0x0000000008008824                __sfp_lock_acquire
 .text.__sfp_lock_release
                0x0000000008008830        0xc C:/ST/STM32CubeIDE_1.13.1/STM32CubeIDE/plugins/com.st.stm32cube.ide.mcu.externaltools.gnu-tools-for-stm32.11.3.rel1.win32_1.1.0.202305231506/tools/bin/../lib/gcc/arm-none-eabi/11.3.1/../../../../arm-none-eabi/lib/thumb/v7e-m+fp/hard\libc_nano.a(libc_a-findfp.o)
                0x0000000008008830                __sfp_lock_release
 .text.__sinit  0x000000000800883c       0x30 C:/ST/STM32CubeIDE_1.13.1/STM32CubeIDE/plugins/com.st.stm32cube.ide.mcu.externaltools.gnu-tools-for-stm32.11.3.rel1.win32_1.1.0.202305231506/tools/bin/../lib/gcc/arm-none-eabi/11.3.1/../../../../arm-none-eabi/lib/thumb/v7e-m+fp/hard\libc_nano.a(libc_a-findfp.o)
                0x000000000800883c                __sinit
 .text._fwalk_sglue
                0x000000000800886c       0x3c C:/ST/STM32CubeIDE_1.13.1/STM32CubeIDE/plugins/com.st.stm32cube.ide.mcu.externaltools.gnu-tools-for-stm32.11.3.rel1.win32_1.1.0.202305231506/tools/bin/../lib/gcc/arm-none-eabi/11.3.1/../../../../arm-none-eabi/lib/thumb/v7e-m+fp/hard\libc_nano.a(libc_a-fwalk.o)
                0x000000000800886c                _fwalk_sglue
 .text.printf   0x00000000080088a8       0x24 C:/ST/STM32CubeIDE_1.13.1/STM32CubeIDE/plugins/com.st.stm32cube.ide.mcu.externaltools.gnu-tools-for-stm32.11.3.rel1.win32_1.1.0.202305231506/tools/bin/../lib/gcc/arm-none-eabi/11.3.1/../../../../arm-none-eabi/lib/thumb/v7e-m+fp/hard\libc_nano.a(libc_a-printf.o)
                0x00000000080088a8                iprintf
                0x00000000080088a8                printf
 .text._puts_r  0x00000000080088cc       0xa8 C:/ST/STM32CubeIDE_1.13.1/STM32CubeIDE/plugins/com.st.stm32cube.ide.mcu.externaltools.gnu-tools-for-stm32.11.3.rel1.win32_1.1.0.202305231506/tools/bin/../lib/gcc/arm-none-eabi/11.3.1/../../../../arm-none-eabi/lib/thumb/v7e-m+fp/hard\libc_nano.a(libc_a-puts.o)
                0x00000000080088cc                _puts_r
 .text.puts     0x0000000008008974       0x10 C:/ST/STM32CubeIDE_1.13.1/STM32CubeIDE/plugins/com.st.stm32cube.ide.mcu.externaltools.gnu-tools-for-stm32.11.3.rel1.win32_1.1.0.202305231506/tools/bin/../lib/gcc/arm-none-eabi/11.3.1/../../../../arm-none-eabi/lib/thumb/v7e-m+fp/hard\libc_nano.a(libc_a-puts.o)
                0x0000000008008974                puts
 .text.__sread  0x0000000008008984       0x22 C:/ST/STM32CubeIDE_1.13.1/STM32CubeIDE/plugins/com.st.stm32cube.ide.mcu.externaltools.gnu-tools-for-stm32.11.3.rel1.win32_1.1.0.202305231506/tools/bin/../lib/gcc/arm-none-eabi/11.3.1/../../../../arm-none-eabi/lib/thumb/v7e-m+fp/hard\libc_nano.a(libc_a-stdio.o)
                0x0000000008008984                __sread
 .text.__swrite
                0x00000000080089a6       0x38 C:/ST/STM32CubeIDE_1.13.1/STM32CubeIDE/plugins/com.st.stm32cube.ide.mcu.externaltools.gnu-tools-for-stm32.11.3.rel1.win32_1.1.0.202305231506/tools/bin/../lib/gcc/arm-none-eabi/11.3.1/../../../../arm-none-eabi/lib/thumb/v7e-m+fp/hard\libc_nano.a(libc_a-stdio.o)
                0x00000000080089a6                __swrite
 .text.__sseek  0x00000000080089de       0x24 C:/ST/STM32CubeIDE_1.13.1/STM32CubeIDE/plugins/com.st.stm32cube.ide.mcu.externaltools.gnu-tools-for-stm32.11.3.rel1.win32_1.1.0.202305231506/tools/bin/../lib/gcc/arm-none-eabi/11.3.1/../../../../arm-none-eabi/lib/thumb/v7e-m+fp/hard\libc_nano.a(libc_a-stdio.o)
                0x00000000080089de                __sseek
 .text.__sclose
                0x0000000008008a02        0x8 C:/ST/STM32CubeIDE_1.13.1/STM32CubeIDE/plugins/com.st.stm32cube.ide.mcu.externaltools.gnu-tools-for-stm32.11.3.rel1.win32_1.1.0.202305231506/tools/bin/../lib/gcc/arm-none-eabi/11.3.1/../../../../arm-none-eabi/lib/thumb/v7e-m+fp/hard\libc_nano.a(libc_a-stdio.o)
                0x0000000008008a02                __sclose
 .text.__swbuf_r
                0x0000000008008a0a       0x7a C:/ST/STM32CubeIDE_1.13.1/STM32CubeIDE/plugins/com.st.stm32cube.ide.mcu.externaltools.gnu-tools-for-stm32.11.3.rel1.win32_1.1.0.202305231506/tools/bin/../lib/gcc/arm-none-eabi/11.3.1/../../../../arm-none-eabi/lib/thumb/v7e-m+fp/hard\libc_nano.a(libc_a-wbuf.o)
                0x0000000008008a0a                __swbuf_r
 .text.__swsetup_r
                0x0000000008008a84       0xb0 C:/ST/STM32CubeIDE_1.13.1/STM32CubeIDE/plugins/com.st.stm32cube.ide.mcu.externaltools.gnu-tools-for-stm32.11.3.rel1.win32_1.1.0.202305231506/tools/bin/../lib/gcc/arm-none-eabi/11.3.1/../../../../arm-none-eabi/lib/thumb/v7e-m+fp/hard\libc_nano.a(libc_a-wsetup.o)
                0x0000000008008a84                __swsetup_r
 .text.memset   0x0000000008008b34       0x10 C:/ST/STM32CubeIDE_1.13.1/STM32CubeIDE/plugins/com.st.stm32cube.ide.mcu.externaltools.gnu-tools-for-stm32.11.3.rel1.win32_1.1.0.202305231506/tools/bin/../lib/gcc/arm-none-eabi/11.3.1/../../../../arm-none-eabi/lib/thumb/v7e-m+fp/hard\libc_nano.a(libc_a-memset.o)
                0x0000000008008b34                memset
 .text._localeconv_r
                0x0000000008008b44        0x8 C:/ST/STM32CubeIDE_1.13.1/STM32CubeIDE/plugins/com.st.stm32cube.ide.mcu.externaltools.gnu-tools-for-stm32.11.3.rel1.win32_1.1.0.202305231506/tools/bin/../lib/gcc/arm-none-eabi/11.3.1/../../../../arm-none-eabi/lib/thumb/v7e-m+fp/hard\libc_nano.a(libc_a-localeconv.o)
                0x0000000008008b44                _localeconv_r
 .text._close_r
                0x0000000008008b4c       0x20 C:/ST/STM32CubeIDE_1.13.1/STM32CubeIDE/plugins/com.st.stm32cube.ide.mcu.externaltools.gnu-tools-for-stm32.11.3.rel1.win32_1.1.0.202305231506/tools/bin/../lib/gcc/arm-none-eabi/11.3.1/../../../../arm-none-eabi/lib/thumb/v7e-m+fp/hard\libc_nano.a(libc_a-closer.o)
                0x0000000008008b4c                _close_r
 .text._lseek_r
                0x0000000008008b6c       0x24 C:/ST/STM32CubeIDE_1.13.1/STM32CubeIDE/plugins/com.st.stm32cube.ide.mcu.externaltools.gnu-tools-for-stm32.11.3.rel1.win32_1.1.0.202305231506/tools/bin/../lib/gcc/arm-none-eabi/11.3.1/../../../../arm-none-eabi/lib/thumb/v7e-m+fp/hard\libc_nano.a(libc_a-lseekr.o)
                0x0000000008008b6c                _lseek_r
 .text._read_r  0x0000000008008b90       0x24 C:/ST/STM32CubeIDE_1.13.1/STM32CubeIDE/plugins/com.st.stm32cube.ide.mcu.externaltools.gnu-tools-for-stm32.11.3.rel1.win32_1.1.0.202305231506/tools/bin/../lib/gcc/arm-none-eabi/11.3.1/../../../../arm-none-eabi/lib/thumb/v7e-m+fp/hard\libc_nano.a(libc_a-readr.o)
                0x0000000008008b90                _read_r
 .text._sbrk_r  0x0000000008008bb4       0x20 C:/ST/STM32CubeIDE_1.13.1/STM32CubeIDE/plugins/com.st.stm32cube.ide.mcu.externaltools.gnu-tools-for-stm32.11.3.rel1.win32_1.1.0.202305231506/tools/bin/../lib/gcc/arm-none-eabi/11.3.1/../../../../arm-none-eabi/lib/thumb/v7e-m+fp/hard\libc_nano.a(libc_a-sbrkr.o)
                0x0000000008008bb4                _sbrk_r
 .text._write_r
                0x0000000008008bd4       0x24 C:/ST/STM32CubeIDE_1.13.1/STM32CubeIDE/plugins/com.st.stm32cube.ide.mcu.externaltools.gnu-tools-for-stm32.11.3.rel1.win32_1.1.0.202305231506/tools/bin/../lib/gcc/arm-none-eabi/11.3.1/../../../../arm-none-eabi/lib/thumb/v7e-m+fp/hard\libc_nano.a(libc_a-writer.o)
                0x0000000008008bd4                _write_r
 .text.__errno  0x0000000008008bf8        0xc C:/ST/STM32CubeIDE_1.13.1/STM32CubeIDE/plugins/com.st.stm32cube.ide.mcu.externaltools.gnu-tools-for-stm32.11.3.rel1.win32_1.1.0.202305231506/tools/bin/../lib/gcc/arm-none-eabi/11.3.1/../../../../arm-none-eabi/lib/thumb/v7e-m+fp/hard\libc_nano.a(libc_a-errno.o)
                0x0000000008008bf8                __errno
 .text.__libc_init_array
                0x0000000008008c04       0x48 C:/ST/STM32CubeIDE_1.13.1/STM32CubeIDE/plugins/com.st.stm32cube.ide.mcu.externaltools.gnu-tools-for-stm32.11.3.rel1.win32_1.1.0.202305231506/tools/bin/../lib/gcc/arm-none-eabi/11.3.1/../../../../arm-none-eabi/lib/thumb/v7e-m+fp/hard\libc_nano.a(libc_a-init.o)
                0x0000000008008c04                __libc_init_array
 .text.__retarget_lock_acquire_recursive
                0x0000000008008c4c        0x2 C:/ST/STM32CubeIDE_1.13.1/STM32CubeIDE/plugins/com.st.stm32cube.ide.mcu.externaltools.gnu-tools-for-stm32.11.3.rel1.win32_1.1.0.202305231506/tools/bin/../lib/gcc/arm-none-eabi/11.3.1/../../../../arm-none-eabi/lib/thumb/v7e-m+fp/hard\libc_nano.a(libc_a-lock.o)
                0x0000000008008c4c                __retarget_lock_acquire_recursive
 .text.__retarget_lock_release_recursive
                0x0000000008008c4e        0x2 C:/ST/STM32CubeIDE_1.13.1/STM32CubeIDE/plugins/com.st.stm32cube.ide.mcu.externaltools.gnu-tools-for-stm32.11.3.rel1.win32_1.1.0.202305231506/tools/bin/../lib/gcc/arm-none-eabi/11.3.1/../../../../arm-none-eabi/lib/thumb/v7e-m+fp/hard\libc_nano.a(libc_a-lock.o)
                0x0000000008008c4e                __retarget_lock_release_recursive
 .text.memcpy   0x0000000008008c50       0x1c C:/ST/STM32CubeIDE_1.13.1/STM32CubeIDE/plugins/com.st.stm32cube.ide.mcu.externaltools.gnu-tools-for-stm32.11.3.rel1.win32_1.1.0.202305231506/tools/bin/../lib/gcc/arm-none-eabi/11.3.1/../../../../arm-none-eabi/lib/thumb/v7e-m+fp/hard\libc_nano.a(libc_a-memcpy-stub.o)
                0x0000000008008c50                memcpy
 .text.__assert_func
                0x0000000008008c6c       0x3c C:/ST/STM32CubeIDE_1.13.1/STM32CubeIDE/plugins/com.st.stm32cube.ide.mcu.externaltools.gnu-tools-for-stm32.11.3.rel1.win32_1.1.0.202305231506/tools/bin/../lib/gcc/arm-none-eabi/11.3.1/../../../../arm-none-eabi/lib/thumb/v7e-m+fp/hard\libc_nano.a(libc_a-assert.o)
                0x0000000008008c6c                __assert_func
 .text.quorem   0x0000000008008ca8      0x110 C:/ST/STM32CubeIDE_1.13.1/STM32CubeIDE/plugins/com.st.stm32cube.ide.mcu.externaltools.gnu-tools-for-stm32.11.3.rel1.win32_1.1.0.202305231506/tools/bin/../lib/gcc/arm-none-eabi/11.3.1/../../../../arm-none-eabi/lib/thumb/v7e-m+fp/hard\libc_nano.a(libc_a-dtoa.o)
 .text._dtoa_r  0x0000000008008db8      0xbe4 C:/ST/STM32CubeIDE_1.13.1/STM32CubeIDE/plugins/com.st.stm32cube.ide.mcu.externaltools.gnu-tools-for-stm32.11.3.rel1.win32_1.1.0.202305231506/tools/bin/../lib/gcc/arm-none-eabi/11.3.1/../../../../arm-none-eabi/lib/thumb/v7e-m+fp/hard\libc_nano.a(libc_a-dtoa.o)
                0x0000000008008db8                _dtoa_r
 .text._free_r  0x000000000800999c       0x98 C:/ST/STM32CubeIDE_1.13.1/STM32CubeIDE/plugins/com.st.stm32cube.ide.mcu.externaltools.gnu-tools-for-stm32.11.3.rel1.win32_1.1.0.202305231506/tools/bin/../lib/gcc/arm-none-eabi/11.3.1/../../../../arm-none-eabi/lib/thumb/v7e-m+fp/hard\libc_nano.a(libc_a-freer.o)
                0x000000000800999c                _free_r
 .text._Balloc  0x0000000008009a34       0x80 C:/ST/STM32CubeIDE_1.13.1/STM32CubeIDE/plugins/com.st.stm32cube.ide.mcu.externaltools.gnu-tools-for-stm32.11.3.rel1.win32_1.1.0.202305231506/tools/bin/../lib/gcc/arm-none-eabi/11.3.1/../../../../arm-none-eabi/lib/thumb/v7e-m+fp/hard\libc_nano.a(libc_a-mprec.o)
                0x0000000008009a34                _Balloc
 .text._Bfree   0x0000000008009ab4       0x44 C:/ST/STM32CubeIDE_1.13.1/STM32CubeIDE/plugins/com.st.stm32cube.ide.mcu.externaltools.gnu-tools-for-stm32.11.3.rel1.win32_1.1.0.202305231506/tools/bin/../lib/gcc/arm-none-eabi/11.3.1/../../../../arm-none-eabi/lib/thumb/v7e-m+fp/hard\libc_nano.a(libc_a-mprec.o)
                0x0000000008009ab4                _Bfree
 .text.__multadd
                0x0000000008009af8       0x8c C:/ST/STM32CubeIDE_1.13.1/STM32CubeIDE/plugins/com.st.stm32cube.ide.mcu.externaltools.gnu-tools-for-stm32.11.3.rel1.win32_1.1.0.202305231506/tools/bin/../lib/gcc/arm-none-eabi/11.3.1/../../../../arm-none-eabi/lib/thumb/v7e-m+fp/hard\libc_nano.a(libc_a-mprec.o)
                0x0000000008009af8                __multadd
 .text.__hi0bits
                0x0000000008009b84       0x40 C:/ST/STM32CubeIDE_1.13.1/STM32CubeIDE/plugins/com.st.stm32cube.ide.mcu.externaltools.gnu-tools-for-stm32.11.3.rel1.win32_1.1.0.202305231506/tools/bin/../lib/gcc/arm-none-eabi/11.3.1/../../../../arm-none-eabi/lib/thumb/v7e-m+fp/hard\libc_nano.a(libc_a-mprec.o)
                0x0000000008009b84                __hi0bits
 .text.__lo0bits
                0x0000000008009bc4       0x5a C:/ST/STM32CubeIDE_1.13.1/STM32CubeIDE/plugins/com.st.stm32cube.ide.mcu.externaltools.gnu-tools-for-stm32.11.3.rel1.win32_1.1.0.202305231506/tools/bin/../lib/gcc/arm-none-eabi/11.3.1/../../../../arm-none-eabi/lib/thumb/v7e-m+fp/hard\libc_nano.a(libc_a-mprec.o)
                0x0000000008009bc4                __lo0bits
 *fill*         0x0000000008009c1e        0x2 
 .text.__i2b    0x0000000008009c20       0x2c C:/ST/STM32CubeIDE_1.13.1/STM32CubeIDE/plugins/com.st.stm32cube.ide.mcu.externaltools.gnu-tools-for-stm32.11.3.rel1.win32_1.1.0.202305231506/tools/bin/../lib/gcc/arm-none-eabi/11.3.1/../../../../arm-none-eabi/lib/thumb/v7e-m+fp/hard\libc_nano.a(libc_a-mprec.o)
                0x0000000008009c20                __i2b
 .text.__multiply
                0x0000000008009c4c      0x154 C:/ST/STM32CubeIDE_1.13.1/STM32CubeIDE/plugins/com.st.stm32cube.ide.mcu.externaltools.gnu-tools-for-stm32.11.3.rel1.win32_1.1.0.202305231506/tools/bin/../lib/gcc/arm-none-eabi/11.3.1/../../../../arm-none-eabi/lib/thumb/v7e-m+fp/hard\libc_nano.a(libc_a-mprec.o)
                0x0000000008009c4c                __multiply
 .text.__pow5mult
                0x0000000008009da0       0xb4 C:/ST/STM32CubeIDE_1.13.1/STM32CubeIDE/plugins/com.st.stm32cube.ide.mcu.externaltools.gnu-tools-for-stm32.11.3.rel1.win32_1.1.0.202305231506/tools/bin/../lib/gcc/arm-none-eabi/11.3.1/../../../../arm-none-eabi/lib/thumb/v7e-m+fp/hard\libc_nano.a(libc_a-mprec.o)
                0x0000000008009da0                __pow5mult
 .text.__lshift
                0x0000000008009e54       0xd8 C:/ST/STM32CubeIDE_1.13.1/STM32CubeIDE/plugins/com.st.stm32cube.ide.mcu.externaltools.gnu-tools-for-stm32.11.3.rel1.win32_1.1.0.202305231506/tools/bin/../lib/gcc/arm-none-eabi/11.3.1/../../../../arm-none-eabi/lib/thumb/v7e-m+fp/hard\libc_nano.a(libc_a-mprec.o)
                0x0000000008009e54                __lshift
 .text.__mcmp   0x0000000008009f2c       0x38 C:/ST/STM32CubeIDE_1.13.1/STM32CubeIDE/plugins/com.st.stm32cube.ide.mcu.externaltools.gnu-tools-for-stm32.11.3.rel1.win32_1.1.0.202305231506/tools/bin/../lib/gcc/arm-none-eabi/11.3.1/../../../../arm-none-eabi/lib/thumb/v7e-m+fp/hard\libc_nano.a(libc_a-mprec.o)
                0x0000000008009f2c                __mcmp
 .text.__mdiff  0x0000000008009f64      0x114 C:/ST/STM32CubeIDE_1.13.1/STM32CubeIDE/plugins/com.st.stm32cube.ide.mcu.externaltools.gnu-tools-for-stm32.11.3.rel1.win32_1.1.0.202305231506/tools/bin/../lib/gcc/arm-none-eabi/11.3.1/../../../../arm-none-eabi/lib/thumb/v7e-m+fp/hard\libc_nano.a(libc_a-mprec.o)
                0x0000000008009f64                __mdiff
 .text.__d2b    0x000000000800a078       0xb4 C:/ST/STM32CubeIDE_1.13.1/STM32CubeIDE/plugins/com.st.stm32cube.ide.mcu.externaltools.gnu-tools-for-stm32.11.3.rel1.win32_1.1.0.202305231506/tools/bin/../lib/gcc/arm-none-eabi/11.3.1/../../../../arm-none-eabi/lib/thumb/v7e-m+fp/hard\libc_nano.a(libc_a-mprec.o)
                0x000000000800a078                __d2b
 .text.__sfputc_r
                0x000000000800a12c       0x2e C:/ST/STM32CubeIDE_1.13.1/STM32CubeIDE/plugins/com.st.stm32cube.ide.mcu.externaltools.gnu-tools-for-stm32.11.3.rel1.win32_1.1.0.202305231506/tools/bin/../lib/gcc/arm-none-eabi/11.3.1/../../../../arm-none-eabi/lib/thumb/v7e-m+fp/hard\libc_nano.a(libc_a-nano-vfprintf.o)
 .text.__sfputs_r
                0x000000000800a15a       0x24 C:/ST/STM32CubeIDE_1.13.1/STM32CubeIDE/plugins/com.st.stm32cube.ide.mcu.externaltools.gnu-tools-for-stm32.11.3.rel1.win32_1.1.0.202305231506/tools/bin/../lib/gcc/arm-none-eabi/11.3.1/../../../../arm-none-eabi/lib/thumb/v7e-m+fp/hard\libc_nano.a(libc_a-nano-vfprintf.o)
                0x000000000800a15a                __sfputs_r
 *fill*         0x000000000800a17e        0x2 
 .text._vfprintf_r
                0x000000000800a180      0x234 C:/ST/STM32CubeIDE_1.13.1/STM32CubeIDE/plugins/com.st.stm32cube.ide.mcu.externaltools.gnu-tools-for-stm32.11.3.rel1.win32_1.1.0.202305231506/tools/bin/../lib/gcc/arm-none-eabi/11.3.1/../../../../arm-none-eabi/lib/thumb/v7e-m+fp/hard\libc_nano.a(libc_a-nano-vfprintf.o)
                0x000000000800a180                _vfprintf_r
                0x000000000800a180                _vfiprintf_r
 .text.__sflush_r
                0x000000000800a3b4      0x10c C:/ST/STM32CubeIDE_1.13.1/STM32CubeIDE/plugins/com.st.stm32cube.ide.mcu.externaltools.gnu-tools-for-stm32.11.3.rel1.win32_1.1.0.202305231506/tools/bin/../lib/gcc/arm-none-eabi/11.3.1/../../../../arm-none-eabi/lib/thumb/v7e-m+fp/hard\libc_nano.a(libc_a-fflush.o)
                0x000000000800a3b4                __sflush_r
 .text._fflush_r
                0x000000000800a4c0       0x50 C:/ST/STM32CubeIDE_1.13.1/STM32CubeIDE/plugins/com.st.stm32cube.ide.mcu.externaltools.gnu-tools-for-stm32.11.3.rel1.win32_1.1.0.202305231506/tools/bin/../lib/gcc/arm-none-eabi/11.3.1/../../../../arm-none-eabi/lib/thumb/v7e-m+fp/hard\libc_nano.a(libc_a-fflush.o)
                0x000000000800a4c0                _fflush_r
 .text.fprintf  0x000000000800a510       0x24 C:/ST/STM32CubeIDE_1.13.1/STM32CubeIDE/plugins/com.st.stm32cube.ide.mcu.externaltools.gnu-tools-for-stm32.11.3.rel1.win32_1.1.0.202305231506/tools/bin/../lib/gcc/arm-none-eabi/11.3.1/../../../../arm-none-eabi/lib/thumb/v7e-m+fp/hard\libc_nano.a(libc_a-fprintf.o)
                0x000000000800a510                fiprintf
                0x000000000800a510                fprintf
 .text.__swhatbuf_r
                0x000000000800a534       0x4c C:/ST/STM32CubeIDE_1.13.1/STM32CubeIDE/plugins/com.st.stm32cube.ide.mcu.externaltools.gnu-tools-for-stm32.11.3.rel1.win32_1.1.0.202305231506/tools/bin/../lib/gcc/arm-none-eabi/11.3.1/../../../../arm-none-eabi/lib/thumb/v7e-m+fp/hard\libc_nano.a(libc_a-makebuf.o)
                0x000000000800a534                __swhatbuf_r
 .text.__smakebuf_r
                0x000000000800a580       0x78 C:/ST/STM32CubeIDE_1.13.1/STM32CubeIDE/plugins/com.st.stm32cube.ide.mcu.externaltools.gnu-tools-for-stm32.11.3.rel1.win32_1.1.0.202305231506/tools/bin/../lib/gcc/arm-none-eabi/11.3.1/../../../../arm-none-eabi/lib/thumb/v7e-m+fp/hard\libc_nano.a(libc_a-makebuf.o)
                0x000000000800a580                __smakebuf_r
 .text._fstat_r
                0x000000000800a5f8       0x24 C:/ST/STM32CubeIDE_1.13.1/STM32CubeIDE/plugins/com.st.stm32cube.ide.mcu.externaltools.gnu-tools-for-stm32.11.3.rel1.win32_1.1.0.202305231506/tools/bin/../lib/gcc/arm-none-eabi/11.3.1/../../../../arm-none-eabi/lib/thumb/v7e-m+fp/hard\libc_nano.a(libc_a-fstatr.o)
                0x000000000800a5f8                _fstat_r
 .text._isatty_r
                0x000000000800a61c       0x20 C:/ST/STM32CubeIDE_1.13.1/STM32CubeIDE/plugins/com.st.stm32cube.ide.mcu.externaltools.gnu-tools-for-stm32.11.3.rel1.win32_1.1.0.202305231506/tools/bin/../lib/gcc/arm-none-eabi/11.3.1/../../../../arm-none-eabi/lib/thumb/v7e-m+fp/hard\libc_nano.a(libc_a-isattyr.o)
                0x000000000800a61c                _isatty_r
 .text.abort    0x000000000800a63c        0xe C:/ST/STM32CubeIDE_1.13.1/STM32CubeIDE/plugins/com.st.stm32cube.ide.mcu.externaltools.gnu-tools-for-stm32.11.3.rel1.win32_1.1.0.202305231506/tools/bin/../lib/gcc/arm-none-eabi/11.3.1/../../../../arm-none-eabi/lib/thumb/v7e-m+fp/hard\libc_nano.a(libc_a-abort.o)
                0x000000000800a63c                abort
 .text._calloc_r
                0x000000000800a64a       0x2c C:/ST/STM32CubeIDE_1.13.1/STM32CubeIDE/plugins/com.st.stm32cube.ide.mcu.externaltools.gnu-tools-for-stm32.11.3.rel1.win32_1.1.0.202305231506/tools/bin/../lib/gcc/arm-none-eabi/11.3.1/../../../../arm-none-eabi/lib/thumb/v7e-m+fp/hard\libc_nano.a(libc_a-callocr.o)
                0x000000000800a64a                _calloc_r
 .text.__ascii_mbtowc
                0x000000000800a676       0x24 C:/ST/STM32CubeIDE_1.13.1/STM32CubeIDE/plugins/com.st.stm32cube.ide.mcu.externaltools.gnu-tools-for-stm32.11.3.rel1.win32_1.1.0.202305231506/tools/bin/../lib/gcc/arm-none-eabi/11.3.1/../../../../arm-none-eabi/lib/thumb/v7e-m+fp/hard\libc_nano.a(libc_a-mbtowc_r.o)
                0x000000000800a676                __ascii_mbtowc
 .text.__ascii_wctomb
                0x000000000800a69a       0x1a C:/ST/STM32CubeIDE_1.13.1/STM32CubeIDE/plugins/com.st.stm32cube.ide.mcu.externaltools.gnu-tools-for-stm32.11.3.rel1.win32_1.1.0.202305231506/tools/bin/../lib/gcc/arm-none-eabi/11.3.1/../../../../arm-none-eabi/lib/thumb/v7e-m+fp/hard\libc_nano.a(libc_a-wctomb_r.o)
                0x000000000800a69a                __ascii_wctomb
 .text._raise_r
                0x000000000800a6b4       0x50 C:/ST/STM32CubeIDE_1.13.1/STM32CubeIDE/plugins/com.st.stm32cube.ide.mcu.externaltools.gnu-tools-for-stm32.11.3.rel1.win32_1.1.0.202305231506/tools/bin/../lib/gcc/arm-none-eabi/11.3.1/../../../../arm-none-eabi/lib/thumb/v7e-m+fp/hard\libc_nano.a(libc_a-signal.o)
                0x000000000800a6b4                _raise_r
 .text.raise    0x000000000800a704       0x10 C:/ST/STM32CubeIDE_1.13.1/STM32CubeIDE/plugins/com.st.stm32cube.ide.mcu.externaltools.gnu-tools-for-stm32.11.3.rel1.win32_1.1.0.202305231506/tools/bin/../lib/gcc/arm-none-eabi/11.3.1/../../../../arm-none-eabi/lib/thumb/v7e-m+fp/hard\libc_nano.a(libc_a-signal.o)
                0x000000000800a704                raise
 .text._kill_r  0x000000000800a714       0x24 C:/ST/STM32CubeIDE_1.13.1/STM32CubeIDE/plugins/com.st.stm32cube.ide.mcu.externaltools.gnu-tools-for-stm32.11.3.rel1.win32_1.1.0.202305231506/tools/bin/../lib/gcc/arm-none-eabi/11.3.1/../../../../arm-none-eabi/lib/thumb/v7e-m+fp/hard\libc_nano.a(libc_a-signalr.o)
                0x000000000800a714                _kill_r
 .text._getpid_r
                0x000000000800a738        0x4 C:/ST/STM32CubeIDE_1.13.1/STM32CubeIDE/plugins/com.st.stm32cube.ide.mcu.externaltools.gnu-tools-for-stm32.11.3.rel1.win32_1.1.0.202305231506/tools/bin/../lib/gcc/arm-none-eabi/11.3.1/../../../../arm-none-eabi/lib/thumb/v7e-m+fp/hard\libc_nano.a(libc_a-signalr.o)
                0x000000000800a738                _getpid_r
 .text.round    0x000000000800a73c       0x90 C:/ST/STM32CubeIDE_1.13.1/STM32CubeIDE/plugins/com.st.stm32cube.ide.mcu.externaltools.gnu-tools-for-stm32.11.3.rel1.win32_1.1.0.202305231506/tools/bin/../lib/gcc/arm-none-eabi/11.3.1/../../../../arm-none-eabi/lib/thumb/v7e-m+fp/hard\libm.a(libm_a-s_round.o)
                0x000000000800a73c                round
 .text.roundf   0x000000000800a7cc       0x48 C:/ST/STM32CubeIDE_1.13.1/STM32CubeIDE/plugins/com.st.stm32cube.ide.mcu.externaltools.gnu-tools-for-stm32.11.3.rel1.win32_1.1.0.202305231506/tools/bin/../lib/gcc/arm-none-eabi/11.3.1/../../../../arm-none-eabi/lib/thumb/v7e-m+fp/hard\libm.a(libm_a-sf_round.o)
                0x000000000800a7cc                roundf
 *(.glue_7)
 .glue_7        0x000000000800a814        0x0 linker stubs
 *(.glue_7t)
 .glue_7t       0x000000000800a814        0x0 linker stubs
 *(.eh_frame)
 .eh_frame      0x000000000800a814        0x0 C:/ST/STM32CubeIDE_1.13.1/STM32CubeIDE/plugins/com.st.stm32cube.ide.mcu.externaltools.gnu-tools-for-stm32.11.3.rel1.win32_1.1.0.202305231506/tools/bin/../lib/gcc/arm-none-eabi/11.3.1/thumb/v7e-m+fp/hard/crtbegin.o
 *(.init)
 .init          0x000000000800a814        0x4 C:/ST/STM32CubeIDE_1.13.1/STM32CubeIDE/plugins/com.st.stm32cube.ide.mcu.externaltools.gnu-tools-for-stm32.11.3.rel1.win32_1.1.0.202305231506/tools/bin/../lib/gcc/arm-none-eabi/11.3.1/thumb/v7e-m+fp/hard/crti.o
                0x000000000800a814                _init
 .init          0x000000000800a818        0x8 C:/ST/STM32CubeIDE_1.13.1/STM32CubeIDE/plugins/com.st.stm32cube.ide.mcu.externaltools.gnu-tools-for-stm32.11.3.rel1.win32_1.1.0.202305231506/tools/bin/../lib/gcc/arm-none-eabi/11.3.1/thumb/v7e-m+fp/hard/crtn.o
 *(.fini)
 .fini          0x000000000800a820        0x4 C:/ST/STM32CubeIDE_1.13.1/STM32CubeIDE/plugins/com.st.stm32cube.ide.mcu.externaltools.gnu-tools-for-stm32.11.3.rel1.win32_1.1.0.202305231506/tools/bin/../lib/gcc/arm-none-eabi/11.3.1/thumb/v7e-m+fp/hard/crti.o
                0x000000000800a820                _fini
 .fini          0x000000000800a824        0x8 C:/ST/STM32CubeIDE_1.13.1/STM32CubeIDE/plugins/com.st.stm32cube.ide.mcu.externaltools.gnu-tools-for-stm32.11.3.rel1.win32_1.1.0.202305231506/tools/bin/../lib/gcc/arm-none-eabi/11.3.1/thumb/v7e-m+fp/hard/crtn.o
                0x000000000800a82c                . = ALIGN (0x4)
                0x000000000800a82c                _etext = .

.vfp11_veneer   0x000000000800a82c        0x0
 .vfp11_veneer  0x000000000800a82c        0x0 linker stubs

.v4_bx          0x000000000800a82c        0x0
 .v4_bx         0x000000000800a82c        0x0 linker stubs

.iplt           0x000000000800a82c        0x0
 .iplt          0x000000000800a82c        0x0 C:/ST/STM32CubeIDE_1.13.1/STM32CubeIDE/plugins/com.st.stm32cube.ide.mcu.externaltools.gnu-tools-for-stm32.11.3.rel1.win32_1.1.0.202305231506/tools/bin/../lib/gcc/arm-none-eabi/11.3.1/thumb/v7e-m+fp/hard/crtbegin.o

.rodata         0x000000000800a830    0x136c0
                0x000000000800a830                . = ALIGN (0x4)
 *(.rodata)
 .rodata        0x000000000800a830      0x302 ./Application/User/sending_main.o
 *(.rodata*)
 *fill*         0x000000000800ab32        0x2 
 .rodata.AHBPrescTable
                0x000000000800ab34       0x10 ./Application/User/system_stm32l4xx.o
                0x000000000800ab34                AHBPrescTable
 .rodata.APBPrescTable
                0x000000000800ab44        0x8 ./Application/User/system_stm32l4xx.o
                0x000000000800ab44                APBPrescTable
 .rodata.MSIRangeTable
                0x000000000800ab4c       0x30 ./Application/User/system_stm32l4xx.o
                0x000000000800ab4c                MSIRangeTable
 .rodata.UARTPrescTable
                0x000000000800ab7c       0x18 ./Drivers/STM32L4xx_HAL_Driver/stm32l4xx_hal_uart.o
                0x000000000800ab7c                UARTPrescTable
 .rodata.armBitRevIndexTable1024
                0x000000000800ab94      0xe10 C:\Users\Administrator\STM32Cube\Repository\STM32Cube_FW_L4_V1.18.0\Projects\B-L4S5I-IOT01A\Applications\Project_Main\WiFi_HTTP_Server\STM32CubeIDE\Application\Lib\libarm_cortexM4lf_math.a(arm_common_tables.o)
                0x000000000800ab94                armBitRevIndexTable1024
 .rodata.armBitRevIndexTable128
                0x000000000800b9a4      0x1a0 C:\Users\Administrator\STM32Cube\Repository\STM32Cube_FW_L4_V1.18.0\Projects\B-L4S5I-IOT01A\Applications\Project_Main\WiFi_HTTP_Server\STM32CubeIDE\Application\Lib\libarm_cortexM4lf_math.a(arm_common_tables.o)
                0x000000000800b9a4                armBitRevIndexTable128
 .rodata.armBitRevIndexTable16
                0x000000000800bb44       0x28 C:\Users\Administrator\STM32Cube\Repository\STM32Cube_FW_L4_V1.18.0\Projects\B-L4S5I-IOT01A\Applications\Project_Main\WiFi_HTTP_Server\STM32CubeIDE\Application\Lib\libarm_cortexM4lf_math.a(arm_common_tables.o)
                0x000000000800bb44                armBitRevIndexTable16
 .rodata.armBitRevIndexTable2048
                0x000000000800bb6c     0x1dc0 C:\Users\Administrator\STM32Cube\Repository\STM32Cube_FW_L4_V1.18.0\Projects\B-L4S5I-IOT01A\Applications\Project_Main\WiFi_HTTP_Server\STM32CubeIDE\Application\Lib\libarm_cortexM4lf_math.a(arm_common_tables.o)
                0x000000000800bb6c                armBitRevIndexTable2048
 .rodata.armBitRevIndexTable256
                0x000000000800d92c      0x370 C:\Users\Administrator\STM32Cube\Repository\STM32Cube_FW_L4_V1.18.0\Projects\B-L4S5I-IOT01A\Applications\Project_Main\WiFi_HTTP_Server\STM32CubeIDE\Application\Lib\libarm_cortexM4lf_math.a(arm_common_tables.o)
                0x000000000800d92c                armBitRevIndexTable256
 .rodata.armBitRevIndexTable32
                0x000000000800dc9c       0x60 C:\Users\Administrator\STM32Cube\Repository\STM32Cube_FW_L4_V1.18.0\Projects\B-L4S5I-IOT01A\Applications\Project_Main\WiFi_HTTP_Server\STM32CubeIDE\Application\Lib\libarm_cortexM4lf_math.a(arm_common_tables.o)
                0x000000000800dc9c                armBitRevIndexTable32
 .rodata.armBitRevIndexTable512
                0x000000000800dcfc      0x380 C:\Users\Administrator\STM32Cube\Repository\STM32Cube_FW_L4_V1.18.0\Projects\B-L4S5I-IOT01A\Applications\Project_Main\WiFi_HTTP_Server\STM32CubeIDE\Application\Lib\libarm_cortexM4lf_math.a(arm_common_tables.o)
                0x000000000800dcfc                armBitRevIndexTable512
 .rodata.twiddleCoef_1024
                0x000000000800e07c     0x2000 C:\Users\Administrator\STM32Cube\Repository\STM32Cube_FW_L4_V1.18.0\Projects\B-L4S5I-IOT01A\Applications\Project_Main\WiFi_HTTP_Server\STM32CubeIDE\Application\Lib\libarm_cortexM4lf_math.a(arm_common_tables.o)
                0x000000000800e07c                twiddleCoef_1024
 .rodata.twiddleCoef_128
                0x000000000801007c      0x400 C:\Users\Administrator\STM32Cube\Repository\STM32Cube_FW_L4_V1.18.0\Projects\B-L4S5I-IOT01A\Applications\Project_Main\WiFi_HTTP_Server\STM32CubeIDE\Application\Lib\libarm_cortexM4lf_math.a(arm_common_tables.o)
                0x000000000801007c                twiddleCoef_128
 .rodata.twiddleCoef_16
                0x000000000801047c       0x80 C:\Users\Administrator\STM32Cube\Repository\STM32Cube_FW_L4_V1.18.0\Projects\B-L4S5I-IOT01A\Applications\Project_Main\WiFi_HTTP_Server\STM32CubeIDE\Application\Lib\libarm_cortexM4lf_math.a(arm_common_tables.o)
                0x000000000801047c                twiddleCoef_16
 .rodata.twiddleCoef_2048
                0x00000000080104fc     0x4000 C:\Users\Administrator\STM32Cube\Repository\STM32Cube_FW_L4_V1.18.0\Projects\B-L4S5I-IOT01A\Applications\Project_Main\WiFi_HTTP_Server\STM32CubeIDE\Application\Lib\libarm_cortexM4lf_math.a(arm_common_tables.o)
                0x00000000080104fc                twiddleCoef_2048
 .rodata.twiddleCoef_256
                0x00000000080144fc      0x800 C:\Users\Administrator\STM32Cube\Repository\STM32Cube_FW_L4_V1.18.0\Projects\B-L4S5I-IOT01A\Applications\Project_Main\WiFi_HTTP_Server\STM32CubeIDE\Application\Lib\libarm_cortexM4lf_math.a(arm_common_tables.o)
                0x00000000080144fc                twiddleCoef_256
 .rodata.twiddleCoef_32
                0x0000000008014cfc      0x100 C:\Users\Administrator\STM32Cube\Repository\STM32Cube_FW_L4_V1.18.0\Projects\B-L4S5I-IOT01A\Applications\Project_Main\WiFi_HTTP_Server\STM32CubeIDE\Application\Lib\libarm_cortexM4lf_math.a(arm_common_tables.o)
                0x0000000008014cfc                twiddleCoef_32
 .rodata.twiddleCoef_512
                0x0000000008014dfc     0x1000 C:\Users\Administrator\STM32Cube\Repository\STM32Cube_FW_L4_V1.18.0\Projects\B-L4S5I-IOT01A\Applications\Project_Main\WiFi_HTTP_Server\STM32CubeIDE\Application\Lib\libarm_cortexM4lf_math.a(arm_common_tables.o)
                0x0000000008014dfc                twiddleCoef_512
 .rodata.twiddleCoef_rfft_1024
                0x0000000008015dfc     0x1000 C:\Users\Administrator\STM32Cube\Repository\STM32Cube_FW_L4_V1.18.0\Projects\B-L4S5I-IOT01A\Applications\Project_Main\WiFi_HTTP_Server\STM32CubeIDE\Application\Lib\libarm_cortexM4lf_math.a(arm_common_tables.o)
                0x0000000008015dfc                twiddleCoef_rfft_1024
 .rodata.twiddleCoef_rfft_2048
                0x0000000008016dfc     0x2000 C:\Users\Administrator\STM32Cube\Repository\STM32Cube_FW_L4_V1.18.0\Projects\B-L4S5I-IOT01A\Applications\Project_Main\WiFi_HTTP_Server\STM32CubeIDE\Application\Lib\libarm_cortexM4lf_math.a(arm_common_tables.o)
                0x0000000008016dfc                twiddleCoef_rfft_2048
 .rodata.twiddleCoef_rfft_256
                0x0000000008018dfc      0x400 C:\Users\Administrator\STM32Cube\Repository\STM32Cube_FW_L4_V1.18.0\Projects\B-L4S5I-IOT01A\Applications\Project_Main\WiFi_HTTP_Server\STM32CubeIDE\Application\Lib\libarm_cortexM4lf_math.a(arm_common_tables.o)
                0x0000000008018dfc                twiddleCoef_rfft_256
 .rodata.twiddleCoef_rfft_32
                0x00000000080191fc       0x80 C:\Users\Administrator\STM32Cube\Repository\STM32Cube_FW_L4_V1.18.0\Projects\B-L4S5I-IOT01A\Applications\Project_Main\WiFi_HTTP_Server\STM32CubeIDE\Application\Lib\libarm_cortexM4lf_math.a(arm_common_tables.o)
                0x00000000080191fc                twiddleCoef_rfft_32
 .rodata.twiddleCoef_rfft_4096
                0x000000000801927c     0x4000 C:\Users\Administrator\STM32Cube\Repository\STM32Cube_FW_L4_V1.18.0\Projects\B-L4S5I-IOT01A\Applications\Project_Main\WiFi_HTTP_Server\STM32CubeIDE\Application\Lib\libarm_cortexM4lf_math.a(arm_common_tables.o)
                0x000000000801927c                twiddleCoef_rfft_4096
 .rodata.twiddleCoef_rfft_512
                0x000000000801d27c      0x800 C:\Users\Administrator\STM32Cube\Repository\STM32Cube_FW_L4_V1.18.0\Projects\B-L4S5I-IOT01A\Applications\Project_Main\WiFi_HTTP_Server\STM32CubeIDE\Application\Lib\libarm_cortexM4lf_math.a(arm_common_tables.o)
                0x000000000801d27c                twiddleCoef_rfft_512
 .rodata.twiddleCoef_rfft_64
                0x000000000801da7c      0x100 C:\Users\Administrator\STM32Cube\Repository\STM32Cube_FW_L4_V1.18.0\Projects\B-L4S5I-IOT01A\Applications\Project_Main\WiFi_HTTP_Server\STM32CubeIDE\Application\Lib\libarm_cortexM4lf_math.a(arm_common_tables.o)
                0x000000000801da7c                twiddleCoef_rfft_64
 .rodata._printf_float.str1.1
                0x000000000801db7c       0x12 C:/ST/STM32CubeIDE_1.13.1/STM32CubeIDE/plugins/com.st.stm32cube.ide.mcu.externaltools.gnu-tools-for-stm32.11.3.rel1.win32_1.1.0.202305231506/tools/bin/../lib/gcc/arm-none-eabi/11.3.1/../../../../arm-none-eabi/lib/thumb/v7e-m+fp/hard\libc_nano.a(libc_a-nano-vfprintf_float.o)
 .rodata._printf_i.str1.1
                0x000000000801db8e       0x22 C:/ST/STM32CubeIDE_1.13.1/STM32CubeIDE/plugins/com.st.stm32cube.ide.mcu.externaltools.gnu-tools-for-stm32.11.3.rel1.win32_1.1.0.202305231506/tools/bin/../lib/gcc/arm-none-eabi/11.3.1/../../../../arm-none-eabi/lib/thumb/v7e-m+fp/hard\libc_nano.a(libc_a-nano-vfprintf_i.o)
 .rodata.__assert_func.str1.1
                0x000000000801dbb0       0x3c C:/ST/STM32CubeIDE_1.13.1/STM32CubeIDE/plugins/com.st.stm32cube.ide.mcu.externaltools.gnu-tools-for-stm32.11.3.rel1.win32_1.1.0.202305231506/tools/bin/../lib/gcc/arm-none-eabi/11.3.1/../../../../arm-none-eabi/lib/thumb/v7e-m+fp/hard\libc_nano.a(libc_a-assert.o)
                                         0x3d (size before relaxing)
 .rodata._dtoa_r.str1.1
                0x000000000801dbec       0x8d C:/ST/STM32CubeIDE_1.13.1/STM32CubeIDE/plugins/com.st.stm32cube.ide.mcu.externaltools.gnu-tools-for-stm32.11.3.rel1.win32_1.1.0.202305231506/tools/bin/../lib/gcc/arm-none-eabi/11.3.1/../../../../arm-none-eabi/lib/thumb/v7e-m+fp/hard\libc_nano.a(libc_a-dtoa.o)
                                         0x8f (size before relaxing)
 .rodata._Balloc.str1.1
                0x000000000801dc79       0x59 C:/ST/STM32CubeIDE_1.13.1/STM32CubeIDE/plugins/com.st.stm32cube.ide.mcu.externaltools.gnu-tools-for-stm32.11.3.rel1.win32_1.1.0.202305231506/tools/bin/../lib/gcc/arm-none-eabi/11.3.1/../../../../arm-none-eabi/lib/thumb/v7e-m+fp/hard\libc_nano.a(libc_a-mprec.o)
                                         0x70 (size before relaxing)
 .rodata.__multadd.str1.1
                0x000000000801dcd2       0x11 C:/ST/STM32CubeIDE_1.13.1/STM32CubeIDE/plugins/com.st.stm32cube.ide.mcu.externaltools.gnu-tools-for-stm32.11.3.rel1.win32_1.1.0.202305231506/tools/bin/../lib/gcc/arm-none-eabi/11.3.1/../../../../arm-none-eabi/lib/thumb/v7e-m+fp/hard\libc_nano.a(libc_a-mprec.o)
 *fill*         0x000000000801dcd2        0x6 
 .rodata.__mprec_bigtens
                0x000000000801dcd8       0x28 C:/ST/STM32CubeIDE_1.13.1/STM32CubeIDE/plugins/com.st.stm32cube.ide.mcu.externaltools.gnu-tools-for-stm32.11.3.rel1.win32_1.1.0.202305231506/tools/bin/../lib/gcc/arm-none-eabi/11.3.1/../../../../arm-none-eabi/lib/thumb/v7e-m+fp/hard\libc_nano.a(libc_a-mprec.o)
                0x000000000801dcd8                __mprec_bigtens
 .rodata.__mprec_tens
                0x000000000801dd00       0xc8 C:/ST/STM32CubeIDE_1.13.1/STM32CubeIDE/plugins/com.st.stm32cube.ide.mcu.externaltools.gnu-tools-for-stm32.11.3.rel1.win32_1.1.0.202305231506/tools/bin/../lib/gcc/arm-none-eabi/11.3.1/../../../../arm-none-eabi/lib/thumb/v7e-m+fp/hard\libc_nano.a(libc_a-mprec.o)
                0x000000000801dd00                __mprec_tens
 .rodata.p05.0  0x000000000801ddc8        0xc C:/ST/STM32CubeIDE_1.13.1/STM32CubeIDE/plugins/com.st.stm32cube.ide.mcu.externaltools.gnu-tools-for-stm32.11.3.rel1.win32_1.1.0.202305231506/tools/bin/../lib/gcc/arm-none-eabi/11.3.1/../../../../arm-none-eabi/lib/thumb/v7e-m+fp/hard\libc_nano.a(libc_a-mprec.o)
 .rodata._vfprintf_r.str1.1
                0x000000000801ddd4       0x11 C:/ST/STM32CubeIDE_1.13.1/STM32CubeIDE/plugins/com.st.stm32cube.ide.mcu.externaltools.gnu-tools-for-stm32.11.3.rel1.win32_1.1.0.202305231506/tools/bin/../lib/gcc/arm-none-eabi/11.3.1/../../../../arm-none-eabi/lib/thumb/v7e-m+fp/hard\libc_nano.a(libc_a-nano-vfprintf.o)
 .rodata._setlocale_r.str1.1
                0x000000000801dde5        0x8 C:/ST/STM32CubeIDE_1.13.1/STM32CubeIDE/plugins/com.st.stm32cube.ide.mcu.externaltools.gnu-tools-for-stm32.11.3.rel1.win32_1.1.0.202305231506/tools/bin/../lib/gcc/arm-none-eabi/11.3.1/../../../../arm-none-eabi/lib/thumb/v7e-m+fp/hard\libc_nano.a(libc_a-locale.o)
                                          0x9 (size before relaxing)
 .rodata.str1.1
                0x000000000801dded        0x2 C:/ST/STM32CubeIDE_1.13.1/STM32CubeIDE/plugins/com.st.stm32cube.ide.mcu.externaltools.gnu-tools-for-stm32.11.3.rel1.win32_1.1.0.202305231506/tools/bin/../lib/gcc/arm-none-eabi/11.3.1/../../../../arm-none-eabi/lib/thumb/v7e-m+fp/hard\libc_nano.a(libc_a-locale.o)
 .rodata._ctype_
                0x000000000801ddef      0x101 C:/ST/STM32CubeIDE_1.13.1/STM32CubeIDE/plugins/com.st.stm32cube.ide.mcu.externaltools.gnu-tools-for-stm32.11.3.rel1.win32_1.1.0.202305231506/tools/bin/../lib/gcc/arm-none-eabi/11.3.1/../../../../arm-none-eabi/lib/thumb/v7e-m+fp/hard\libc_nano.a(libc_a-ctype_.o)
                0x000000000801ddef                _ctype_
                0x000000000801def0                . = ALIGN (0x4)

.ARM.extab      0x000000000801def0        0x0
                0x000000000801def0                . = ALIGN (0x4)
 *(.ARM.extab* .gnu.linkonce.armextab.*)
                0x000000000801def0                . = ALIGN (0x4)

.ARM            0x000000000801def0        0x8
                0x000000000801def0                . = ALIGN (0x4)
                0x000000000801def0                __exidx_start = .
 *(.ARM.exidx*)