../Application/User/receiving_main.c:99:5:main	8	static
../Application/User/receiving_main.c:160:12:wifi_test	48	static
../Application/User/receiving_main.c:224:22:ProcessServerTest	24	static
../Application/User/receiving_main.c:254:22:SendCustomPage	40	static
../Application/User/receiving_main.c:288:12:send_receive_confirmation	40	static
../Application/User/receiving_main.c:311:12:wifi_start	40	static
../Application/User/receiving_main.c:346:6:transformBufferToDAC	32	static
../Application/User/receiving_main.c:396:13:SystemClock_Config	96	static
../Application/User/receiving_main.c:433:13:MX_DAC1_Init	48	static
../Application/User/receiving_main.c:485:13:MX_DFSDM1_Init	8	static
../Application/User/receiving_main.c:538:13:MX_TIM2_Init	40	static
../Application/User/receiving_main.c:581:13:MX_DMA_Init	16	static
../Application/User/receiving_main.c:605:1:__io_putchar	16	static
../Application/User/receiving_main.c:647:1:__io_getchar	16	static
../Application/User/receiving_main.c:687:6:HAL_GPIO_EXTI_Callback	16	static
../Application/User/receiving_main.c:713:6:SPI3_IRQHandler	8	static
../Application/User/receiving_main.c:721:13:Button_ISR	4	static
../Application/User/receiving_main.c:726:6:HAL_TIM_PeriodElapsedCallback	16	static
../Application/User/receiving_main.c:733:6:Error_Handler	4	static,ignoring_inline_asm
