../Application/User/receiving_main.c:99:5:main	2
../Application/User/receiving_main.c:160:12:wifi_test	6
../Application/User/receiving_main.c:224:22:ProcessServerTest	5
../Application/User/receiving_main.c:254:22:SendCustomPage	6
../Application/User/receiving_main.c:288:12:send_receive_confirmation	3
../Application/User/receiving_main.c:311:12:wifi_start	3
../Application/User/receiving_main.c:346:6:transformBufferToDAC	7
../Application/User/receiving_main.c:396:13:SystemClock_Config	3
../Application/User/receiving_main.c:433:13:MX_DAC1_Init	4
../Application/User/receiving_main.c:485:13:MX_DFSDM1_Init	4
../Application/User/receiving_main.c:538:13:MX_TIM2_Init	4
../Application/User/receiving_main.c:581:13:MX_DMA_Init	1
../Application/User/receiving_main.c:605:1:__io_putchar	1
../Application/User/receiving_main.c:647:1:__io_getchar	2
../Application/User/receiving_main.c:687:6:HAL_GPIO_EXTI_Callback	3
../Application/User/receiving_main.c:713:6:SPI3_IRQHandler	1
../Application/User/receiving_main.c:721:13:Button_ISR	1
../Application/User/receiving_main.c:726:6:HAL_TIM_PeriodElapsedCallback	1
../Application/User/receiving_main.c:733:6:Error_Handler	1
