../Drivers/STM32L4xx_HAL_Driver/stm32l4xx_hal_dfsdm.c:361:19:HAL_DFSDM_ChannelInit	16	static
../Drivers/STM32L4xx_HAL_Driver/stm32l4xx_hal_dfsdm.c:468:19:HAL_DFSDM_ChannelDeInit	16	static
../Drivers/STM32L4xx_HAL_Driver/stm32l4xx_hal_dfsdm.c:522:13:HAL_DFSDM_ChannelMspInit	16	static
../Drivers/STM32L4xx_HAL_Driver/stm32l4xx_hal_dfsdm.c:537:13:HAL_DFSDM_ChannelMspDeInit	16	static
../Drivers/STM32L4xx_HAL_Driver/stm32l4xx_hal_dfsdm.c:714:19:HAL_DFSDM_ChannelCkabStart	32	static
../Drivers/STM32L4xx_HAL_Driver/stm32l4xx_hal_dfsdm.c:767:19:HAL_DFSDM_ChannelPollForCkab	24	static
../Drivers/STM32L4xx_HAL_Driver/stm32l4xx_hal_dfsdm.c:817:19:HAL_DFSDM_ChannelCkabStop	24	static
../Drivers/STM32L4xx_HAL_Driver/stm32l4xx_hal_dfsdm.c:853:19:HAL_DFSDM_ChannelCkabStart_IT	32	static
../Drivers/STM32L4xx_HAL_Driver/stm32l4xx_hal_dfsdm.c:908:13:HAL_DFSDM_ChannelCkabCallback	16	static
../Drivers/STM32L4xx_HAL_Driver/stm32l4xx_hal_dfsdm.c:924:19:HAL_DFSDM_ChannelCkabStop_IT	24	static
../Drivers/STM32L4xx_HAL_Driver/stm32l4xx_hal_dfsdm.c:964:19:HAL_DFSDM_ChannelScdStart	32	static
../Drivers/STM32L4xx_HAL_Driver/stm32l4xx_hal_dfsdm.c:1001:19:HAL_DFSDM_ChannelPollForScd	24	static
../Drivers/STM32L4xx_HAL_Driver/stm32l4xx_hal_dfsdm.c:1051:19:HAL_DFSDM_ChannelScdStop	24	static
../Drivers/STM32L4xx_HAL_Driver/stm32l4xx_hal_dfsdm.c:1088:19:HAL_DFSDM_ChannelScdStart_IT	32	static
../Drivers/STM32L4xx_HAL_Driver/stm32l4xx_hal_dfsdm.c:1127:13:HAL_DFSDM_ChannelScdCallback	16	static
../Drivers/STM32L4xx_HAL_Driver/stm32l4xx_hal_dfsdm.c:1143:19:HAL_DFSDM_ChannelScdStop_IT	24	static
../Drivers/STM32L4xx_HAL_Driver/stm32l4xx_hal_dfsdm.c:1178:9:HAL_DFSDM_ChannelGetAwdValue	16	static
../Drivers/STM32L4xx_HAL_Driver/stm32l4xx_hal_dfsdm.c:1190:19:HAL_DFSDM_ChannelModifyOffset	24	static
../Drivers/STM32L4xx_HAL_Driver/stm32l4xx_hal_dfsdm.c:1237:32:HAL_DFSDM_ChannelGetState	16	static
../Drivers/STM32L4xx_HAL_Driver/stm32l4xx_hal_dfsdm.c:1267:19:HAL_DFSDM_FilterInit	16	static
../Drivers/STM32L4xx_HAL_Driver/stm32l4xx_hal_dfsdm.c:1394:19:HAL_DFSDM_FilterDeInit	16	static
../Drivers/STM32L4xx_HAL_Driver/stm32l4xx_hal_dfsdm.c:1430:13:HAL_DFSDM_FilterMspInit	16	static
../Drivers/STM32L4xx_HAL_Driver/stm32l4xx_hal_dfsdm.c:1445:13:HAL_DFSDM_FilterMspDeInit	16	static
../Drivers/STM32L4xx_HAL_Driver/stm32l4xx_hal_dfsdm.c:1719:19:HAL_DFSDM_FilterConfigRegChannel	32	static
../Drivers/STM32L4xx_HAL_Driver/stm32l4xx_hal_dfsdm.c:1764:19:HAL_DFSDM_FilterConfigInjChannel	24	static
../Drivers/STM32L4xx_HAL_Driver/stm32l4xx_hal_dfsdm.c:1834:19:HAL_DFSDM_FilterRegularStart	24	static
../Drivers/STM32L4xx_HAL_Driver/stm32l4xx_hal_dfsdm.c:1863:19:HAL_DFSDM_FilterPollForRegConversion	24	static
../Drivers/STM32L4xx_HAL_Driver/stm32l4xx_hal_dfsdm.c:1928:19:HAL_DFSDM_FilterRegularStop	24	static
../Drivers/STM32L4xx_HAL_Driver/stm32l4xx_hal_dfsdm.c:1958:19:HAL_DFSDM_FilterRegularStart_IT	24	static
../Drivers/STM32L4xx_HAL_Driver/stm32l4xx_hal_dfsdm.c:1989:19:HAL_DFSDM_FilterRegularStop_IT	24	static
../Drivers/STM32L4xx_HAL_Driver/stm32l4xx_hal_dfsdm.c:2027:19:HAL_DFSDM_FilterRegularStart_DMA	32	static
../Drivers/STM32L4xx_HAL_Driver/stm32l4xx_hal_dfsdm.c:2104:19:HAL_DFSDM_FilterRegularMsbStart_DMA	32	static
../Drivers/STM32L4xx_HAL_Driver/stm32l4xx_hal_dfsdm.c:2175:19:HAL_DFSDM_FilterRegularStop_DMA	24	static
../Drivers/STM32L4xx_HAL_Driver/stm32l4xx_hal_dfsdm.c:2209:9:HAL_DFSDM_FilterGetRegularValue	24	static
../Drivers/STM32L4xx_HAL_Driver/stm32l4xx_hal_dfsdm.c:2240:19:HAL_DFSDM_FilterInjectedStart	24	static
../Drivers/STM32L4xx_HAL_Driver/stm32l4xx_hal_dfsdm.c:2269:19:HAL_DFSDM_FilterPollForInjConversion	24	static
../Drivers/STM32L4xx_HAL_Driver/stm32l4xx_hal_dfsdm.c:2344:19:HAL_DFSDM_FilterInjectedStop	24	static
../Drivers/STM32L4xx_HAL_Driver/stm32l4xx_hal_dfsdm.c:2374:19:HAL_DFSDM_FilterInjectedStart_IT	24	static
../Drivers/STM32L4xx_HAL_Driver/stm32l4xx_hal_dfsdm.c:2405:19:HAL_DFSDM_FilterInjectedStop_IT	24	static
../Drivers/STM32L4xx_HAL_Driver/stm32l4xx_hal_dfsdm.c:2443:19:HAL_DFSDM_FilterInjectedStart_DMA	32	static
../Drivers/STM32L4xx_HAL_Driver/stm32l4xx_hal_dfsdm.c:2518:19:HAL_DFSDM_FilterInjectedMsbStart_DMA	32	static
../Drivers/STM32L4xx_HAL_Driver/stm32l4xx_hal_dfsdm.c:2587:19:HAL_DFSDM_FilterInjectedStop_DMA	24	static
../Drivers/STM32L4xx_HAL_Driver/stm32l4xx_hal_dfsdm.c:2621:9:HAL_DFSDM_FilterGetInjectedValue	24	static
../Drivers/STM32L4xx_HAL_Driver/stm32l4xx_hal_dfsdm.c:2651:19:HAL_DFSDM_FilterAwdStart_IT	24	static
../Drivers/STM32L4xx_HAL_Driver/stm32l4xx_hal_dfsdm.c:2700:19:HAL_DFSDM_FilterAwdStop_IT	24	static
../Drivers/STM32L4xx_HAL_Driver/stm32l4xx_hal_dfsdm.c:2740:19:HAL_DFSDM_FilterExdStart	24	static
../Drivers/STM32L4xx_HAL_Driver/stm32l4xx_hal_dfsdm.c:2771:19:HAL_DFSDM_FilterExdStop	32	static
../Drivers/STM32L4xx_HAL_Driver/stm32l4xx_hal_dfsdm.c:2809:9:HAL_DFSDM_FilterGetExdMaxValue	24	static
../Drivers/STM32L4xx_HAL_Driver/stm32l4xx_hal_dfsdm.c:2840:9:HAL_DFSDM_FilterGetExdMinValue	24	static
../Drivers/STM32L4xx_HAL_Driver/stm32l4xx_hal_dfsdm.c:2870:10:HAL_DFSDM_FilterGetConvTimeValue	24	static
../Drivers/STM32L4xx_HAL_Driver/stm32l4xx_hal_dfsdm.c:2893:6:HAL_DFSDM_IRQHandler	56	static
../Drivers/STM32L4xx_HAL_Driver/stm32l4xx_hal_dfsdm.c:3086:13:HAL_DFSDM_FilterRegConvCpltCallback	16	static
../Drivers/STM32L4xx_HAL_Driver/stm32l4xx_hal_dfsdm.c:3101:13:HAL_DFSDM_FilterRegConvHalfCpltCallback	16	static
../Drivers/STM32L4xx_HAL_Driver/stm32l4xx_hal_dfsdm.c:3118:13:HAL_DFSDM_FilterInjConvCpltCallback	16	static
../Drivers/STM32L4xx_HAL_Driver/stm32l4xx_hal_dfsdm.c:3133:13:HAL_DFSDM_FilterInjConvHalfCpltCallback	16	static
../Drivers/STM32L4xx_HAL_Driver/stm32l4xx_hal_dfsdm.c:3150:13:HAL_DFSDM_FilterAwdCallback	24	static
../Drivers/STM32L4xx_HAL_Driver/stm32l4xx_hal_dfsdm.c:3168:13:HAL_DFSDM_FilterErrorCallback	16	static
../Drivers/STM32L4xx_HAL_Driver/stm32l4xx_hal_dfsdm.c:3201:31:HAL_DFSDM_FilterGetState	16	static
../Drivers/STM32L4xx_HAL_Driver/stm32l4xx_hal_dfsdm.c:3212:10:HAL_DFSDM_FilterGetError	16	static
../Drivers/STM32L4xx_HAL_Driver/stm32l4xx_hal_dfsdm.c:3236:13:DFSDM_DMARegularHalfConvCplt	24	static
../Drivers/STM32L4xx_HAL_Driver/stm32l4xx_hal_dfsdm.c:3254:13:DFSDM_DMARegularConvCplt	24	static
../Drivers/STM32L4xx_HAL_Driver/stm32l4xx_hal_dfsdm.c:3272:13:DFSDM_DMAInjectedHalfConvCplt	24	static
../Drivers/STM32L4xx_HAL_Driver/stm32l4xx_hal_dfsdm.c:3290:13:DFSDM_DMAInjectedConvCplt	24	static
../Drivers/STM32L4xx_HAL_Driver/stm32l4xx_hal_dfsdm.c:3308:13:DFSDM_DMAError	24	static
../Drivers/STM32L4xx_HAL_Driver/stm32l4xx_hal_dfsdm.c:3329:17:DFSDM_GetInjChannelsNbr	24	static
../Drivers/STM32L4xx_HAL_Driver/stm32l4xx_hal_dfsdm.c:3352:17:DFSDM_GetChannelFromInstance	24	static
../Drivers/STM32L4xx_HAL_Driver/stm32l4xx_hal_dfsdm.c:3402:13:DFSDM_RegConvStart	16	static
../Drivers/STM32L4xx_HAL_Driver/stm32l4xx_hal_dfsdm.c:3443:13:DFSDM_RegConvStop	16	static
../Drivers/STM32L4xx_HAL_Driver/stm32l4xx_hal_dfsdm.c:3479:13:DFSDM_InjConvStart	16	static
../Drivers/STM32L4xx_HAL_Driver/stm32l4xx_hal_dfsdm.c:3523:13:DFSDM_InjConvStop	16	static
