../Application/User/receiving_main.c:89:5:main	8	static
../Application/User/receiving_main.c:143:12:wifi_wait_data_from_board	32	static
../Application/User/receiving_main.c:201:22:wifi_process_received_data	24	static
../Application/User/receiving_main.c:234:12:send_receive_confirmation	40	static
../Application/User/receiving_main.c:257:12:wifi_start	40	static
../Application/User/receiving_main.c:292:6:transformBufferToDAC	32	static
../Application/User/receiving_main.c:330:13:receiveFFTBlock	16432	static
../Application/User/receiving_main.c:392:13:SystemClock_Config	96	static
../Application/User/receiving_main.c:429:13:MX_DAC1_Init	48	static
../Application/User/receiving_main.c:481:13:MX_DFSDM1_Init	8	static
../Application/User/receiving_main.c:534:13:MX_TIM2_Init	40	static
../Application/User/receiving_main.c:577:13:MX_DMA_Init	16	static
../Application/User/receiving_main.c:601:1:__io_putchar	16	static
../Application/User/receiving_main.c:643:1:__io_getchar	16	static
../Application/User/receiving_main.c:683:6:HAL_GPIO_EXTI_Callback	16	static
../Application/User/receiving_main.c:704:6:HAL_DFSDM_FilterRegConvCpltCallback	16	static
../Application/User/receiving_main.c:713:6:SPI3_IRQHandler	8	static
../Application/User/receiving_main.c:721:13:Button_ISR	4	static
../Application/User/receiving_main.c:726:6:HAL_TIM_PeriodElapsedCallback	16	static
../Application/User/receiving_main.c:733:6:Error_Handler	4	static,ignoring_inline_asm
