../Application/User/sending_main.c:114:5:main	24	static
../Application/User/sending_main.c:285:12:wifi_send_data_to_board	136	static
../Application/User/sending_main.c:342:12:wifi_connect_to_board	32	static
../Application/User/sending_main.c:403:12:wifi_start	40	static
../Application/User/sending_main.c:437:6:transformBufferToDAC	40	static
../Application/User/sending_main.c:473:6:computeFFTBlock	8248	static
../Application/User/sending_main.c:614:13:receiveFFTBlock	8224	static
../Application/User/sending_main.c:694:13:SystemClock_Config	96	static
../Application/User/sending_main.c:730:13:MX_GPIO_Init	32	static
../Application/User/sending_main.c:759:1:__io_putchar	16	static
../Application/User/sending_main.c:790:13:MX_DAC1_Init	48	static
../Application/User/sending_main.c:842:13:MX_DFSDM1_Init	8	static
../Application/User/sending_main.c:895:13:MX_TIM2_Init	40	static
../Application/User/sending_main.c:938:13:MX_DMA_Init	16	static
../Application/User/sending_main.c:961:6:HAL_GPIO_EXTI_Callback	16	static
../Application/User/sending_main.c:992:6:HAL_DFSDM_FilterRegConvCpltCallback	16	static
../Application/User/sending_main.c:996:6:HAL_DFSDM_FilterRegConvHalfCpltCallback	16	static
../Application/User/sending_main.c:1000:6:HAL_DAC_ConvCpltCallbackCh1	16	static
../Application/User/sending_main.c:1008:6:SPI3_IRQHandler	8	static
../Application/User/sending_main.c:1017:6:Error_Handler	4	static,ignoring_inline_asm
