C:/Users/Administrator/STM32Cube/Repository/STM32Cube_FW_L4_V1.18.0/Projects/B-L4S5I-IOT01A/Applications/Project_Main/WiFi_HTTP_Server/Src/stm32l4xx_it.c:44:6:NMI_Handler	4	static
C:/Users/Administrator/STM32Cube/Repository/STM32Cube_FW_L4_V1.18.0/Projects/B-L4S5I-IOT01A/Applications/Project_Main/WiFi_HTTP_Server/Src/stm32l4xx_it.c:53:6:HardFault_Handler	4	static
C:/Users/Administrator/STM32Cube/Repository/STM32Cube_FW_L4_V1.18.0/Projects/B-L4S5I-IOT01A/Applications/Project_Main/WiFi_HTTP_Server/Src/stm32l4xx_it.c:66:6:MemManage_Handler	4	static
C:/Users/Administrator/STM32Cube/Repository/STM32Cube_FW_L4_V1.18.0/Projects/B-L4S5I-IOT01A/Applications/Project_Main/WiFi_HTTP_Server/Src/stm32l4xx_it.c:79:6:BusFault_Handler	4	static
C:/Users/Administrator/STM32Cube/Repository/STM32Cube_FW_L4_V1.18.0/Projects/B-L4S5I-IOT01A/Applications/Project_Main/WiFi_HTTP_Server/Src/stm32l4xx_it.c:92:6:UsageFault_Handler	4	static
C:/Users/Administrator/STM32Cube/Repository/STM32Cube_FW_L4_V1.18.0/Projects/B-L4S5I-IOT01A/Applications/Project_Main/WiFi_HTTP_Server/Src/stm32l4xx_it.c:105:6:SVC_Handler	4	static
C:/Users/Administrator/STM32Cube/Repository/STM32Cube_FW_L4_V1.18.0/Projects/B-L4S5I-IOT01A/Applications/Project_Main/WiFi_HTTP_Server/Src/stm32l4xx_it.c:114:6:DebugMon_Handler	4	static
C:/Users/Administrator/STM32Cube/Repository/STM32Cube_FW_L4_V1.18.0/Projects/B-L4S5I-IOT01A/Applications/Project_Main/WiFi_HTTP_Server/Src/stm32l4xx_it.c:123:6:PendSV_Handler	4	static
C:/Users/Administrator/STM32Cube/Repository/STM32Cube_FW_L4_V1.18.0/Projects/B-L4S5I-IOT01A/Applications/Project_Main/WiFi_HTTP_Server/Src/stm32l4xx_it.c:132:6:SysTick_Handler	8	static
C:/Users/Administrator/STM32Cube/Repository/STM32Cube_FW_L4_V1.18.0/Projects/B-L4S5I-IOT01A/Applications/Project_Main/WiFi_HTTP_Server/Src/stm32l4xx_it.c:154:6:DMA1_Channel1_IRQHandler	8	static
C:/Users/Administrator/STM32Cube/Repository/STM32Cube_FW_L4_V1.18.0/Projects/B-L4S5I-IOT01A/Applications/Project_Main/WiFi_HTTP_Server/Src/stm32l4xx_it.c:168:6:DMA1_Channel2_IRQHandler	8	static
C:/Users/Administrator/STM32Cube/Repository/STM32Cube_FW_L4_V1.18.0/Projects/B-L4S5I-IOT01A/Applications/Project_Main/WiFi_HTTP_Server/Src/stm32l4xx_it.c:182:6:TIM2_IRQHandler	8	static
C:/Users/Administrator/STM32Cube/Repository/STM32Cube_FW_L4_V1.18.0/Projects/B-L4S5I-IOT01A/Applications/Project_Main/WiFi_HTTP_Server/Src/stm32l4xx_it.c:202:6:EXTI1_IRQHandler	8	static
C:/Users/Administrator/STM32Cube/Repository/STM32Cube_FW_L4_V1.18.0/Projects/B-L4S5I-IOT01A/Applications/Project_Main/WiFi_HTTP_Server/Src/stm32l4xx_it.c:207:6:EXTI15_10_IRQHandler	8	static
