C:/Users/Administrator/STM32Cube/Repository/STM32Cube_FW_L4_V1.18.0/Projects/B-L4S5I-IOT01A/Applications/DFSDM_DAC_Test/Common/Src/es_wifi_io.c:72:6:SPI_WIFI_MspInit	56	static
C:/Users/Administrator/STM32Cube/Repository/STM32Cube_FW_L4_V1.18.0/Projects/B-L4S5I-IOT01A/Applications/DFSDM_DAC_Test/Common/Src/es_wifi_io.c:144:8:SPI_WIFI_Init	24	static
C:/Users/Administrator/STM32Cube/Repository/STM32Cube_FW_L4_V1.18.0/Projects/B-L4S5I-IOT01A/Applications/DFSDM_DAC_Test/Common/Src/es_wifi_io.c:200:8:SPI_WIFI_ResetModule	24	static
C:/Users/Administrator/STM32Cube/Repository/STM32Cube_FW_L4_V1.18.0/Projects/B-L4S5I-IOT01A/Applications/DFSDM_DAC_Test/Common/Src/es_wifi_io.c:237:8:SPI_WIFI_DeInit	8	static
C:/Users/Administrator/STM32Cube/Repository/STM32Cube_FW_L4_V1.18.0/Projects/B-L4S5I-IOT01A/Applications/DFSDM_DAC_Test/Common/Src/es_wifi_io.c:259:12:wait_cmddata_rdy_high	24	static
C:/Users/Administrator/STM32Cube/Repository/STM32Cube_FW_L4_V1.18.0/Projects/B-L4S5I-IOT01A/Applications/DFSDM_DAC_Test/Common/Src/es_wifi_io.c:273:12:wait_cmddata_rdy_rising_event	24	static
C:/Users/Administrator/STM32Cube/Repository/STM32Cube_FW_L4_V1.18.0/Projects/B-L4S5I-IOT01A/Applications/DFSDM_DAC_Test/Common/Src/es_wifi_io.c:291:12:wait_spi_rx_event	24	static
C:/Users/Administrator/STM32Cube/Repository/STM32Cube_FW_L4_V1.18.0/Projects/B-L4S5I-IOT01A/Applications/DFSDM_DAC_Test/Common/Src/es_wifi_io.c:309:12:wait_spi_tx_event	24	static
C:/Users/Administrator/STM32Cube/Repository/STM32Cube_FW_L4_V1.18.0/Projects/B-L4S5I-IOT01A/Applications/DFSDM_DAC_Test/Common/Src/es_wifi_io.c:327:9:SPI_WIFI_ReceiveData	32	static
C:/Users/Administrator/STM32Cube/Repository/STM32Cube_FW_L4_V1.18.0/Projects/B-L4S5I-IOT01A/Applications/DFSDM_DAC_Test/Common/Src/es_wifi_io.c:387:9:SPI_WIFI_SendData	32	static
C:/Users/Administrator/STM32Cube/Repository/STM32Cube_FW_L4_V1.18.0/Projects/B-L4S5I-IOT01A/Applications/DFSDM_DAC_Test/Common/Src/es_wifi_io.c:435:6:SPI_WIFI_Delay	16	static
C:/Users/Administrator/STM32Cube/Repository/STM32Cube_FW_L4_V1.18.0/Projects/B-L4S5I-IOT01A/Applications/DFSDM_DAC_Test/Common/Src/es_wifi_io.c:445:6:SPI_WIFI_DelayUs	32	static
C:/Users/Administrator/STM32Cube/Repository/STM32Cube_FW_L4_V1.18.0/Projects/B-L4S5I-IOT01A/Applications/DFSDM_DAC_Test/Common/Src/es_wifi_io.c:477:6:HAL_SPI_RxCpltCallback	16	static
C:/Users/Administrator/STM32Cube/Repository/STM32Cube_FW_L4_V1.18.0/Projects/B-L4S5I-IOT01A/Applications/DFSDM_DAC_Test/Common/Src/es_wifi_io.c:492:6:HAL_SPI_TxCpltCallback	16	static
C:/Users/Administrator/STM32Cube/Repository/STM32Cube_FW_L4_V1.18.0/Projects/B-L4S5I-IOT01A/Applications/DFSDM_DAC_Test/Common/Src/es_wifi_io.c:507:9:SPI_WIFI_ISR	4	static
